[2019-08-16T10:12:36.602-0300][0.004s] Using Concurrent Mark Sweep
[2019-08-16T10:12:36.602-0300][0.004s] Heap address: 0x00000000e0000000, size: 512 MB, Compressed Oops mode: 32-bit
[2019-08-16T10:12:37.505-0300][0,907s] GC(0) Pause Young (Allocation Failure)
[2019-08-16T10:12:37.505-0300][0,907s] GC(0) Using 4 workers of 4 for evacuation
[2019-08-16T10:12:37.510-0300][0,912s] GC(0) ParNew: 87424K->9550K(109248K)
[2019-08-16T10:12:37.510-0300][0,913s] GC(0) CMS: 0K->0K(393216K)
[2019-08-16T10:12:37.510-0300][0,913s] GC(0) Metaspace: 22279K->22279K(1069056K)
[2019-08-16T10:12:37.511-0300][0,913s] GC(0) Pause Young (Allocation Failure) 85M->9M(490M) 5,979ms
[2019-08-16T10:12:37.511-0300][0,913s] GC(0) User=0,02s Sys=0,00s Real=0,00s
[2019-08-16T10:12:37.511-0300][0,913s] GC(1) Pause Initial Mark
[2019-08-16T10:12:37.512-0300][0,914s] GC(1) Pause Initial Mark 12M->12M(490M) 1,212ms
[2019-08-16T10:12:37.512-0300][0,914s] GC(1) User=0,01s Sys=0,00s Real=0,01s
[2019-08-16T10:12:37.512-0300][0,914s] GC(1) Concurrent Mark
[2019-08-16T10:12:37.513-0300][0,915s] GC(1) Using 4 workers of 4 for marking
[2019-08-16T10:12:37.515-0300][0,917s] GC(1) Concurrent Mark 2,553ms
[2019-08-16T10:12:37.515-0300][0,917s] GC(1) User=0,01s Sys=0,00s Real=0,00s
[2019-08-16T10:12:37.515-0300][0,917s] GC(1) Concurrent Preclean
[2019-08-16T10:12:37.515-0300][0,917s] GC(1) Concurrent Preclean 0,516ms
[2019-08-16T10:12:37.515-0300][0,917s] GC(1) User=0,00s Sys=0,00s Real=0,00s
[2019-08-16T10:12:37.515-0300][0,917s] GC(1) Concurrent Abortable Preclean
[2019-08-16T10:12:38.298-0300][1,700s] GC(2) Pause Young (Allocation Failure)
[2019-08-16T10:12:38.298-0300][1,700s] GC(2) Using 4 workers of 4 for evacuation
[2019-08-16T10:12:38.306-0300][1,708s] GC(2) ParNew: 96974K->14998K(109248K)
[2019-08-16T10:12:38.306-0300][1,708s] GC(2) CMS: 0K->0K(393216K)
[2019-08-16T10:12:38.306-0300][1,708s] GC(2) Metaspace: 29963K->29963K(1077248K)
[2019-08-16T10:12:38.306-0300][1,708s] GC(2) Pause Young (Allocation Failure) 94M->14M(490M) 8,096ms
[2019-08-16T10:12:38.306-0300][1,708s] GC(2) User=0,03s Sys=0,00s Real=0,01s
[2019-08-16T10:12:38.611-0300][2,013s] GC(1) Concurrent Abortable Preclean 1095,808ms
[2019-08-16T10:12:38.611-0300][2,013s] GC(1) User=3,83s Sys=0,11s Real=1,09s
[2019-08-16T10:12:38.611-0300][2,013s] GC(1) Pause Remark
[2019-08-16T10:12:38.611-0300][2,013s] GC(3) Pause Young (CMS Final Remark)
[2019-08-16T10:12:38.611-0300][2,013s] GC(3) Using 4 workers of 4 for evacuation
[2019-08-16T10:12:38.618-0300][2,020s] GC(3) ParNew: 61334K->18704K(109248K)
[2019-08-16T10:12:38.618-0300][2,020s] GC(3) CMS: 0K->0K(393216K)
[2019-08-16T10:12:38.618-0300][2,020s] GC(3) Metaspace: 33592K->33592K(1079296K)
[2019-08-16T10:12:38.618-0300][2,020s] GC(3) Pause Young (CMS Final Remark) 59M->18M(490M) 6,969ms
[2019-08-16T10:12:38.618-0300][2,020s] GC(3) User=0,02s Sys=0,00s Real=0,01s
[2019-08-16T10:12:38.625-0300][2,027s] GC(1) Pause Remark 59M->18M(490M) 13,865ms
[2019-08-16T10:12:38.625-0300][2,027s] GC(1) User=0,04s Sys=0,00s Real=0,02s
[2019-08-16T10:12:38.625-0300][2,027s] GC(1) Concurrent Sweep
[2019-08-16T10:12:38.625-0300][2,027s] GC(1) Concurrent Sweep 0,059ms
[2019-08-16T10:12:38.625-0300][2,027s] GC(1) User=0,00s Sys=0,00s Real=0,00s
[2019-08-16T10:12:38.625-0300][2,027s] GC(1) Concurrent Reset
[2019-08-16T10:12:38.630-0300][2,032s] GC(1) Concurrent Reset 4,386ms
[2019-08-16T10:12:38.630-0300][2,032s] GC(1) User=0,01s Sys=0,00s Real=0,00s
[2019-08-16T10:12:38.630-0300][2,032s] GC(1) Old: 0K->0K(393216K)
[2019-08-16T10:12:38.887-0300][2,289s] GC(4) Pause Young (Allocation Failure)
[2019-08-16T10:12:38.887-0300][2,289s] GC(4) Using 4 workers of 4 for evacuation
[2019-08-16T10:12:38.895-0300][2,297s] GC(4) ParNew: 106073K->17599K(109248K)
[2019-08-16T10:12:38.895-0300][2,297s] GC(4) CMS: 0K->0K(393216K)
[2019-08-16T10:12:38.895-0300][2,297s] GC(4) Metaspace: 36957K->36957K(1083392K)
[2019-08-16T10:12:38.895-0300][2,297s] GC(4) Pause Young (Allocation Failure) 103M->17M(490M) 7,487ms
[2019-08-16T10:12:38.895-0300][2,297s] GC(4) User=0,03s Sys=0,00s Real=0,01s
[2019-08-16T10:12:39.003-0300][2,405s] GC(5) Pause Young (Allocation Failure)
[2019-08-16T10:12:39.003-0300][2,405s] GC(5) Using 4 workers of 4 for evacuation
[2019-08-16T10:12:39.012-0300][2,414s] GC(5) ParNew: 105011K->21824K(109248K)
[2019-08-16T10:12:39.012-0300][2,414s] GC(5) CMS: 0K->12K(393216K)
[2019-08-16T10:12:39.012-0300][2,414s] GC(5) Metaspace: 37621K->37621K(1083392K)
[2019-08-16T10:12:39.012-0300][2,414s] GC(5) Pause Young (Allocation Failure) 102M->21M(490M) 8,733ms
[2019-08-16T10:12:39.012-0300][2,414s] GC(5) User=0,05s Sys=0,00s Real=0,01s
[2019-08-16T10:12:39.060-0300][2,462s] GC(6) Pause Young (Allocation Failure)
[2019-08-16T10:12:39.060-0300][2,462s] GC(6) Using 4 workers of 4 for evacuation
[2019-08-16T10:12:39.069-0300][2,471s] GC(6) ParNew: 109241K->21824K(109248K)
[2019-08-16T10:12:39.069-0300][2,471s] GC(6) CMS: 12K->12K(393216K)
[2019-08-16T10:12:39.069-0300][2,471s] GC(6) Metaspace: 37865K->37865K(1083392K)
[2019-08-16T10:12:39.069-0300][2,471s] GC(6) Pause Young (Allocation Failure) 106M->21M(490M) 9,189ms
[2019-08-16T10:12:39.069-0300][2,471s] GC(6) User=0,04s Sys=0,00s Real=0,00s
[2019-08-16T10:12:39.119-0300][2,521s] GC(7) Pause Young (Allocation Failure)
[2019-08-16T10:12:39.119-0300][2,521s] GC(7) Using 4 workers of 4 for evacuation
[2019-08-16T10:12:39.129-0300][2,531s] GC(7) ParNew: 109248K->21824K(109248K)
[2019-08-16T10:12:39.129-0300][2,531s] GC(7) CMS: 12K->730K(393216K)
[2019-08-16T10:12:39.129-0300][2,531s] GC(7) Metaspace: 37942K->37942K(1083392K)
[2019-08-16T10:12:39.129-0300][2,531s] GC(7) Pause Young (Allocation Failure) 106M->22M(490M) 9,697ms
[2019-08-16T10:12:39.129-0300][2,531s] GC(7) User=0,06s Sys=0,00s Real=0,01s
[2019-08-16T10:12:39.179-0300][2,581s] GC(8) Pause Young (Allocation Failure)
[2019-08-16T10:12:39.179-0300][2,581s] GC(8) Using 4 workers of 4 for evacuation
[2019-08-16T10:12:39.189-0300][2,591s] GC(8) ParNew: 109248K->21824K(109248K)
[2019-08-16T10:12:39.189-0300][2,591s] GC(8) CMS: 730K->1056K(393216K)
[2019-08-16T10:12:39.189-0300][2,591s] GC(8) Metaspace: 38127K->38127K(1083392K)
[2019-08-16T10:12:39.189-0300][2,591s] GC(8) Pause Young (Allocation Failure) 107M->22M(490M) 9,920ms
[2019-08-16T10:12:39.189-0300][2,591s] GC(8) User=0,04s Sys=0,00s Real=0,01s
[2019-08-16T10:12:39.318-0300][2,720s] GC(9) Pause Young (Allocation Failure)
[2019-08-16T10:12:39.319-0300][2,721s] GC(9) Using 4 workers of 4 for evacuation
[2019-08-16T10:12:39.349-0300][2,751s] GC(9) ParNew: 109248K->21824K(109248K)
[2019-08-16T10:12:39.349-0300][2,751s] GC(9) CMS: 1056K->10694K(393216K)
[2019-08-16T10:12:39.349-0300][2,751s] GC(9) Metaspace: 39139K->39139K(1085440K)
[2019-08-16T10:12:39.349-0300][2,751s] GC(9) Pause Young (Allocation Failure) 107M->31M(490M) 30,266ms
[2019-08-16T10:12:39.349-0300][2,751s] GC(9) User=0,07s Sys=0,00s Real=0,03s
[2019-08-16T10:12:39.843-0300][3,245s] GC(10) Pause Young (Allocation Failure)
[2019-08-16T10:12:39.843-0300][3,245s] GC(10) Using 4 workers of 4 for evacuation
[2019-08-16T10:12:39.860-0300][3,262s] GC(10) ParNew: 109248K->14266K(109248K)
[2019-08-16T10:12:39.860-0300][3,262s] GC(10) CMS: 10694K->13499K(393216K)
[2019-08-16T10:12:39.860-0300][3,262s] GC(10) Metaspace: 40320K->40320K(1085440K)
[2019-08-16T10:12:39.860-0300][3,262s] GC(10) Pause Young (Allocation Failure) 117M->27M(490M) 16,296ms
[2019-08-16T10:12:39.860-0300][3,262s] GC(10) User=0,06s Sys=0,00s Real=0,02s
[2019-08-16T10:12:40.405-0300][3,807s] GC(11) Pause Young (Allocation Failure)
[2019-08-16T10:12:40.405-0300][3,807s] GC(11) Using 4 workers of 4 for evacuation
[2019-08-16T10:12:40.431-0300][3,833s] GC(11) ParNew: 101690K->11308K(109248K)
[2019-08-16T10:12:40.431-0300][3,833s] GC(11) CMS: 13499K->15140K(393216K)
[2019-08-16T10:12:40.431-0300][3,833s] GC(11) Metaspace: 43511K->43511K(1089536K)
[2019-08-16T10:12:40.431-0300][3,834s] GC(11) Pause Young (Allocation Failure) 112M->25M(490M) 26,731ms
[2019-08-16T10:12:40.432-0300][3,834s] GC(11) User=0,06s Sys=0,00s Real=0,03s
[2019-08-16T10:12:40.903-0300][4,305s] GC(12) Pause Young (Allocation Failure)
[2019-08-16T10:12:40.903-0300][4,305s] GC(12) Using 4 workers of 4 for evacuation
[2019-08-16T10:12:40.934-0300][4,336s] GC(12) ParNew: 98732K->21824K(109248K)
[2019-08-16T10:12:40.934-0300][4,336s] GC(12) CMS: 15140K->28753K(393216K)
[2019-08-16T10:12:40.934-0300][4,336s] GC(12) Metaspace: 46940K->46940K(1091584K)
[2019-08-16T10:12:40.934-0300][4,336s] GC(12) Pause Young (Allocation Failure) 111M->49M(490M) 31,597ms
[2019-08-16T10:12:40.934-0300][4,336s] GC(12) User=0,12s Sys=0,01s Real=0,03s
[2019-08-16T10:12:41.224-0300][4,626s] GC(13) Pause Young (Allocation Failure)
[2019-08-16T10:12:41.224-0300][4,626s] GC(13) Using 4 workers of 4 for evacuation
[2019-08-16T10:12:41.245-0300][4,647s] GC(13) ParNew: 109248K->21824K(109248K)
[2019-08-16T10:12:41.245-0300][4,647s] GC(13) CMS: 28753K->33780K(393216K)
[2019-08-16T10:12:41.245-0300][4,647s] GC(13) Metaspace: 47865K->47865K(1093632K)
[2019-08-16T10:12:41.245-0300][4,647s] GC(13) Pause Young (Allocation Failure) 134M->54M(490M) 20,897ms
[2019-08-16T10:12:41.245-0300][4,647s] GC(13) User=0,07s Sys=0,00s Real=0,02s
[2019-08-16T10:12:41.320-0300][4,722s] GC(14) Pause Young (Allocation Failure)
[2019-08-16T10:12:41.320-0300][4,722s] GC(14) Using 4 workers of 4 for evacuation
[2019-08-16T10:12:41.351-0300][4,753s] GC(14) ParNew: 109248K->21824K(109248K)
[2019-08-16T10:12:41.351-0300][4,753s] GC(14) CMS: 33780K->39558K(393216K)
[2019-08-16T10:12:41.351-0300][4,753s] GC(14) Metaspace: 47903K->47903K(1093632K)
[2019-08-16T10:12:41.351-0300][4,753s] GC(14) Pause Young (Allocation Failure) 139M->59M(490M) 31,099ms
[2019-08-16T10:12:41.351-0300][4,753s] GC(14) User=0,10s Sys=0,00s Real=0,03s
[2019-08-16T10:12:41.432-0300][4,834s] GC(15) Pause Young (Allocation Failure)
[2019-08-16T10:12:41.432-0300][4,834s] GC(15) Using 4 workers of 4 for evacuation
[2019-08-16T10:12:41.450-0300][4,852s] GC(15) ParNew: 109248K->21824K(109248K)
[2019-08-16T10:12:41.450-0300][4,852s] GC(15) CMS: 39558K->41356K(393216K)
[2019-08-16T10:12:41.450-0300][4,852s] GC(15) Metaspace: 47964K->47964K(1093632K)
[2019-08-16T10:12:41.450-0300][4,852s] GC(15) Pause Young (Allocation Failure) 145M->61M(490M) 17,367ms
[2019-08-16T10:12:41.450-0300][4,852s] GC(15) User=0,08s Sys=0,00s Real=0,01s
[2019-08-16T10:12:41.518-0300][4,920s] GC(16) Pause Young (Allocation Failure)
[2019-08-16T10:12:41.518-0300][4,920s] GC(16) Using 4 workers of 4 for evacuation
[2019-08-16T10:12:41.562-0300][4,964s] GC(16) ParNew: 109248K->21824K(109248K)
[2019-08-16T10:12:41.562-0300][4,964s] GC(16) CMS: 41356K->55830K(393216K)
[2019-08-16T10:12:41.562-0300][4,964s] GC(16) Metaspace: 48028K->48028K(1093632K)
[2019-08-16T10:12:41.562-0300][4,964s] GC(16) Pause Young (Allocation Failure) 147M->75M(490M) 44,168ms
[2019-08-16T10:12:41.562-0300][4,964s] GC(16) User=0,20s Sys=0,00s Real=0,05s
[2019-08-16T10:12:41.766-0300][5,168s] GC(17) Pause Young (Allocation Failure)
[2019-08-16T10:12:41.766-0300][5,168s] GC(17) Using 4 workers of 4 for evacuation
[2019-08-16T10:12:41.796-0300][5,198s] GC(17) ParNew: 109248K->21824K(109248K)
[2019-08-16T10:12:41.796-0300][5,198s] GC(17) CMS: 55830K->63391K(393216K)
[2019-08-16T10:12:41.796-0300][5,198s] GC(17) Metaspace: 48154K->48154K(1093632K)
[2019-08-16T10:12:41.796-0300][5,198s] GC(17) Pause Young (Allocation Failure) 161M->83M(490M) 30,102ms
[2019-08-16T10:12:41.796-0300][5,198s] GC(17) User=0,09s Sys=0,01s Real=0,03s
[2019-08-16T10:19:36.171-0300][419,573s] Heap
[2019-08-16T10:19:36.171-0300][419,573s]  par new generation   total 109248K, used 82238K [0x00000000e0000000, 0x00000000e8000000, 0x00000000e8000000)
[2019-08-16T10:19:36.171-0300][419,573s]   eden space 87424K,  69% used [0x00000000e0000000, 0x00000000e3aff9e8, 0x00000000e5560000)
[2019-08-16T10:19:36.171-0300][419,573s]   from space 21824K, 100% used [0x00000000e6ab0000, 0x00000000e8000000, 0x00000000e8000000)
[2019-08-16T10:19:36.171-0300][419,573s]   to   space 21824K,   0% used [0x00000000e5560000, 0x00000000e5560000, 0x00000000e6ab0000)
[2019-08-16T10:19:36.171-0300][419,573s]  concurrent mark-sweep generation total 393216K, used 63391K [0x00000000e8000000, 0x0000000100000000, 0x0000000100000000)
[2019-08-16T10:19:36.171-0300][419,573s]  Metaspace       used 52047K, capacity 53467K, committed 53684K, reserved 1095680K
[2019-08-16T10:19:36.171-0300][419,573s]   class space    used 6008K, capacity 6563K, committed 6624K, reserved 1048576K
