[2019-08-15T22:58:05.152-0300][0.032s] Using Concurrent Mark Sweep
[2019-08-15T22:58:05.152-0300][0.032s] Heap address: 0x00000000e0000000, size: 512 MB, Compressed Oops mode: 32-bit
[2019-08-15T22:58:10.391-0300][5,271s] GC(0) Pause Young (Allocation Failure)
[2019-08-15T22:58:10.444-0300][5,324s] GC(0) Using 4 workers of 4 for evacuation
[2019-08-15T22:58:10.469-0300][5,348s] GC(0) ParNew: 87424K->9549K(109248K)
[2019-08-15T22:58:10.469-0300][5,348s] GC(0) CMS: 0K->0K(393216K)
[2019-08-15T22:58:10.469-0300][5,348s] GC(0) Metaspace: 22363K->22363K(1069056K)
[2019-08-15T22:58:10.469-0300][5,349s] GC(0) Pause Young (Allocation Failure) 85M->9M(490M) 77,851ms
[2019-08-15T22:58:10.469-0300][5,349s] GC(0) User=0,03s Sys=0,00s Real=0,08s
[2019-08-15T22:58:10.490-0300][5,369s] GC(1) Pause Initial Mark
[2019-08-15T22:58:10.492-0300][5,371s] GC(1) Pause Initial Mark 12M->12M(490M) 2,004ms
[2019-08-15T22:58:10.492-0300][5,371s] GC(1) User=0,01s Sys=0,00s Real=0,00s
[2019-08-15T22:58:10.492-0300][5,372s] GC(1) Concurrent Mark
[2019-08-15T22:58:10.518-0300][5,398s] GC(1) Using 4 workers of 4 for marking
[2019-08-15T22:58:10.545-0300][5,425s] GC(1) Concurrent Mark 53,351ms
[2019-08-15T22:58:10.545-0300][5,425s] GC(1) User=0,01s Sys=0,00s Real=0,06s
[2019-08-15T22:58:10.545-0300][5,425s] GC(1) Concurrent Preclean
[2019-08-15T22:58:10.546-0300][5,426s] GC(1) Concurrent Preclean 0,985ms
[2019-08-15T22:58:10.546-0300][5,426s] GC(1) User=0,00s Sys=0,00s Real=0,00s
[2019-08-15T22:58:10.547-0300][5,426s] GC(1) Concurrent Abortable Preclean
[2019-08-15T22:58:13.314-0300][8,194s] GC(2) Pause Young (Allocation Failure)
[2019-08-15T22:58:13.314-0300][8,194s] GC(2) Using 4 workers of 4 for evacuation
[2019-08-15T22:58:13.328-0300][8,208s] GC(2) ParNew: 96973K->14661K(109248K)
[2019-08-15T22:58:13.328-0300][8,208s] GC(2) CMS: 0K->0K(393216K)
[2019-08-15T22:58:13.328-0300][8,208s] GC(2) Metaspace: 29261K->29261K(1077248K)
[2019-08-15T22:58:13.328-0300][8,208s] GC(2) Pause Young (Allocation Failure) 94M->14M(490M) 14,322ms
[2019-08-15T22:58:13.328-0300][8,208s] GC(2) User=0,04s Sys=0,01s Real=0,01s
[2019-08-15T22:58:14.847-0300][9,726s] GC(1) Concurrent Abortable Preclean 4300,249ms
[2019-08-15T22:58:14.847-0300][9,727s] GC(1) User=5,55s Sys=0,14s Real=4,30s
[2019-08-15T22:58:14.847-0300][9,727s] GC(1) Pause Remark
[2019-08-15T22:58:14.847-0300][9,727s] GC(3) Pause Young (CMS Final Remark)
[2019-08-15T22:58:14.847-0300][9,727s] GC(3) Using 4 workers of 4 for evacuation
[2019-08-15T22:58:14.862-0300][9,742s] GC(3) ParNew: 60337K->16554K(109248K)
[2019-08-15T22:58:14.862-0300][9,742s] GC(3) CMS: 0K->0K(393216K)
[2019-08-15T22:58:14.862-0300][9,742s] GC(3) Metaspace: 33083K->33083K(1079296K)
[2019-08-15T22:58:14.862-0300][9,742s] GC(3) Pause Young (CMS Final Remark) 58M->16M(490M) 15,137ms
[2019-08-15T22:58:14.862-0300][9,742s] GC(3) User=0,03s Sys=0,00s Real=0,02s
[2019-08-15T22:58:14.875-0300][9,755s] GC(1) Pause Remark 58M->16M(490M) 27,886ms
[2019-08-15T22:58:14.875-0300][9,755s] GC(1) User=0,06s Sys=0,00s Real=0,03s
[2019-08-15T22:58:14.875-0300][9,755s] GC(1) Concurrent Sweep
[2019-08-15T22:58:14.875-0300][9,755s] GC(1) Concurrent Sweep 0,033ms
[2019-08-15T22:58:14.875-0300][9,755s] GC(1) User=0,00s Sys=0,00s Real=0,00s
[2019-08-15T22:58:14.875-0300][9,755s] GC(1) Concurrent Reset
[2019-08-15T22:58:14.881-0300][9,761s] GC(1) Concurrent Reset 6,143ms
[2019-08-15T22:58:14.881-0300][9,761s] GC(1) User=0,00s Sys=0,01s Real=0,01s
[2019-08-15T22:58:14.881-0300][9,761s] GC(1) Old: 0K->0K(393216K)
[2019-08-15T22:58:15.819-0300][10,698s] GC(4) Pause Young (Allocation Failure)
[2019-08-15T22:58:15.819-0300][10,698s] GC(4) Using 4 workers of 4 for evacuation
[2019-08-15T22:58:15.855-0300][10,734s] GC(4) ParNew: 103978K->19403K(109248K)
[2019-08-15T22:58:15.855-0300][10,734s] GC(4) CMS: 0K->0K(393216K)
[2019-08-15T22:58:15.855-0300][10,734s] GC(4) Metaspace: 36947K->36947K(1083392K)
[2019-08-15T22:58:15.855-0300][10,734s] GC(4) Pause Young (Allocation Failure) 101M->18M(490M) 36,294ms
[2019-08-15T22:58:15.855-0300][10,735s] GC(4) User=0,06s Sys=0,01s Real=0,04s
[2019-08-15T22:58:16.187-0300][11,067s] GC(5) Pause Young (Allocation Failure)
[2019-08-15T22:58:16.187-0300][11,067s] GC(5) Using 4 workers of 4 for evacuation
[2019-08-15T22:58:16.207-0300][11,087s] GC(5) ParNew: 106806K->21824K(109248K)
[2019-08-15T22:58:16.207-0300][11,087s] GC(5) CMS: 0K->0K(393216K)
[2019-08-15T22:58:16.207-0300][11,087s] GC(5) Metaspace: 37709K->37709K(1083392K)
[2019-08-15T22:58:16.207-0300][11,087s] GC(5) Pause Young (Allocation Failure) 104M->21M(490M) 20,011ms
[2019-08-15T22:58:16.207-0300][11,087s] GC(5) User=0,05s Sys=0,00s Real=0,02s
[2019-08-15T22:58:16.295-0300][11,174s] GC(6) Pause Young (Allocation Failure)
[2019-08-15T22:58:16.295-0300][11,175s] GC(6) Using 4 workers of 4 for evacuation
[2019-08-15T22:58:16.308-0300][11,188s] GC(6) ParNew: 109248K->21824K(109248K)
[2019-08-15T22:58:16.308-0300][11,188s] GC(6) CMS: 0K->0K(393216K)
[2019-08-15T22:58:16.308-0300][11,188s] GC(6) Metaspace: 37929K->37929K(1083392K)
[2019-08-15T22:58:16.308-0300][11,188s] GC(6) Pause Young (Allocation Failure) 106M->21M(490M) 13,721ms
[2019-08-15T22:58:16.308-0300][11,188s] GC(6) User=0,06s Sys=0,00s Real=0,01s
[2019-08-15T22:58:16.392-0300][11,272s] GC(7) Pause Young (Allocation Failure)
[2019-08-15T22:58:16.392-0300][11,272s] GC(7) Using 4 workers of 4 for evacuation
[2019-08-15T22:58:16.421-0300][11,301s] GC(7) ParNew: 109248K->21824K(109248K)
[2019-08-15T22:58:16.421-0300][11,301s] GC(7) CMS: 0K->464K(393216K)
[2019-08-15T22:58:16.421-0300][11,301s] GC(7) Metaspace: 37992K->37992K(1083392K)
[2019-08-15T22:58:16.421-0300][11,301s] GC(7) Pause Young (Allocation Failure) 106M->21M(490M) 29,318ms
[2019-08-15T22:58:16.421-0300][11,301s] GC(7) User=0,05s Sys=0,00s Real=0,03s
[2019-08-15T22:58:16.608-0300][11,487s] GC(8) Pause Young (Allocation Failure)
[2019-08-15T22:58:16.608-0300][11,487s] GC(8) Using 4 workers of 4 for evacuation
[2019-08-15T22:58:16.656-0300][11,536s] GC(8) ParNew: 109248K->21824K(109248K)
[2019-08-15T22:58:16.656-0300][11,536s] GC(8) CMS: 464K->1091K(393216K)
[2019-08-15T22:58:16.656-0300][11,536s] GC(8) Metaspace: 38193K->38193K(1083392K)
[2019-08-15T22:58:16.656-0300][11,536s] GC(8) Pause Young (Allocation Failure) 107M->22M(490M) 48,610ms
[2019-08-15T22:58:16.656-0300][11,536s] GC(8) User=0,06s Sys=0,00s Real=0,05s
[2019-08-15T22:58:17.077-0300][11,957s] GC(9) Pause Young (Allocation Failure)
[2019-08-15T22:58:17.077-0300][11,957s] GC(9) Using 4 workers of 4 for evacuation
[2019-08-15T22:58:17.117-0300][11,997s] GC(9) ParNew: 109248K->18396K(109248K)
[2019-08-15T22:58:17.117-0300][11,997s] GC(9) CMS: 1091K->10298K(393216K)
[2019-08-15T22:58:17.117-0300][11,997s] GC(9) Metaspace: 39134K->39134K(1085440K)
[2019-08-15T22:58:17.117-0300][11,997s] GC(9) Pause Young (Allocation Failure) 107M->28M(490M) 39,939ms
[2019-08-15T22:58:17.117-0300][11,997s] GC(9) User=0,07s Sys=0,00s Real=0,04s
[2019-08-15T22:58:18.301-0300][13,181s] GC(10) Pause Young (Allocation Failure)
[2019-08-15T22:58:18.301-0300][13,181s] GC(10) Using 4 workers of 4 for evacuation
[2019-08-15T22:58:18.347-0300][13,227s] GC(10) ParNew: 105820K->17194K(109248K)
[2019-08-15T22:58:18.347-0300][13,227s] GC(10) CMS: 10298K->12240K(393216K)
[2019-08-15T22:58:18.347-0300][13,227s] GC(10) Metaspace: 40149K->40149K(1085440K)
[2019-08-15T22:58:18.347-0300][13,227s] GC(10) Pause Young (Allocation Failure) 113M->28M(490M) 46,462ms
[2019-08-15T22:58:18.347-0300][13,227s] GC(10) User=0,06s Sys=0,00s Real=0,04s
[2019-08-15T22:58:19.494-0300][14,373s] GC(11) Pause Young (Allocation Failure)
[2019-08-15T22:58:19.494-0300][14,373s] GC(11) Using 4 workers of 4 for evacuation
[2019-08-15T22:58:19.520-0300][14,399s] GC(11) ParNew: 104618K->14952K(109248K)
[2019-08-15T22:58:19.520-0300][14,399s] GC(11) CMS: 12240K->14057K(393216K)
[2019-08-15T22:58:19.520-0300][14,399s] GC(11) Metaspace: 43552K->43552K(1089536K)
[2019-08-15T22:58:19.520-0300][14,399s] GC(11) Pause Young (Allocation Failure) 114M->28M(490M) 26,254ms
[2019-08-15T22:58:19.520-0300][14,399s] GC(11) User=0,07s Sys=0,00s Real=0,02s
[2019-08-15T22:58:20.320-0300][15,200s] GC(12) Pause Young (Allocation Failure)
[2019-08-15T22:58:20.320-0300][15,200s] GC(12) Using 4 workers of 4 for evacuation
[2019-08-15T22:58:20.419-0300][15,299s] GC(12) ParNew: 102376K->21824K(109248K)
[2019-08-15T22:58:20.419-0300][15,299s] GC(12) CMS: 14057K->29093K(393216K)
[2019-08-15T22:58:20.419-0300][15,299s] GC(12) Metaspace: 46966K->46966K(1091584K)
[2019-08-15T22:58:20.419-0300][15,299s] GC(12) Pause Young (Allocation Failure) 113M->49M(490M) 99,026ms
[2019-08-15T22:58:20.419-0300][15,299s] GC(12) User=0,23s Sys=0,01s Real=0,09s
[2019-08-15T22:58:20.920-0300][15,800s] GC(13) Pause Young (Allocation Failure)
[2019-08-15T22:58:20.920-0300][15,800s] GC(13) Using 4 workers of 4 for evacuation
[2019-08-15T22:58:20.969-0300][15,848s] GC(13) ParNew: 109248K->21824K(109248K)
[2019-08-15T22:58:20.969-0300][15,848s] GC(13) CMS: 29093K->34356K(393216K)
[2019-08-15T22:58:20.969-0300][15,848s] GC(13) Metaspace: 47898K->47898K(1093632K)
[2019-08-15T22:58:20.969-0300][15,848s] GC(13) Pause Young (Allocation Failure) 135M->54M(490M) 48,807ms
[2019-08-15T22:58:20.969-0300][15,848s] GC(13) User=0,10s Sys=0,01s Real=0,05s
[2019-08-15T22:58:21.046-0300][15,925s] GC(14) Pause Young (Allocation Failure)
[2019-08-15T22:58:21.046-0300][15,925s] GC(14) Using 4 workers of 4 for evacuation
[2019-08-15T22:58:21.093-0300][15,973s] GC(14) ParNew: 109248K->21824K(109248K)
[2019-08-15T22:58:21.093-0300][15,973s] GC(14) CMS: 34356K->41152K(393216K)
[2019-08-15T22:58:21.093-0300][15,973s] GC(14) Metaspace: 47933K->47933K(1093632K)
[2019-08-15T22:58:21.093-0300][15,973s] GC(14) Pause Young (Allocation Failure) 140M->61M(490M) 47,362ms
[2019-08-15T22:58:21.093-0300][15,973s] GC(14) User=0,11s Sys=0,00s Real=0,05s
[2019-08-15T22:58:21.166-0300][16,045s] GC(15) Pause Young (Allocation Failure)
[2019-08-15T22:58:21.166-0300][16,046s] GC(15) Using 4 workers of 4 for evacuation
[2019-08-15T22:58:21.195-0300][16,074s] GC(15) ParNew: 109248K->21824K(109248K)
[2019-08-15T22:58:21.195-0300][16,074s] GC(15) CMS: 41152K->41628K(393216K)
[2019-08-15T22:58:21.195-0300][16,074s] GC(15) Metaspace: 47960K->47960K(1093632K)
[2019-08-15T22:58:21.195-0300][16,074s] GC(15) Pause Young (Allocation Failure) 146M->61M(490M) 28,931ms
[2019-08-15T22:58:21.195-0300][16,074s] GC(15) User=0,08s Sys=0,00s Real=0,03s
[2019-08-15T22:58:21.275-0300][16,155s] GC(16) Pause Young (Allocation Failure)
[2019-08-15T22:58:21.275-0300][16,155s] GC(16) Using 4 workers of 4 for evacuation
[2019-08-15T22:58:21.305-0300][16,185s] GC(16) ParNew: 109248K->21824K(109248K)
[2019-08-15T22:58:21.305-0300][16,185s] GC(16) CMS: 41628K->42920K(393216K)
[2019-08-15T22:58:21.305-0300][16,185s] GC(16) Metaspace: 48039K->48039K(1093632K)
[2019-08-15T22:58:21.305-0300][16,185s] GC(16) Pause Young (Allocation Failure) 147M->63M(490M) 29,637ms
[2019-08-15T22:58:21.305-0300][16,185s] GC(16) User=0,11s Sys=0,01s Real=0,03s
[2019-08-15T22:58:21.568-0300][16,448s] GC(17) Pause Young (Allocation Failure)
[2019-08-15T22:58:21.568-0300][16,448s] GC(17) Using 4 workers of 4 for evacuation
[2019-08-15T22:58:21.691-0300][16,571s] GC(17) ParNew: 109248K->21824K(109248K)
[2019-08-15T22:58:21.691-0300][16,571s] GC(17) CMS: 42920K->67499K(393216K)
[2019-08-15T22:58:21.691-0300][16,571s] GC(17) Metaspace: 48164K->48164K(1093632K)
[2019-08-15T22:58:21.691-0300][16,571s] GC(17) Pause Young (Allocation Failure) 148M->87M(490M) 123,452ms
[2019-08-15T22:58:21.691-0300][16,571s] GC(17) User=0,37s Sys=0,01s Real=0,12s
