[2019-08-16T09:32:47.377-0300][0.005s] Using Concurrent Mark Sweep
[2019-08-16T09:32:47.377-0300][0.005s] Heap address: 0x00000000e0000000, size: 512 MB, Compressed Oops mode: 32-bit
[2019-08-16T09:32:48.578-0300][1,206s] GC(0) Pause Young (Allocation Failure)
[2019-08-16T09:32:48.578-0300][1,207s] GC(0) Using 4 workers of 4 for evacuation
[2019-08-16T09:32:48.584-0300][1,212s] GC(0) ParNew: 87424K->9550K(109248K)
[2019-08-16T09:32:48.584-0300][1,212s] GC(0) CMS: 0K->0K(393216K)
[2019-08-16T09:32:48.584-0300][1,212s] GC(0) Metaspace: 22324K->22324K(1069056K)
[2019-08-16T09:32:48.584-0300][1,212s] GC(0) Pause Young (Allocation Failure) 85M->9M(490M) 6,362ms
[2019-08-16T09:32:48.584-0300][1,212s] GC(0) User=0,02s Sys=0,00s Real=0,01s
[2019-08-16T09:32:48.585-0300][1,213s] GC(1) Pause Initial Mark
[2019-08-16T09:32:48.586-0300][1,214s] GC(1) Pause Initial Mark 10M->10M(490M) 1,191ms
[2019-08-16T09:32:48.586-0300][1,214s] GC(1) User=0,01s Sys=0,00s Real=0,00s
[2019-08-16T09:32:48.586-0300][1,214s] GC(1) Concurrent Mark
[2019-08-16T09:32:48.586-0300][1,214s] GC(1) Using 4 workers of 4 for marking
[2019-08-16T09:32:48.587-0300][1,215s] GC(1) Concurrent Mark 0,841ms
[2019-08-16T09:32:48.587-0300][1,215s] GC(1) User=0,00s Sys=0,00s Real=0,00s
[2019-08-16T09:32:48.587-0300][1,215s] GC(1) Concurrent Preclean
[2019-08-16T09:32:48.587-0300][1,215s] GC(1) Concurrent Preclean 0,625ms
[2019-08-16T09:32:48.587-0300][1,215s] GC(1) User=0,00s Sys=0,00s Real=0,00s
[2019-08-16T09:32:48.588-0300][1,216s] GC(1) Pause Remark
[2019-08-16T09:32:48.588-0300][1,216s] GC(2) Pause Young (CMS Final Remark)
[2019-08-16T09:32:48.588-0300][1,216s] GC(2) Using 4 workers of 4 for evacuation
[2019-08-16T09:32:48.592-0300][1,220s] GC(2) ParNew: 11219K->11735K(109248K)
[2019-08-16T09:32:48.592-0300][1,220s] GC(2) CMS: 0K->0K(393216K)
[2019-08-16T09:32:48.592-0300][1,220s] GC(2) Metaspace: 22341K->22341K(1069056K)
[2019-08-16T09:32:48.592-0300][1,220s] GC(2) Pause Young (CMS Final Remark) 10M->11M(490M) 4,511ms
[2019-08-16T09:32:48.592-0300][1,220s] GC(2) User=0,02s Sys=0,00s Real=0,01s
[2019-08-16T09:32:48.598-0300][1,226s] GC(1) Pause Remark 10M->11M(490M) 10,071ms
[2019-08-16T09:32:48.598-0300][1,226s] GC(1) User=0,03s Sys=0,00s Real=0,01s
[2019-08-16T09:32:48.598-0300][1,226s] GC(1) Concurrent Sweep
[2019-08-16T09:32:48.598-0300][1,226s] GC(1) Concurrent Sweep 0,029ms
[2019-08-16T09:32:48.598-0300][1,226s] GC(1) User=0,00s Sys=0,00s Real=0,00s
[2019-08-16T09:32:48.598-0300][1,226s] GC(1) Concurrent Reset
[2019-08-16T09:32:48.607-0300][1,235s] GC(1) Concurrent Reset 9,010ms
[2019-08-16T09:32:48.607-0300][1,235s] GC(1) User=0,01s Sys=0,00s Real=0,01s
[2019-08-16T09:32:48.607-0300][1,235s] GC(1) Old: 0K->0K(393216K)
[2019-08-16T09:32:49.340-0300][1,968s] GC(3) Pause Young (Allocation Failure)
[2019-08-16T09:32:49.340-0300][1,968s] GC(3) Using 4 workers of 4 for evacuation
[2019-08-16T09:32:49.347-0300][1,975s] GC(3) ParNew: 99159K->18203K(109248K)
[2019-08-16T09:32:49.347-0300][1,975s] GC(3) CMS: 0K->0K(393216K)
[2019-08-16T09:32:49.347-0300][1,975s] GC(3) Metaspace: 30367K->30367K(1077248K)
[2019-08-16T09:32:49.347-0300][1,975s] GC(3) Pause Young (Allocation Failure) 96M->17M(490M) 6,659ms
[2019-08-16T09:32:49.347-0300][1,975s] GC(3) User=0,02s Sys=0,00s Real=0,00s
[2019-08-16T09:32:49.941-0300][2,569s] GC(4) Pause Young (Allocation Failure)
[2019-08-16T09:32:49.941-0300][2,569s] GC(4) Using 4 workers of 4 for evacuation
[2019-08-16T09:32:49.951-0300][2,579s] GC(4) ParNew: 105627K->18685K(109248K)
[2019-08-16T09:32:49.951-0300][2,579s] GC(4) CMS: 0K->0K(393216K)
[2019-08-16T09:32:49.951-0300][2,579s] GC(4) Metaspace: 36464K->36464K(1083392K)
[2019-08-16T09:32:49.951-0300][2,579s] GC(4) Pause Young (Allocation Failure) 103M->18M(490M) 9,445ms
[2019-08-16T09:32:49.951-0300][2,579s] GC(4) User=0,04s Sys=0,00s Real=0,00s
[2019-08-16T09:32:50.103-0300][2,731s] GC(5) Pause Young (Allocation Failure)
[2019-08-16T09:32:50.103-0300][2,731s] GC(5) Using 4 workers of 4 for evacuation
[2019-08-16T09:32:50.111-0300][2,739s] GC(5) ParNew: 106109K->19594K(109248K)
[2019-08-16T09:32:50.111-0300][2,739s] GC(5) CMS: 0K->0K(393216K)
[2019-08-16T09:32:50.111-0300][2,739s] GC(5) Metaspace: 37054K->37054K(1083392K)
[2019-08-16T09:32:50.111-0300][2,739s] GC(5) Pause Young (Allocation Failure) 103M->19M(490M) 7,493ms
[2019-08-16T09:32:50.111-0300][2,739s] GC(5) User=0,03s Sys=0,00s Real=0,00s
[2019-08-16T09:32:50.278-0300][2,906s] GC(6) Pause Young (Allocation Failure)
[2019-08-16T09:32:50.278-0300][2,906s] GC(6) Using 4 workers of 4 for evacuation
[2019-08-16T09:32:50.287-0300][2,915s] GC(6) ParNew: 107018K->21824K(109248K)
[2019-08-16T09:32:50.287-0300][2,915s] GC(6) CMS: 0K->0K(393216K)
[2019-08-16T09:32:50.287-0300][2,915s] GC(6) Metaspace: 37861K->37861K(1083392K)
[2019-08-16T09:32:50.287-0300][2,915s] GC(6) Pause Young (Allocation Failure) 104M->21M(490M) 9,628ms
[2019-08-16T09:32:50.287-0300][2,915s] GC(6) User=0,05s Sys=0,00s Real=0,01s
[2019-08-16T09:32:50.288-0300][2,916s] GC(7) Pause Initial Mark
[2019-08-16T09:32:50.291-0300][2,919s] GC(7) Pause Initial Mark 22M->22M(490M) 2,764ms
[2019-08-16T09:32:50.291-0300][2,919s] GC(7) User=0,01s Sys=0,00s Real=0,00s
[2019-08-16T09:32:50.291-0300][2,919s] GC(7) Concurrent Mark
[2019-08-16T09:32:50.291-0300][2,919s] GC(7) Using 4 workers of 4 for marking
[2019-08-16T09:32:50.291-0300][2,919s] GC(7) Concurrent Mark 0,669ms
[2019-08-16T09:32:50.291-0300][2,919s] GC(7) User=0,00s Sys=0,00s Real=0,00s
[2019-08-16T09:32:50.291-0300][2,919s] GC(7) Concurrent Preclean
[2019-08-16T09:32:50.292-0300][2,920s] GC(7) Concurrent Preclean 0,949ms
[2019-08-16T09:32:50.292-0300][2,920s] GC(7) User=0,01s Sys=0,00s Real=0,01s
[2019-08-16T09:32:50.292-0300][2,920s] GC(7) Concurrent Abortable Preclean
[2019-08-16T09:32:50.330-0300][2,958s] GC(8) Pause Young (Allocation Failure)
[2019-08-16T09:32:50.330-0300][2,958s] GC(8) Using 4 workers of 4 for evacuation
[2019-08-16T09:32:50.338-0300][2,966s] GC(8) ParNew: 109245K->21824K(109248K)
[2019-08-16T09:32:50.338-0300][2,966s] GC(8) CMS: 0K->0K(393216K)
[2019-08-16T09:32:50.338-0300][2,966s] GC(8) Metaspace: 37965K->37965K(1083392K)
[2019-08-16T09:32:50.338-0300][2,966s] GC(8) Pause Young (Allocation Failure) 106M->21M(490M) 7,784ms
[2019-08-16T09:32:50.338-0300][2,966s] GC(8) User=0,03s Sys=0,00s Real=0,01s
[2019-08-16T09:32:50.345-0300][2,973s] GC(7) Concurrent Abortable Preclean 52,999ms
[2019-08-16T09:32:50.345-0300][2,973s] GC(7) User=0,35s Sys=0,00s Real=0,05s
[2019-08-16T09:32:50.346-0300][2,974s] GC(7) Pause Remark
[2019-08-16T09:32:50.346-0300][2,974s] GC(9) Pause Young (CMS Final Remark)
[2019-08-16T09:32:50.346-0300][2,974s] GC(9) Using 4 workers of 4 for evacuation
[2019-08-16T09:32:50.356-0300][2,984s] GC(9) ParNew: 40381K->21824K(109248K)
[2019-08-16T09:32:50.356-0300][2,984s] GC(9) CMS: 0K->0K(393216K)
[2019-08-16T09:32:50.356-0300][2,984s] GC(9) Metaspace: 37992K->37992K(1083392K)
[2019-08-16T09:32:50.356-0300][2,984s] GC(9) Pause Young (CMS Final Remark) 39M->21M(490M) 9,583ms
[2019-08-16T09:32:50.356-0300][2,984s] GC(9) User=0,05s Sys=0,00s Real=0,01s
[2019-08-16T09:32:50.364-0300][2,992s] GC(7) Pause Remark 39M->21M(490M) 18,400ms
[2019-08-16T09:32:50.364-0300][2,992s] GC(7) User=0,07s Sys=0,00s Real=0,02s
[2019-08-16T09:32:50.365-0300][2,993s] GC(7) Concurrent Sweep
[2019-08-16T09:32:50.365-0300][2,993s] GC(7) Concurrent Sweep 0,034ms
[2019-08-16T09:32:50.365-0300][2,993s] GC(7) User=0,00s Sys=0,00s Real=0,00s
[2019-08-16T09:32:50.365-0300][2,993s] GC(7) Concurrent Reset
[2019-08-16T09:32:50.365-0300][2,993s] GC(7) Concurrent Reset 0,367ms
[2019-08-16T09:32:50.365-0300][2,993s] GC(7) User=0,00s Sys=0,00s Real=0,00s
[2019-08-16T09:32:50.365-0300][2,993s] GC(7) Old: 0K->0K(393216K)
[2019-08-16T09:32:50.414-0300][3,042s] GC(10) Pause Young (Allocation Failure)
[2019-08-16T09:32:50.414-0300][3,042s] GC(10) Using 4 workers of 4 for evacuation
[2019-08-16T09:32:50.436-0300][3,064s] GC(10) ParNew: 109248K->21824K(109248K)
[2019-08-16T09:32:50.436-0300][3,064s] GC(10) CMS: 0K->9691K(393216K)
[2019-08-16T09:32:50.436-0300][3,064s] GC(10) Metaspace: 38089K->38089K(1083392K)
[2019-08-16T09:32:50.436-0300][3,064s] GC(10) Pause Young (Allocation Failure) 106M->30M(490M) 22,203ms
[2019-08-16T09:32:50.436-0300][3,064s] GC(10) User=0,09s Sys=0,00s Real=0,02s
[2019-08-16T09:32:50.477-0300][3,105s] GC(11) Pause Young (Allocation Failure)
[2019-08-16T09:32:50.477-0300][3,105s] GC(11) Using 4 workers of 4 for evacuation
[2019-08-16T09:32:50.483-0300][3,111s] GC(11) ParNew: 109248K->15124K(109248K)
[2019-08-16T09:32:50.483-0300][3,111s] GC(11) CMS: 9691K->9693K(393216K)
[2019-08-16T09:32:50.483-0300][3,111s] GC(11) Metaspace: 38175K->38175K(1083392K)
[2019-08-16T09:32:50.483-0300][3,111s] GC(11) Pause Young (Allocation Failure) 116M->24M(490M) 5,612ms
[2019-08-16T09:32:50.483-0300][3,111s] GC(11) User=0,03s Sys=0,00s Real=0,01s
[2019-08-16T09:32:50.922-0300][3,550s] GC(12) Pause Young (Allocation Failure)
[2019-08-16T09:32:50.922-0300][3,550s] GC(12) Using 4 workers of 4 for evacuation
[2019-08-16T09:32:50.930-0300][3,558s] GC(12) ParNew: 102548K->15357K(109248K)
[2019-08-16T09:32:50.930-0300][3,558s] GC(12) CMS: 9693K->12579K(393216K)
[2019-08-16T09:32:50.930-0300][3,558s] GC(12) Metaspace: 40024K->40024K(1085440K)
[2019-08-16T09:32:50.930-0300][3,558s] GC(12) Pause Young (Allocation Failure) 109M->27M(490M) 8,776ms
[2019-08-16T09:32:50.930-0300][3,558s] GC(12) User=0,03s Sys=0,00s Real=0,00s
[2019-08-16T09:32:51.242-0300][3,870s] GC(13) Pause Young (Allocation Failure)
[2019-08-16T09:32:51.242-0300][3,870s] GC(13) Using 4 workers of 4 for evacuation
[2019-08-16T09:32:51.251-0300][3,879s] GC(13) ParNew: 102781K->13903K(109248K)
[2019-08-16T09:32:51.251-0300][3,879s] GC(13) CMS: 12579K->15720K(393216K)
[2019-08-16T09:32:51.251-0300][3,879s] GC(13) Metaspace: 43337K->43337K(1089536K)
[2019-08-16T09:32:51.251-0300][3,879s] GC(13) Pause Young (Allocation Failure) 112M->28M(490M) 9,406ms
[2019-08-16T09:32:51.251-0300][3,879s] GC(13) User=0,05s Sys=0,00s Real=0,00s
[2019-08-16T09:32:51.487-0300][4,115s] GC(14) Pause Young (Allocation Failure)
[2019-08-16T09:32:51.487-0300][4,115s] GC(14) Using 4 workers of 4 for evacuation
[2019-08-16T09:32:51.498-0300][4,126s] GC(14) ParNew: 101327K->21162K(109248K)
[2019-08-16T09:32:51.498-0300][4,126s] GC(14) CMS: 15720K->15897K(393216K)
[2019-08-16T09:32:51.498-0300][4,126s] GC(14) Metaspace: 45330K->45330K(1089536K)
[2019-08-16T09:32:51.498-0300][4,126s] GC(14) Pause Young (Allocation Failure) 114M->36M(490M) 10,612ms
[2019-08-16T09:32:51.498-0300][4,126s] GC(14) User=0,06s Sys=0,00s Real=0,01s
[2019-08-16T09:32:51.823-0300][4,451s] GC(15) Pause Young (Allocation Failure)
[2019-08-16T09:32:51.823-0300][4,451s] GC(15) Using 4 workers of 4 for evacuation
[2019-08-16T09:32:51.851-0300][4,479s] GC(15) ParNew: 108586K->21824K(109248K)
[2019-08-16T09:32:51.851-0300][4,479s] GC(15) CMS: 15897K->30299K(393216K)
[2019-08-16T09:32:51.851-0300][4,479s] GC(15) Metaspace: 47997K->47997K(1093632K)
[2019-08-16T09:32:51.851-0300][4,479s] GC(15) Pause Young (Allocation Failure) 121M->50M(490M) 28,163ms
[2019-08-16T09:32:51.851-0300][4,479s] GC(15) User=0,14s Sys=0,00s Real=0,02s
[2019-08-16T09:32:51.910-0300][4,538s] GC(16) Pause Young (Allocation Failure)
[2019-08-16T09:32:51.910-0300][4,538s] GC(16) Using 4 workers of 4 for evacuation
[2019-08-16T09:32:51.934-0300][4,562s] GC(16) ParNew: 109233K->21824K(109248K)
[2019-08-16T09:32:51.934-0300][4,562s] GC(16) CMS: 30299K->39163K(393216K)
[2019-08-16T09:32:51.934-0300][4,562s] GC(16) Metaspace: 48026K->48026K(1093632K)
[2019-08-16T09:32:51.934-0300][4,562s] GC(16) Pause Young (Allocation Failure) 136M->59M(490M) 23,992ms
[2019-08-16T09:32:51.934-0300][4,562s] GC(16) User=0,09s Sys=0,00s Real=0,03s
[2019-08-16T09:32:51.972-0300][4,600s] GC(17) Pause Young (Allocation Failure)
[2019-08-16T09:32:51.972-0300][4,600s] GC(17) Using 4 workers of 4 for evacuation
[2019-08-16T09:32:51.983-0300][4,612s] GC(17) ParNew: 109248K->21824K(109248K)
[2019-08-16T09:32:51.983-0300][4,612s] GC(17) CMS: 39163K->39399K(393216K)
[2019-08-16T09:32:51.983-0300][4,612s] GC(17) Metaspace: 48081K->48081K(1093632K)
[2019-08-16T09:32:51.984-0300][4,612s] GC(17) Pause Young (Allocation Failure) 144M->59M(490M) 11,756ms
[2019-08-16T09:32:51.984-0300][4,612s] GC(17) User=0,06s Sys=0,00s Real=0,01s
[2019-08-16T09:32:52.027-0300][4,655s] GC(18) Pause Young (Allocation Failure)
[2019-08-16T09:32:52.027-0300][4,655s] GC(18) Using 4 workers of 4 for evacuation
[2019-08-16T09:32:52.051-0300][4,679s] GC(18) ParNew: 109248K->21824K(109248K)
[2019-08-16T09:32:52.051-0300][4,679s] GC(18) CMS: 39399K->51797K(393216K)
[2019-08-16T09:32:52.051-0300][4,679s] GC(18) Metaspace: 48120K->48120K(1093632K)
[2019-08-16T09:32:52.051-0300][4,680s] GC(18) Pause Young (Allocation Failure) 145M->71M(490M) 24,316ms
[2019-08-16T09:32:52.051-0300][4,680s] GC(18) User=0,15s Sys=0,00s Real=0,02s
[2019-08-16T09:32:52.161-0300][4,789s] GC(19) Pause Young (GCLocker Initiated GC)
[2019-08-16T09:32:52.161-0300][4,789s] GC(19) Using 4 workers of 4 for evacuation
[2019-08-16T09:32:52.174-0300][4,802s] GC(19) ParNew: 109248K->21824K(109248K)
[2019-08-16T09:32:52.174-0300][4,802s] GC(19) CMS: 51797K->51797K(393216K)
[2019-08-16T09:32:52.174-0300][4,802s] GC(19) Metaspace: 48214K->48214K(1093632K)
[2019-08-16T09:32:52.174-0300][4,802s] GC(19) Pause Young (GCLocker Initiated GC) 157M->71M(490M) 13,604ms
[2019-08-16T09:32:52.174-0300][4,802s] GC(19) User=0,06s Sys=0,00s Real=0,01s
[2019-08-16T09:33:49.696-0300][62,324s] GC(20) Pause Young (Allocation Failure)
[2019-08-16T09:33:49.696-0300][62,325s] GC(20) Using 4 workers of 4 for evacuation
[2019-08-16T09:33:49.791-0300][62,419s] GC(20) ParNew: 109248K->21824K(109248K)
[2019-08-16T09:33:49.791-0300][62,419s] GC(20) CMS: 51797K->73517K(393216K)
[2019-08-16T09:33:49.791-0300][62,419s] GC(20) Metaspace: 51987K->51987K(1095680K)
[2019-08-16T09:33:49.791-0300][62,419s] GC(20) Pause Young (Allocation Failure) 157M->93M(490M) 94,949ms
[2019-08-16T09:33:49.791-0300][62,419s] GC(20) User=0,25s Sys=0,01s Real=0,09s
[2019-08-16T09:33:51.411-0300][64,039s] GC(21) Pause Young (Allocation Failure)
[2019-08-16T09:33:51.411-0300][64,039s] GC(21) Using 4 workers of 4 for evacuation
[2019-08-16T09:33:51.465-0300][64,093s] GC(21) ParNew: 109238K->21824K(109248K)
[2019-08-16T09:33:51.465-0300][64,093s] GC(21) CMS: 73517K->78469K(393216K)
[2019-08-16T09:33:51.465-0300][64,093s] GC(21) Metaspace: 53893K->53893K(1097728K)
[2019-08-16T09:33:51.465-0300][64,093s] GC(21) Pause Young (Allocation Failure) 178M->97M(490M) 54,392ms
[2019-08-16T09:33:51.465-0300][64,093s] GC(21) User=0,10s Sys=0,00s Real=0,06s
[2019-08-16T09:33:51.553-0300][64,181s] GC(22) Pause Young (Allocation Failure)
[2019-08-16T09:33:51.553-0300][64,181s] GC(22) Using 4 workers of 4 for evacuation
[2019-08-16T09:33:51.608-0300][64,236s] GC(22) ParNew: 109248K->21824K(109248K)
[2019-08-16T09:33:51.608-0300][64,236s] GC(22) CMS: 78469K->80620K(393216K)
[2019-08-16T09:33:51.608-0300][64,236s] GC(22) Metaspace: 53914K->53914K(1097728K)
[2019-08-16T09:33:51.608-0300][64,236s] GC(22) Pause Young (Allocation Failure) 183M->100M(490M) 55,137ms
[2019-08-16T09:33:51.608-0300][64,236s] GC(22) User=0,08s Sys=0,00s Real=0,05s
[2019-08-16T09:33:51.630-0300][64,259s] GC(23) Pause Young (Allocation Failure)
[2019-08-16T09:33:51.631-0300][64,259s] GC(23) Using 4 workers of 4 for evacuation
[2019-08-16T09:33:51.658-0300][64,287s] GC(23) ParNew: 109248K->21824K(109248K)
[2019-08-16T09:33:51.658-0300][64,287s] GC(23) CMS: 80620K->82587K(393216K)
[2019-08-16T09:33:51.659-0300][64,287s] GC(23) Metaspace: 53914K->53914K(1097728K)
[2019-08-16T09:33:51.659-0300][64,287s] GC(23) Pause Young (Allocation Failure) 185M->101M(490M) 28,041ms
[2019-08-16T09:33:51.659-0300][64,287s] GC(23) User=0,05s Sys=0,00s Real=0,03s
[2019-08-16T09:33:51.692-0300][64,320s] GC(24) Pause Young (Allocation Failure)
[2019-08-16T09:33:51.692-0300][64,320s] GC(24) Using 4 workers of 4 for evacuation
[2019-08-16T09:33:51.744-0300][64,372s] GC(24) ParNew: 109248K->21824K(109248K)
[2019-08-16T09:33:51.744-0300][64,372s] GC(24) CMS: 82587K->85007K(393216K)
[2019-08-16T09:33:51.744-0300][64,372s] GC(24) Metaspace: 53929K->53929K(1097728K)
[2019-08-16T09:33:51.744-0300][64,372s] GC(24) Pause Young (Allocation Failure) 187M->104M(490M) 51,517ms
[2019-08-16T09:33:51.744-0300][64,372s] GC(24) User=0,10s Sys=0,00s Real=0,05s
[2019-08-16T09:33:51.836-0300][64,464s] GC(25) Pause Young (Allocation Failure)
[2019-08-16T09:33:51.836-0300][64,464s] GC(25) Using 4 workers of 4 for evacuation
[2019-08-16T09:33:51.871-0300][64,500s] GC(25) ParNew: 109248K->21824K(109248K)
[2019-08-16T09:33:51.871-0300][64,500s] GC(25) CMS: 85007K->85199K(393216K)
[2019-08-16T09:33:51.871-0300][64,500s] GC(25) Metaspace: 53943K->53943K(1097728K)
[2019-08-16T09:33:51.872-0300][64,500s] GC(25) Pause Young (Allocation Failure) 189M->104M(490M) 35,393ms
[2019-08-16T09:33:51.872-0300][64,500s] GC(25) User=0,06s Sys=0,00s Real=0,04s
[2019-08-16T09:33:51.951-0300][64,579s] GC(26) Pause Young (Allocation Failure)
[2019-08-16T09:33:51.951-0300][64,579s] GC(26) Using 4 workers of 4 for evacuation
[2019-08-16T09:33:51.996-0300][64,624s] GC(26) ParNew: 109240K->21824K(109248K)
[2019-08-16T09:33:51.996-0300][64,624s] GC(26) CMS: 85199K->85205K(393216K)
[2019-08-16T09:33:51.996-0300][64,624s] GC(26) Metaspace: 53973K->53973K(1097728K)
[2019-08-16T09:33:51.996-0300][64,624s] GC(26) Pause Young (Allocation Failure) 189M->104M(490M) 45,115ms
[2019-08-16T09:33:51.996-0300][64,624s] GC(26) User=0,07s Sys=0,00s Real=0,05s
[2019-08-16T09:33:52.108-0300][64,736s] GC(27) Pause Young (Allocation Failure)
[2019-08-16T09:33:52.109-0300][64,737s] GC(27) Using 4 workers of 4 for evacuation
[2019-08-16T09:33:52.144-0300][64,772s] GC(27) ParNew: 109248K->21824K(109248K)
[2019-08-16T09:33:52.144-0300][64,772s] GC(27) CMS: 85205K->86574K(393216K)
[2019-08-16T09:33:52.144-0300][64,772s] GC(27) Metaspace: 53993K->53993K(1097728K)
[2019-08-16T09:33:52.144-0300][64,772s] GC(27) Pause Young (Allocation Failure) 189M->105M(490M) 35,318ms
[2019-08-16T09:33:52.144-0300][64,772s] GC(27) User=0,09s Sys=0,00s Real=0,04s
[2019-08-16T09:33:52.244-0300][64,872s] GC(28) Pause Young (Allocation Failure)
[2019-08-16T09:33:52.244-0300][64,872s] GC(28) Using 4 workers of 4 for evacuation
[2019-08-16T09:33:52.300-0300][64,928s] GC(28) ParNew: 109248K->13336K(109248K)
[2019-08-16T09:33:52.300-0300][64,928s] GC(28) CMS: 86574K->97043K(393216K)
[2019-08-16T09:33:52.300-0300][64,928s] GC(28) Metaspace: 54033K->54033K(1097728K)
[2019-08-16T09:33:52.300-0300][64,928s] GC(28) Pause Young (Allocation Failure) 191M->107M(490M) 55,842ms
[2019-08-16T09:33:52.300-0300][64,928s] GC(28) User=0,14s Sys=0,00s Real=0,06s
[2019-08-16T09:33:52.744-0300][65,372s] GC(29) Pause Young (Allocation Failure)
[2019-08-16T09:33:52.744-0300][65,372s] GC(29) Using 4 workers of 4 for evacuation
[2019-08-16T09:33:52.769-0300][65,397s] GC(29) ParNew: 100760K->7832K(109248K)
[2019-08-16T09:33:52.769-0300][65,397s] GC(29) CMS: 97043K->98634K(393216K)
[2019-08-16T09:33:52.769-0300][65,397s] GC(29) Metaspace: 54327K->54327K(1099776K)
[2019-08-16T09:33:52.769-0300][65,397s] GC(29) Pause Young (Allocation Failure) 193M->103M(490M) 24,905ms
[2019-08-16T09:33:52.769-0300][65,397s] GC(29) User=0,07s Sys=0,00s Real=0,02s
[2019-08-16T09:34:28.904-0300][101,532s] GC(30) Pause Young (Allocation Failure)
[2019-08-16T09:34:28.904-0300][101,532s] GC(30) Using 4 workers of 4 for evacuation
[2019-08-16T09:34:28.983-0300][101,611s] GC(30) ParNew: 93746K->18236K(109248K)
[2019-08-16T09:34:28.983-0300][101,611s] GC(30) CMS: 98634K->99591K(393216K)
[2019-08-16T09:34:28.983-0300][101,611s] GC(30) Metaspace: 55174K->55174K(1099776K)
[2019-08-16T09:34:28.983-0300][101,611s] GC(30) Pause Young (Allocation Failure) 187M->115M(490M) 78,646ms
[2019-08-16T09:34:28.983-0300][101,611s] GC(30) User=0,11s Sys=0,01s Real=0,08s
[2019-08-16T09:34:43.392-0300][116,020s] GC(31) Pause Young (Allocation Failure)
[2019-08-16T09:34:43.392-0300][116,020s] GC(31) Using 4 workers of 4 for evacuation
[2019-08-16T09:34:43.445-0300][116,073s] GC(31) ParNew: 102873K->21824K(109248K)
[2019-08-16T09:34:43.445-0300][116,073s] GC(31) CMS: 99591K->126513K(393216K)
[2019-08-16T09:34:43.445-0300][116,073s] GC(31) Metaspace: 56608K->56608K(1101824K)
[2019-08-16T09:34:43.445-0300][116,073s] GC(31) Pause Young (Allocation Failure) 197M->144M(490M) 52,825ms
[2019-08-16T09:34:43.445-0300][116,073s] GC(31) User=0,12s Sys=0,00s Real=0,05s
[2019-08-16T09:34:53.263-0300][125,892s] GC(32) Pause Young (Allocation Failure)
[2019-08-16T09:34:53.264-0300][125,892s] GC(32) Using 4 workers of 4 for evacuation
[2019-08-16T09:34:53.320-0300][125,948s] GC(32) ParNew: 109248K->21824K(109248K)
[2019-08-16T09:34:53.320-0300][125,948s] GC(32) CMS: 126513K->140617K(393216K)
[2019-08-16T09:34:53.320-0300][125,948s] GC(32) Metaspace: 57017K->57017K(1101824K)
[2019-08-16T09:34:53.320-0300][125,948s] GC(32) Pause Young (Allocation Failure) 230M->158M(490M) 56,319ms
[2019-08-16T09:34:53.320-0300][125,948s] GC(32) User=0,08s Sys=0,01s Real=0,06s
[2019-08-16T09:35:16.834-0300][149,462s] GC(33) Pause Young (Allocation Failure)
[2019-08-16T09:35:16.834-0300][149,462s] GC(33) Using 4 workers of 4 for evacuation
[2019-08-16T09:35:16.851-0300][149,479s] GC(33) ParNew: 109248K->21824K(109248K)
[2019-08-16T09:35:16.851-0300][149,479s] GC(33) CMS: 140617K->155365K(393216K)
[2019-08-16T09:35:16.851-0300][149,479s] GC(33) Metaspace: 57182K->57182K(1101824K)
[2019-08-16T09:35:16.851-0300][149,479s] GC(33) Pause Young (Allocation Failure) 244M->173M(490M) 17,128ms
[2019-08-16T09:35:16.851-0300][149,479s] GC(33) User=0,07s Sys=0,00s Real=0,01s
[2019-08-16T09:35:31.918-0300][164,546s] GC(34) Pause Young (Allocation Failure)
[2019-08-16T09:35:31.918-0300][164,547s] GC(34) Using 4 workers of 4 for evacuation
[2019-08-16T09:35:31.929-0300][164,557s] GC(34) ParNew: 109248K->21824K(109248K)
[2019-08-16T09:35:31.929-0300][164,557s] GC(34) CMS: 155365K->166828K(393216K)
[2019-08-16T09:35:31.929-0300][164,557s] GC(34) Metaspace: 57272K->57272K(1101824K)
[2019-08-16T09:35:31.929-0300][164,557s] GC(34) Pause Young (Allocation Failure) 258M->184M(490M) 10,590ms
[2019-08-16T09:35:31.929-0300][164,557s] GC(34) User=0,04s Sys=0,00s Real=0,01s
[2019-08-16T09:35:37.306-0300][169,934s] GC(35) Pause Young (Allocation Failure)
[2019-08-16T09:35:37.306-0300][169,934s] GC(35) Using 4 workers of 4 for evacuation
[2019-08-16T09:35:37.313-0300][169,941s] GC(35) ParNew: 109248K->21824K(109248K)
[2019-08-16T09:35:37.313-0300][169,941s] GC(35) CMS: 166828K->168974K(393216K)
[2019-08-16T09:35:37.313-0300][169,941s] GC(35) Metaspace: 57300K->57300K(1101824K)
[2019-08-16T09:35:37.313-0300][169,941s] GC(35) Pause Young (Allocation Failure) 269M->186M(490M) 6,583ms
[2019-08-16T09:35:37.313-0300][169,941s] GC(35) User=0,03s Sys=0,00s Real=0,01s
[2019-08-16T09:35:39.247-0300][171,875s] GC(36) Pause Young (Allocation Failure)
[2019-08-16T09:35:39.247-0300][171,875s] GC(36) Using 4 workers of 4 for evacuation
[2019-08-16T09:35:39.256-0300][171,884s] GC(36) ParNew: 109248K->21824K(109248K)
[2019-08-16T09:35:39.256-0300][171,884s] GC(36) CMS: 168974K->172468K(393216K)
[2019-08-16T09:35:39.256-0300][171,884s] GC(36) Metaspace: 58279K->58279K(1101824K)
[2019-08-16T09:35:39.256-0300][171,884s] GC(36) Pause Young (Allocation Failure) 271M->189M(490M) 9,461ms
[2019-08-16T09:35:39.256-0300][171,884s] GC(36) User=0,05s Sys=0,00s Real=0,01s
[2019-08-16T09:35:39.872-0300][172,500s] GC(37) Pause Young (Allocation Failure)
[2019-08-16T09:35:39.872-0300][172,500s] GC(37) Using 4 workers of 4 for evacuation
[2019-08-16T09:35:39.884-0300][172,512s] GC(37) ParNew: 109248K->21824K(109248K)
[2019-08-16T09:35:39.884-0300][172,513s] GC(37) CMS: 172468K->174026K(393216K)
[2019-08-16T09:35:39.884-0300][172,513s] GC(37) Metaspace: 58751K->58751K(1103872K)
[2019-08-16T09:35:39.885-0300][172,513s] GC(37) Pause Young (Allocation Failure) 275M->191M(490M) 12,171ms
[2019-08-16T09:35:39.885-0300][172,513s] GC(37) User=0,05s Sys=0,00s Real=0,01s
[2019-08-16T09:35:43.077-0300][175,705s] GC(38) Pause Young (Allocation Failure)
[2019-08-16T09:35:43.077-0300][175,705s] GC(38) Using 4 workers of 4 for evacuation
[2019-08-16T09:35:43.083-0300][175,711s] GC(38) ParNew: 109248K->21824K(109248K)
[2019-08-16T09:35:43.083-0300][175,711s] GC(38) CMS: 174026K->175069K(393216K)
[2019-08-16T09:35:43.083-0300][175,711s] GC(38) Metaspace: 58764K->58764K(1103872K)
[2019-08-16T09:35:43.083-0300][175,711s] GC(38) Pause Young (Allocation Failure) 276M->192M(490M) 5,283ms
[2019-08-16T09:35:43.083-0300][175,711s] GC(38) User=0,03s Sys=0,00s Real=0,01s
[2019-08-16T09:35:43.238-0300][175,866s] GC(39) Pause Young (Allocation Failure)
[2019-08-16T09:35:43.238-0300][175,866s] GC(39) Using 4 workers of 4 for evacuation
[2019-08-16T09:35:43.245-0300][175,873s] GC(39) ParNew: 109248K->21824K(109248K)
[2019-08-16T09:35:43.245-0300][175,873s] GC(39) CMS: 175069K->180993K(393216K)
[2019-08-16T09:35:43.245-0300][175,873s] GC(39) Metaspace: 58823K->58823K(1103872K)
[2019-08-16T09:35:43.245-0300][175,873s] GC(39) Pause Young (Allocation Failure) 277M->198M(490M) 6,895ms
[2019-08-16T09:35:43.245-0300][175,873s] GC(39) User=0,03s Sys=0,00s Real=0,01s
[2019-08-16T09:35:55.157-0300][187,785s] GC(40) Pause Young (Allocation Failure)
[2019-08-16T09:35:55.157-0300][187,785s] GC(40) Using 4 workers of 4 for evacuation
[2019-08-16T09:35:55.165-0300][187,793s] GC(40) ParNew: 109248K->21824K(109248K)
[2019-08-16T09:35:55.165-0300][187,793s] GC(40) CMS: 180993K->181863K(393216K)
[2019-08-16T09:35:55.165-0300][187,793s] GC(40) Metaspace: 58892K->58892K(1103872K)
[2019-08-16T09:35:55.165-0300][187,793s] GC(40) Pause Young (Allocation Failure) 283M->198M(490M) 7,540ms
[2019-08-16T09:35:55.165-0300][187,793s] GC(40) User=0,03s Sys=0,00s Real=0,01s
[2019-08-16T09:35:56.045-0300][188,673s] GC(41) Pause Young (Allocation Failure)
[2019-08-16T09:35:56.045-0300][188,673s] GC(41) Using 4 workers of 4 for evacuation
[2019-08-16T09:35:56.053-0300][188,681s] GC(41) ParNew: 109248K->21824K(109248K)
[2019-08-16T09:35:56.053-0300][188,681s] GC(41) CMS: 181863K->186552K(393216K)
[2019-08-16T09:35:56.053-0300][188,681s] GC(41) Metaspace: 58942K->58942K(1103872K)
[2019-08-16T09:35:56.053-0300][188,681s] GC(41) Pause Young (Allocation Failure) 284M->203M(490M) 7,961ms
[2019-08-16T09:35:56.053-0300][188,681s] GC(41) User=0,03s Sys=0,01s Real=0,01s
[2019-08-16T09:35:56.261-0300][188,889s] GC(42) Pause Young (Allocation Failure)
[2019-08-16T09:35:56.261-0300][188,889s] GC(42) Using 4 workers of 4 for evacuation
[2019-08-16T09:35:56.268-0300][188,896s] GC(42) ParNew: 109248K->21824K(109248K)
[2019-08-16T09:35:56.268-0300][188,896s] GC(42) CMS: 186552K->186722K(393216K)
[2019-08-16T09:35:56.268-0300][188,896s] GC(42) Metaspace: 58951K->58951K(1103872K)
[2019-08-16T09:35:56.268-0300][188,896s] GC(42) Pause Young (Allocation Failure) 288M->203M(490M) 7,115ms
[2019-08-16T09:35:56.268-0300][188,896s] GC(42) User=0,03s Sys=0,00s Real=0,00s
[2019-08-16T09:35:56.638-0300][189,266s] GC(43) Pause Young (Allocation Failure)
[2019-08-16T09:35:56.638-0300][189,266s] GC(43) Using 4 workers of 4 for evacuation
[2019-08-16T09:35:56.645-0300][189,273s] GC(43) ParNew: 109248K->21824K(109248K)
[2019-08-16T09:35:56.645-0300][189,273s] GC(43) CMS: 186722K->189298K(393216K)
[2019-08-16T09:35:56.645-0300][189,273s] GC(43) Metaspace: 59246K->59246K(1103872K)
[2019-08-16T09:35:56.645-0300][189,274s] GC(43) Pause Young (Allocation Failure) 289M->206M(490M) 7,666ms
[2019-08-16T09:35:56.645-0300][189,274s] GC(43) User=0,04s Sys=0,00s Real=0,01s
[2019-08-16T09:36:01.115-0300][193,743s] GC(44) Pause Young (Allocation Failure)
[2019-08-16T09:36:01.115-0300][193,743s] GC(44) Using 4 workers of 4 for evacuation
[2019-08-16T09:36:01.131-0300][193,759s] GC(44) ParNew: 109248K->21824K(109248K)
[2019-08-16T09:36:01.131-0300][193,759s] GC(44) CMS: 189298K->191298K(393216K)
[2019-08-16T09:36:01.131-0300][193,759s] GC(44) Metaspace: 59500K->59500K(1103872K)
[2019-08-16T09:36:01.131-0300][193,759s] GC(44) Pause Young (Allocation Failure) 291M->208M(490M) 15,309ms
[2019-08-16T09:36:01.131-0300][193,759s] GC(44) User=0,03s Sys=0,00s Real=0,01s
[2019-08-16T09:36:38.801-0300][231,429s] GC(45) Pause Young (Allocation Failure)
[2019-08-16T09:36:38.801-0300][231,429s] GC(45) Using 4 workers of 4 for evacuation
[2019-08-16T09:36:38.814-0300][231,442s] GC(45) ParNew: 109248K->21824K(109248K)
[2019-08-16T09:36:38.814-0300][231,442s] GC(45) CMS: 191298K->194092K(393216K)
[2019-08-16T09:36:38.814-0300][231,442s] GC(45) Metaspace: 59523K->59523K(1103872K)
[2019-08-16T09:36:38.814-0300][231,442s] GC(45) Pause Young (Allocation Failure) 293M->210M(490M) 12,711ms
[2019-08-16T09:36:38.814-0300][231,442s] GC(45) User=0,04s Sys=0,00s Real=0,01s
[2019-08-16T09:36:40.712-0300][233,340s] GC(46) Pause Young (Allocation Failure)
[2019-08-16T09:36:40.712-0300][233,340s] GC(46) Using 4 workers of 4 for evacuation
[2019-08-16T09:36:40.721-0300][233,349s] GC(46) ParNew: 109248K->21824K(109248K)
[2019-08-16T09:36:40.721-0300][233,350s] GC(46) CMS: 194092K->196828K(393216K)
[2019-08-16T09:36:40.721-0300][233,350s] GC(46) Metaspace: 59548K->59548K(1103872K)
[2019-08-16T09:36:40.721-0300][233,350s] GC(46) Pause Young (Allocation Failure) 296M->213M(490M) 9,128ms
[2019-08-16T09:36:40.722-0300][233,350s] GC(46) User=0,05s Sys=0,00s Real=0,01s
[2019-08-16T09:36:40.722-0300][233,350s] GC(47) Pause Initial Mark
[2019-08-16T09:36:40.725-0300][233,353s] GC(47) Pause Initial Mark 214M->214M(490M) 2,550ms
[2019-08-16T09:36:40.725-0300][233,353s] GC(47) User=0,01s Sys=0,00s Real=0,00s
[2019-08-16T09:36:40.725-0300][233,353s] GC(47) Concurrent Mark
[2019-08-16T09:36:40.725-0300][233,353s] GC(47) Using 4 workers of 4 for marking
[2019-08-16T09:36:40.795-0300][233,423s] GC(47) Concurrent Mark 69,911ms
[2019-08-16T09:36:40.795-0300][233,423s] GC(47) User=0,46s Sys=0,00s Real=0,07s
[2019-08-16T09:36:40.795-0300][233,423s] GC(47) Concurrent Preclean
[2019-08-16T09:36:40.796-0300][233,425s] GC(47) Concurrent Preclean 1,875ms
[2019-08-16T09:36:40.797-0300][233,425s] GC(47) User=0,02s Sys=0,00s Real=0,00s
[2019-08-16T09:36:40.797-0300][233,425s] GC(47) Concurrent Abortable Preclean
[2019-08-16T09:36:41.007-0300][233,635s] GC(48) Pause Young (Allocation Failure)
[2019-08-16T09:36:41.007-0300][233,635s] GC(48) Using 4 workers of 4 for evacuation
[2019-08-16T09:36:41.013-0300][233,641s] GC(48) ParNew: 109248K->21824K(109248K)
[2019-08-16T09:36:41.013-0300][233,641s] GC(48) CMS: 196828K->197021K(393216K)
[2019-08-16T09:36:41.013-0300][233,641s] GC(48) Metaspace: 59567K->59567K(1103872K)
[2019-08-16T09:36:41.013-0300][233,641s] GC(48) Pause Young (Allocation Failure) 298M->213M(490M) 6,329ms
[2019-08-16T09:36:41.013-0300][233,641s] GC(48) User=0,04s Sys=0,00s Real=0,01s
[2019-08-16T09:36:41.079-0300][233,707s] GC(47) Concurrent Abortable Preclean 282,879ms
[2019-08-16T09:36:41.079-0300][233,708s] GC(47) User=1,33s Sys=0,04s Real=0,28s
[2019-08-16T09:36:41.080-0300][233,708s] GC(47) Pause Remark
[2019-08-16T09:36:41.080-0300][233,708s] GC(49) Pause Young (CMS Final Remark)
[2019-08-16T09:36:41.080-0300][233,708s] GC(49) Using 4 workers of 4 for evacuation
[2019-08-16T09:36:41.090-0300][233,718s] GC(49) ParNew: 71491K->21824K(109248K)
[2019-08-16T09:36:41.090-0300][233,718s] GC(49) CMS: 197021K->202004K(393216K)
[2019-08-16T09:36:41.090-0300][233,718s] GC(49) Metaspace: 59584K->59584K(1103872K)
[2019-08-16T09:36:41.090-0300][233,718s] GC(49) Pause Young (CMS Final Remark) 262M->218M(490M) 10,683ms
[2019-08-16T09:36:41.090-0300][233,718s] GC(49) User=0,05s Sys=0,00s Real=0,00s
[2019-08-16T09:36:41.128-0300][233,756s] GC(47) Pause Remark 262M->218M(490M) 48,422ms
[2019-08-16T09:36:41.128-0300][233,756s] GC(47) User=0,18s Sys=0,00s Real=0,04s
[2019-08-16T09:36:41.128-0300][233,756s] GC(47) Concurrent Sweep
[2019-08-16T09:36:41.197-0300][233,825s] GC(47) Concurrent Sweep 68,710ms
[2019-08-16T09:36:41.197-0300][233,825s] GC(47) User=0,36s Sys=0,00s Real=0,07s
[2019-08-16T09:36:41.197-0300][233,825s] GC(47) Concurrent Reset
[2019-08-16T09:36:41.197-0300][233,825s] GC(47) Concurrent Reset 0,277ms
[2019-08-16T09:36:41.197-0300][233,825s] GC(47) User=0,00s Sys=0,00s Real=0,00s
[2019-08-16T09:36:41.197-0300][233,825s] GC(47) Old: 196828K->156892K(393216K)
[2019-08-16T10:00:53.431-0300][1686,059s] Heap
[2019-08-16T10:00:53.431-0300][1686,059s]  par new generation   total 109248K, used 91999K [0x00000000e0000000, 0x00000000e8000000, 0x00000000e8000000)
[2019-08-16T10:00:53.431-0300][1686,059s]   eden space 87424K,  80% used [0x00000000e0000000, 0x00000000e4487fb8, 0x00000000e5560000)
[2019-08-16T10:00:53.431-0300][1686,059s]   from space 21824K, 100% used [0x00000000e6ab0000, 0x00000000e8000000, 0x00000000e8000000)
[2019-08-16T10:00:53.431-0300][1686,059s]   to   space 21824K,   0% used [0x00000000e5560000, 0x00000000e5560000, 0x00000000e6ab0000)
[2019-08-16T10:00:53.431-0300][1686,059s]  concurrent mark-sweep generation total 393216K, used 156892K [0x00000000e8000000, 0x0000000100000000, 0x0000000100000000)
[2019-08-16T10:00:53.431-0300][1686,059s]  Metaspace       used 59915K, capacity 61618K, committed 62284K, reserved 1103872K
[2019-08-16T10:00:53.431-0300][1686,059s]   class space    used 6621K, capacity 7293K, committed 7500K, reserved 1048576K
