[2019-08-15T15:12:58.926-0300][0.004s] Using Concurrent Mark Sweep
[2019-08-15T15:12:58.926-0300][0.004s] Heap address: 0x00000000e0000000, size: 512 MB, Compressed Oops mode: 32-bit
[2019-08-15T15:13:00.450-0300][1,527s] GC(0) Pause Young (Allocation Failure)
[2019-08-15T15:13:00.450-0300][1,527s] GC(0) Using 4 workers of 4 for evacuation
[2019-08-15T15:13:00.456-0300][1,533s] GC(0) ParNew: 87424K->9547K(109248K)
[2019-08-15T15:13:00.456-0300][1,533s] GC(0) CMS: 0K->0K(393216K)
[2019-08-15T15:13:00.456-0300][1,533s] GC(0) Metaspace: 22326K->22326K(1069056K)
[2019-08-15T15:13:00.456-0300][1,533s] GC(0) Pause Young (Allocation Failure) 85M->9M(490M) 6,166ms
[2019-08-15T15:13:00.456-0300][1,533s] GC(0) User=0,03s Sys=0,00s Real=0,01s
[2019-08-15T15:13:00.456-0300][1,533s] GC(1) Pause Initial Mark
[2019-08-15T15:13:00.458-0300][1,535s] GC(1) Pause Initial Mark 10M->10M(490M) 1,602ms
[2019-08-15T15:13:00.458-0300][1,535s] GC(1) User=0,00s Sys=0,00s Real=0,00s
[2019-08-15T15:13:00.458-0300][1,535s] GC(1) Concurrent Mark
[2019-08-15T15:13:00.458-0300][1,536s] GC(1) Using 4 workers of 4 for marking
[2019-08-15T15:13:00.458-0300][1,536s] GC(1) Concurrent Mark 0,381ms
[2019-08-15T15:13:00.458-0300][1,536s] GC(1) User=0,00s Sys=0,00s Real=0,00s
[2019-08-15T15:13:00.458-0300][1,536s] GC(1) Concurrent Preclean
[2019-08-15T15:13:00.459-0300][1,536s] GC(1) Concurrent Preclean 0,580ms
[2019-08-15T15:13:00.459-0300][1,536s] GC(1) User=0,00s Sys=0,00s Real=0,00s
[2019-08-15T15:13:00.459-0300][1,536s] GC(1) Pause Remark
[2019-08-15T15:13:00.459-0300][1,536s] GC(2) Pause Young (CMS Final Remark)
[2019-08-15T15:13:00.459-0300][1,537s] GC(2) Using 4 workers of 4 for evacuation
[2019-08-15T15:13:00.463-0300][1,541s] GC(2) ParNew: 11216K->12274K(109248K)
[2019-08-15T15:13:00.463-0300][1,541s] GC(2) CMS: 0K->0K(393216K)
[2019-08-15T15:13:00.463-0300][1,541s] GC(2) Metaspace: 22338K->22338K(1069056K)
[2019-08-15T15:13:00.464-0300][1,541s] GC(2) Pause Young (CMS Final Remark) 10M->11M(490M) 4,632ms
[2019-08-15T15:13:00.464-0300][1,541s] GC(2) User=0,02s Sys=0,01s Real=0,00s
[2019-08-15T15:13:00.467-0300][1,545s] GC(1) Pause Remark 10M->11M(490M) 8,143ms
[2019-08-15T15:13:00.467-0300][1,545s] GC(1) User=0,03s Sys=0,01s Real=0,01s
[2019-08-15T15:13:00.467-0300][1,545s] GC(1) Concurrent Sweep
[2019-08-15T15:13:00.467-0300][1,545s] GC(1) Concurrent Sweep 0,107ms
[2019-08-15T15:13:00.467-0300][1,545s] GC(1) User=0,00s Sys=0,00s Real=0,00s
[2019-08-15T15:13:00.467-0300][1,545s] GC(1) Concurrent Reset
[2019-08-15T15:13:00.473-0300][1,550s] GC(1) Concurrent Reset 5,266ms
[2019-08-15T15:13:00.473-0300][1,550s] GC(1) User=0,01s Sys=0,00s Real=0,00s
[2019-08-15T15:13:00.473-0300][1,550s] GC(1) Old: 0K->0K(393216K)
[2019-08-15T15:13:01.476-0300][2,554s] GC(3) Pause Young (Allocation Failure)
[2019-08-15T15:13:01.476-0300][2,554s] GC(3) Using 4 workers of 4 for evacuation
[2019-08-15T15:13:01.482-0300][2,560s] GC(3) ParNew: 99698K->14705K(109248K)
[2019-08-15T15:13:01.482-0300][2,560s] GC(3) CMS: 0K->0K(393216K)
[2019-08-15T15:13:01.482-0300][2,560s] GC(3) Metaspace: 29859K->29859K(1077248K)
[2019-08-15T15:13:01.482-0300][2,560s] GC(3) Pause Young (Allocation Failure) 97M->14M(490M) 6,267ms
[2019-08-15T15:13:01.482-0300][2,560s] GC(3) User=0,04s Sys=0,00s Real=0,00s
[2019-08-15T15:13:02.056-0300][3,134s] GC(4) Pause Young (Allocation Failure)
[2019-08-15T15:13:02.056-0300][3,134s] GC(4) Using 4 workers of 4 for evacuation
[2019-08-15T15:13:02.064-0300][3,142s] GC(4) ParNew: 102129K->21824K(109248K)
[2019-08-15T15:13:02.064-0300][3,142s] GC(4) CMS: 0K->0K(393216K)
[2019-08-15T15:13:02.064-0300][3,142s] GC(4) Metaspace: 36440K->36440K(1083392K)
[2019-08-15T15:13:02.064-0300][3,142s] GC(4) Pause Young (Allocation Failure) 99M->21M(490M) 8,231ms
[2019-08-15T15:13:02.064-0300][3,142s] GC(4) User=0,04s Sys=0,00s Real=0,00s
[2019-08-15T15:13:02.192-0300][3,270s] GC(5) Pause Young (Allocation Failure)
[2019-08-15T15:13:02.192-0300][3,270s] GC(5) Using 4 workers of 4 for evacuation
[2019-08-15T15:13:02.199-0300][3,276s] GC(5) ParNew: 109248K->20709K(109248K)
[2019-08-15T15:13:02.199-0300][3,276s] GC(5) CMS: 0K->0K(393216K)
[2019-08-15T15:13:02.199-0300][3,276s] GC(5) Metaspace: 37091K->37091K(1083392K)
[2019-08-15T15:13:02.199-0300][3,276s] GC(5) Pause Young (Allocation Failure) 106M->20M(490M) 6,579ms
[2019-08-15T15:13:02.199-0300][3,276s] GC(5) User=0,03s Sys=0,01s Real=0,01s
[2019-08-15T15:13:02.359-0300][3,437s] GC(6) Pause Young (Allocation Failure)
[2019-08-15T15:13:02.359-0300][3,437s] GC(6) Using 4 workers of 4 for evacuation
[2019-08-15T15:13:02.367-0300][3,445s] GC(6) ParNew: 108133K->21824K(109248K)
[2019-08-15T15:13:02.367-0300][3,445s] GC(6) CMS: 0K->0K(393216K)
[2019-08-15T15:13:02.367-0300][3,445s] GC(6) Metaspace: 37888K->37888K(1083392K)
[2019-08-15T15:13:02.367-0300][3,445s] GC(6) Pause Young (Allocation Failure) 105M->21M(490M) 8,046ms
[2019-08-15T15:13:02.367-0300][3,445s] GC(6) User=0,03s Sys=0,00s Real=0,01s
[2019-08-15T15:13:02.367-0300][3,445s] GC(7) Pause Initial Mark
[2019-08-15T15:13:02.371-0300][3,449s] GC(7) Pause Initial Mark 21M->21M(490M) 3,533ms
[2019-08-15T15:13:02.371-0300][3,449s] GC(7) User=0,02s Sys=0,00s Real=0,00s
[2019-08-15T15:13:02.371-0300][3,449s] GC(7) Concurrent Mark
[2019-08-15T15:13:02.371-0300][3,449s] GC(7) Using 4 workers of 4 for marking
[2019-08-15T15:13:02.371-0300][3,449s] GC(7) Concurrent Mark 0,151ms
[2019-08-15T15:13:02.371-0300][3,449s] GC(7) User=0,00s Sys=0,00s Real=0,00s
[2019-08-15T15:13:02.371-0300][3,449s] GC(7) Concurrent Preclean
[2019-08-15T15:13:02.372-0300][3,450s] GC(7) Concurrent Preclean 0,948ms
[2019-08-15T15:13:02.372-0300][3,450s] GC(7) User=0,00s Sys=0,00s Real=0,00s
[2019-08-15T15:13:02.372-0300][3,450s] GC(7) Concurrent Abortable Preclean
[2019-08-15T15:13:02.408-0300][3,486s] GC(8) Pause Young (Allocation Failure)
[2019-08-15T15:13:02.408-0300][3,486s] GC(8) Using 4 workers of 4 for evacuation
[2019-08-15T15:13:02.416-0300][3,494s] GC(8) ParNew: 109248K->21824K(109248K)
[2019-08-15T15:13:02.416-0300][3,494s] GC(8) CMS: 0K->160K(393216K)
[2019-08-15T15:13:02.416-0300][3,494s] GC(8) Metaspace: 37994K->37994K(1083392K)
[2019-08-15T15:13:02.416-0300][3,494s] GC(8) Pause Young (Allocation Failure) 106M->21M(490M) 8,227ms
[2019-08-15T15:13:02.416-0300][3,494s] GC(8) User=0,05s Sys=0,00s Real=0,01s
[2019-08-15T15:13:02.418-0300][3,495s] GC(7) Concurrent Abortable Preclean 45,222ms
[2019-08-15T15:13:02.418-0300][3,495s] GC(7) User=0,32s Sys=0,00s Real=0,05s
[2019-08-15T15:13:02.418-0300][3,496s] GC(7) Pause Remark
[2019-08-15T15:13:02.418-0300][3,496s] GC(9) Pause Young (CMS Final Remark)
[2019-08-15T15:13:02.418-0300][3,496s] GC(9) Using 4 workers of 4 for evacuation
[2019-08-15T15:13:02.428-0300][3,505s] GC(9) ParNew: 24863K->21824K(109248K)
[2019-08-15T15:13:02.428-0300][3,505s] GC(9) CMS: 160K->160K(393216K)
[2019-08-15T15:13:02.428-0300][3,505s] GC(9) Metaspace: 37994K->37994K(1083392K)
[2019-08-15T15:13:02.428-0300][3,505s] GC(9) Pause Young (CMS Final Remark) 24M->21M(490M) 9,335ms
[2019-08-15T15:13:02.428-0300][3,505s] GC(9) User=0,04s Sys=0,00s Real=0,01s
[2019-08-15T15:13:02.436-0300][3,514s] GC(7) Pause Remark 24M->21M(490M) 17,867ms
[2019-08-15T15:13:02.436-0300][3,514s] GC(7) User=0,06s Sys=0,00s Real=0,02s
[2019-08-15T15:13:02.436-0300][3,514s] GC(7) Concurrent Sweep
[2019-08-15T15:13:02.436-0300][3,514s] GC(7) Concurrent Sweep 0,299ms
[2019-08-15T15:13:02.436-0300][3,514s] GC(7) User=0,00s Sys=0,00s Real=0,00s
[2019-08-15T15:13:02.436-0300][3,514s] GC(7) Concurrent Reset
[2019-08-15T15:13:02.437-0300][3,514s] GC(7) Concurrent Reset 0,288ms
[2019-08-15T15:13:02.437-0300][3,514s] GC(7) User=0,00s Sys=0,00s Real=0,00s
[2019-08-15T15:13:02.437-0300][3,514s] GC(7) Old: 0K->160K(393216K)
[2019-08-15T15:13:02.475-0300][3,553s] GC(10) Pause Young (Allocation Failure)
[2019-08-15T15:13:02.475-0300][3,553s] GC(10) Using 4 workers of 4 for evacuation
[2019-08-15T15:13:02.488-0300][3,566s] GC(10) ParNew: 109248K->18959K(109248K)
[2019-08-15T15:13:02.488-0300][3,566s] GC(10) CMS: 160K->9757K(393216K)
[2019-08-15T15:13:02.488-0300][3,566s] GC(10) Metaspace: 38008K->38008K(1083392K)
[2019-08-15T15:13:02.488-0300][3,566s] GC(10) Pause Young (Allocation Failure) 106M->28M(490M) 13,101ms
[2019-08-15T15:13:02.488-0300][3,566s] GC(10) User=0,06s Sys=0,01s Real=0,01s
[2019-08-15T15:13:02.542-0300][3,620s] GC(11) Pause Young (Allocation Failure)
[2019-08-15T15:13:02.542-0300][3,620s] GC(11) Using 4 workers of 4 for evacuation
[2019-08-15T15:13:02.548-0300][3,625s] GC(11) ParNew: 105924K->13087K(109248K)
[2019-08-15T15:13:02.548-0300][3,625s] GC(11) CMS: 9757K->9758K(393216K)
[2019-08-15T15:13:02.548-0300][3,625s] GC(11) Metaspace: 38193K->38193K(1083392K)
[2019-08-15T15:13:02.548-0300][3,625s] GC(11) Pause Young (Allocation Failure) 112M->22M(490M) 5,644ms
[2019-08-15T15:13:02.548-0300][3,626s] GC(11) User=0,02s Sys=0,00s Real=0,01s
[2019-08-15T15:13:03.139-0300][4,216s] GC(12) Pause Young (Allocation Failure)
[2019-08-15T15:13:03.139-0300][4,216s] GC(12) Using 4 workers of 4 for evacuation
[2019-08-15T15:13:03.149-0300][4,227s] GC(12) ParNew: 100511K->16638K(109248K)
[2019-08-15T15:13:03.149-0300][4,227s] GC(12) CMS: 9758K->12540K(393216K)
[2019-08-15T15:13:03.149-0300][4,227s] GC(12) Metaspace: 40054K->40054K(1085440K)
[2019-08-15T15:13:03.149-0300][4,227s] GC(12) Pause Young (Allocation Failure) 107M->28M(490M) 10,554ms
[2019-08-15T15:13:03.149-0300][4,227s] GC(12) User=0,05s Sys=0,00s Real=0,01s
[2019-08-15T15:13:03.474-0300][4,551s] GC(13) Pause Young (Allocation Failure)
[2019-08-15T15:13:03.474-0300][4,551s] GC(13) Using 4 workers of 4 for evacuation
[2019-08-15T15:13:03.481-0300][4,558s] GC(13) ParNew: 104062K->13667K(109248K)
[2019-08-15T15:13:03.481-0300][4,558s] GC(13) CMS: 12540K->15746K(393216K)
[2019-08-15T15:13:03.481-0300][4,558s] GC(13) Metaspace: 43123K->43123K(1089536K)
[2019-08-15T15:13:03.481-0300][4,558s] GC(13) Pause Young (Allocation Failure) 113M->28M(490M) 7,031ms
[2019-08-15T15:13:03.481-0300][4,558s] GC(13) User=0,02s Sys=0,00s Real=0,01s
[2019-08-15T15:13:03.481-0300][4,558s] GC(14) Pause Young (GCLocker Initiated GC)
[2019-08-15T15:13:03.481-0300][4,558s] GC(14) Using 4 workers of 4 for evacuation
[2019-08-15T15:13:03.485-0300][4,563s] GC(14) ParNew: 14744K->9280K(109248K)
[2019-08-15T15:13:03.485-0300][4,563s] GC(14) CMS: 15746K->15926K(393216K)
[2019-08-15T15:13:03.485-0300][4,563s] GC(14) Metaspace: 43123K->43123K(1089536K)
[2019-08-15T15:13:03.485-0300][4,563s] GC(14) Pause Young (GCLocker Initiated GC) 29M->24M(490M) 4,149ms
[2019-08-15T15:13:03.485-0300][4,563s] GC(14) User=0,02s Sys=0,00s Real=0,00s
[2019-08-15T15:13:03.738-0300][4,815s] GC(15) Pause Young (Allocation Failure)
[2019-08-15T15:13:03.738-0300][4,815s] GC(15) Using 4 workers of 4 for evacuation
[2019-08-15T15:13:03.744-0300][4,822s] GC(15) ParNew: 96704K->10794K(109248K)
[2019-08-15T15:13:03.744-0300][4,822s] GC(15) CMS: 15926K->16310K(393216K)
[2019-08-15T15:13:03.744-0300][4,822s] GC(15) Metaspace: 44845K->44845K(1089536K)
[2019-08-15T15:13:03.744-0300][4,822s] GC(15) Pause Young (Allocation Failure) 109M->26M(490M) 6,527ms
[2019-08-15T15:13:03.744-0300][4,822s] GC(15) User=0,04s Sys=0,00s Real=0,00s
[2019-08-15T15:13:04.443-0300][5,520s] GC(16) Pause Young (Allocation Failure)
[2019-08-15T15:13:04.443-0300][5,520s] GC(16) Using 4 workers of 4 for evacuation
[2019-08-15T15:13:04.484-0300][5,561s] GC(16) ParNew: 98218K->21824K(109248K)
[2019-08-15T15:13:04.484-0300][5,561s] GC(16) CMS: 16310K->29185K(393216K)
[2019-08-15T15:13:04.484-0300][5,561s] GC(16) Metaspace: 48050K->48050K(1093632K)
[2019-08-15T15:13:04.484-0300][5,561s] GC(16) Pause Young (Allocation Failure) 111M->49M(490M) 40,935ms
[2019-08-15T15:13:04.484-0300][5,561s] GC(16) User=0,12s Sys=0,01s Real=0,04s
[2019-08-15T15:13:04.591-0300][5,668s] GC(17) Pause Young (Allocation Failure)
[2019-08-15T15:13:04.591-0300][5,668s] GC(17) Using 4 workers of 4 for evacuation
[2019-08-15T15:13:04.623-0300][5,700s] GC(17) ParNew: 109248K->21824K(109248K)
[2019-08-15T15:13:04.623-0300][5,700s] GC(17) CMS: 29185K->37328K(393216K)
[2019-08-15T15:13:04.623-0300][5,700s] GC(17) Metaspace: 48104K->48104K(1093632K)
[2019-08-15T15:13:04.623-0300][5,700s] GC(17) Pause Young (Allocation Failure) 135M->57M(490M) 32,242ms
[2019-08-15T15:13:04.623-0300][5,701s] GC(17) User=0,11s Sys=0,01s Real=0,03s
[2019-08-15T15:13:04.693-0300][5,770s] GC(18) Pause Young (Allocation Failure)
[2019-08-15T15:13:04.693-0300][5,770s] GC(18) Using 4 workers of 4 for evacuation
[2019-08-15T15:13:04.718-0300][5,796s] GC(18) ParNew: 109248K->21824K(109248K)
[2019-08-15T15:13:04.718-0300][5,796s] GC(18) CMS: 37328K->39732K(393216K)
[2019-08-15T15:13:04.718-0300][5,796s] GC(18) Metaspace: 48118K->48118K(1093632K)
[2019-08-15T15:13:04.718-0300][5,796s] GC(18) Pause Young (Allocation Failure) 143M->60M(490M) 25,520ms
[2019-08-15T15:13:04.718-0300][5,796s] GC(18) User=0,08s Sys=0,00s Real=0,03s
[2019-08-15T15:13:04.812-0300][5,889s] GC(19) Pause Young (Allocation Failure)
[2019-08-15T15:13:04.812-0300][5,890s] GC(19) Using 4 workers of 4 for evacuation
[2019-08-15T15:13:04.873-0300][5,950s] GC(19) ParNew: 109248K->21824K(109248K)
[2019-08-15T15:13:04.873-0300][5,950s] GC(19) CMS: 39732K->56706K(393216K)
[2019-08-15T15:13:04.873-0300][5,950s] GC(19) Metaspace: 48218K->48218K(1093632K)
[2019-08-15T15:13:04.873-0300][5,950s] GC(19) Pause Young (Allocation Failure) 145M->76M(490M) 60,876ms
[2019-08-15T15:13:04.873-0300][5,950s] GC(19) User=0,22s Sys=0,00s Real=0,06s
[2019-08-15T15:13:04.965-0300][6,042s] GC(20) Pause Young (Allocation Failure)
[2019-08-15T15:13:04.965-0300][6,042s] GC(20) Using 4 workers of 4 for evacuation
[2019-08-15T15:13:04.990-0300][6,068s] GC(20) ParNew: 109248K->18204K(109248K)
[2019-08-15T15:13:04.990-0300][6,068s] GC(20) CMS: 56706K->56706K(393216K)
[2019-08-15T15:13:04.990-0300][6,068s] GC(20) Metaspace: 48268K->48268K(1093632K)
[2019-08-15T15:13:04.990-0300][6,068s] GC(20) Pause Young (Allocation Failure) 162M->73M(490M) 25,606ms
[2019-08-15T15:13:04.990-0300][6,068s] GC(20) User=0,10s Sys=0,00s Real=0,03s
[2019-08-15T15:13:51.525-0300][52,602s] GC(21) Pause Young (Allocation Failure)
[2019-08-15T15:13:51.525-0300][52,603s] GC(21) Using 4 workers of 4 for evacuation
[2019-08-15T15:13:51.557-0300][52,634s] GC(21) ParNew: 105628K->21824K(109248K)
[2019-08-15T15:13:51.557-0300][52,634s] GC(21) CMS: 56706K->73053K(393216K)
[2019-08-15T15:13:51.557-0300][52,634s] GC(21) Metaspace: 48476K->48476K(1093632K)
[2019-08-15T15:13:51.557-0300][52,634s] GC(21) Pause Young (Allocation Failure) 158M->92M(490M) 31,952ms
[2019-08-15T15:13:51.557-0300][52,634s] GC(21) User=0,11s Sys=0,01s Real=0,04s
[2019-08-15T16:27:02.317-0300][4443,395s] GC(22) Pause Young (Allocation Failure)
[2019-08-15T16:27:02.317-0300][4443,395s] GC(22) Using 4 workers of 4 for evacuation
[2019-08-15T16:27:02.348-0300][4443,425s] GC(22) ParNew: 109248K->21824K(109248K)
[2019-08-15T16:27:02.348-0300][4443,425s] GC(22) CMS: 73053K->76779K(393216K)
[2019-08-15T16:27:02.348-0300][4443,425s] GC(22) Metaspace: 53254K->53254K(1097728K)
[2019-08-15T16:27:02.348-0300][4443,425s] GC(22) Pause Young (Allocation Failure) 178M->96M(490M) 30,465ms
[2019-08-15T16:27:02.348-0300][4443,425s] GC(22) User=0,11s Sys=0,00s Real=0,03s
[2019-08-15T16:59:54.006-0300][6415,084s] Heap
[2019-08-15T16:59:54.006-0300][6415,084s]  par new generation   total 109248K, used 60876K [0x00000000e0000000, 0x00000000e8000000, 0x00000000e8000000)
[2019-08-15T16:59:54.006-0300][6415,084s]   eden space 87424K,  44% used [0x00000000e0000000, 0x00000000e26232b0, 0x00000000e5560000)
[2019-08-15T16:59:54.006-0300][6415,084s]   from space 21824K, 100% used [0x00000000e6ab0000, 0x00000000e8000000, 0x00000000e8000000)
[2019-08-15T16:59:54.006-0300][6415,084s]   to   space 21824K,   0% used [0x00000000e5560000, 0x00000000e5560000, 0x00000000e6ab0000)
[2019-08-15T16:59:54.006-0300][6415,084s]  concurrent mark-sweep generation total 393216K, used 76779K [0x00000000e8000000, 0x0000000100000000, 0x0000000100000000)
[2019-08-15T16:59:54.006-0300][6415,084s]  Metaspace       used 54003K, capacity 55445K, committed 55756K, reserved 1097728K
[2019-08-15T16:59:54.006-0300][6415,084s]   class space    used 6217K, capacity 6783K, committed 6860K, reserved 1048576K
