[2019-08-16T10:19:38.459-0300][0.004s] Using Concurrent Mark Sweep
[2019-08-16T10:19:38.459-0300][0.004s] Heap address: 0x00000000e0000000, size: 512 MB, Compressed Oops mode: 32-bit
[2019-08-16T10:19:39.538-0300][1,082s] GC(0) Pause Young (Allocation Failure)
[2019-08-16T10:19:39.538-0300][1,083s] GC(0) Using 4 workers of 4 for evacuation
[2019-08-16T10:19:39.543-0300][1,088s] GC(0) ParNew: 87424K->9546K(109248K)
[2019-08-16T10:19:39.543-0300][1,088s] GC(0) CMS: 0K->0K(393216K)
[2019-08-16T10:19:39.543-0300][1,088s] GC(0) Metaspace: 22303K->22303K(1069056K)
[2019-08-16T10:19:39.543-0300][1,088s] GC(0) Pause Young (Allocation Failure) 85M->9M(490M) 5,646ms
[2019-08-16T10:19:39.543-0300][1,088s] GC(0) User=0,02s Sys=0,00s Real=0,01s
[2019-08-16T10:19:39.543-0300][1,088s] GC(1) Pause Initial Mark
[2019-08-16T10:19:39.545-0300][1,089s] GC(1) Pause Initial Mark 10M->10M(490M) 1,054ms
[2019-08-16T10:19:39.545-0300][1,089s] GC(1) User=0,00s Sys=0,00s Real=0,00s
[2019-08-16T10:19:39.545-0300][1,089s] GC(1) Concurrent Mark
[2019-08-16T10:19:39.545-0300][1,090s] GC(1) Using 4 workers of 4 for marking
[2019-08-16T10:19:39.545-0300][1,090s] GC(1) Concurrent Mark 0,612ms
[2019-08-16T10:19:39.545-0300][1,090s] GC(1) User=0,00s Sys=0,00s Real=0,00s
[2019-08-16T10:19:39.545-0300][1,090s] GC(1) Concurrent Preclean
[2019-08-16T10:19:39.546-0300][1,091s] GC(1) Concurrent Preclean 0,907ms
[2019-08-16T10:19:39.546-0300][1,091s] GC(1) User=0,01s Sys=0,00s Real=0,00s
[2019-08-16T10:19:39.547-0300][1,091s] GC(1) Pause Remark
[2019-08-16T10:19:39.547-0300][1,091s] GC(2) Pause Young (CMS Final Remark)
[2019-08-16T10:19:39.547-0300][1,091s] GC(2) Using 4 workers of 4 for evacuation
[2019-08-16T10:19:39.551-0300][1,096s] GC(2) ParNew: 11215K->12178K(109248K)
[2019-08-16T10:19:39.551-0300][1,096s] GC(2) CMS: 0K->0K(393216K)
[2019-08-16T10:19:39.551-0300][1,096s] GC(2) Metaspace: 22315K->22315K(1069056K)
[2019-08-16T10:19:39.551-0300][1,096s] GC(2) Pause Young (CMS Final Remark) 10M->11M(490M) 4,833ms
[2019-08-16T10:19:39.551-0300][1,096s] GC(2) User=0,01s Sys=0,01s Real=0,00s
[2019-08-16T10:19:39.555-0300][1,100s] GC(1) Pause Remark 10M->11M(490M) 8,591ms
[2019-08-16T10:19:39.555-0300][1,100s] GC(1) User=0,01s Sys=0,01s Real=0,01s
[2019-08-16T10:19:39.555-0300][1,100s] GC(1) Concurrent Sweep
[2019-08-16T10:19:39.555-0300][1,100s] GC(1) Concurrent Sweep 0,030ms
[2019-08-16T10:19:39.555-0300][1,100s] GC(1) User=0,00s Sys=0,00s Real=0,00s
[2019-08-16T10:19:39.555-0300][1,100s] GC(1) Concurrent Reset
[2019-08-16T10:19:39.560-0300][1,104s] GC(1) Concurrent Reset 4,204ms
[2019-08-16T10:19:39.560-0300][1,104s] GC(1) User=0,01s Sys=0,01s Real=0,01s
[2019-08-16T10:19:39.560-0300][1,104s] GC(1) Old: 0K->0K(393216K)
[2019-08-16T10:19:40.338-0300][1,883s] GC(3) Pause Young (Allocation Failure)
[2019-08-16T10:19:40.338-0300][1,883s] GC(3) Using 4 workers of 4 for evacuation
[2019-08-16T10:19:40.345-0300][1,889s] GC(3) ParNew: 99602K->14158K(109248K)
[2019-08-16T10:19:40.345-0300][1,889s] GC(3) CMS: 0K->0K(393216K)
[2019-08-16T10:19:40.345-0300][1,889s] GC(3) Metaspace: 29916K->29916K(1077248K)
[2019-08-16T10:19:40.345-0300][1,889s] GC(3) Pause Young (Allocation Failure) 97M->13M(490M) 6,498ms
[2019-08-16T10:19:40.345-0300][1,889s] GC(3) User=0,04s Sys=0,00s Real=0,01s
[2019-08-16T10:19:40.915-0300][2,460s] GC(4) Pause Young (Allocation Failure)
[2019-08-16T10:19:40.915-0300][2,460s] GC(4) Using 4 workers of 4 for evacuation
[2019-08-16T10:19:40.924-0300][2,469s] GC(4) ParNew: 101582K->21824K(109248K)
[2019-08-16T10:19:40.924-0300][2,469s] GC(4) CMS: 0K->0K(393216K)
[2019-08-16T10:19:40.924-0300][2,469s] GC(4) Metaspace: 36494K->36494K(1083392K)
[2019-08-16T10:19:40.924-0300][2,469s] GC(4) Pause Young (Allocation Failure) 99M->21M(490M) 9,172ms
[2019-08-16T10:19:40.924-0300][2,469s] GC(4) User=0,05s Sys=0,00s Real=0,01s
[2019-08-16T10:19:41.044-0300][2,588s] GC(5) Pause Young (Allocation Failure)
[2019-08-16T10:19:41.044-0300][2,588s] GC(5) Using 4 workers of 4 for evacuation
[2019-08-16T10:19:41.052-0300][2,596s] GC(5) ParNew: 109248K->21824K(109248K)
[2019-08-16T10:19:41.052-0300][2,596s] GC(5) CMS: 0K->0K(393216K)
[2019-08-16T10:19:41.052-0300][2,596s] GC(5) Metaspace: 37164K->37164K(1083392K)
[2019-08-16T10:19:41.052-0300][2,596s] GC(5) Pause Young (Allocation Failure) 106M->21M(490M) 7,820ms
[2019-08-16T10:19:41.052-0300][2,596s] GC(5) User=0,04s Sys=0,00s Real=0,01s
[2019-08-16T10:19:41.052-0300][2,596s] GC(6) Pause Initial Mark
[2019-08-16T10:19:41.054-0300][2,599s] GC(6) Pause Initial Mark 22M->22M(490M) 2,557ms
[2019-08-16T10:19:41.054-0300][2,599s] GC(6) User=0,00s Sys=0,00s Real=0,00s
[2019-08-16T10:19:41.054-0300][2,599s] GC(6) Concurrent Mark
[2019-08-16T10:19:41.054-0300][2,599s] GC(6) Using 4 workers of 4 for marking
[2019-08-16T10:19:41.055-0300][2,599s] GC(6) Concurrent Mark 0,102ms
[2019-08-16T10:19:41.055-0300][2,599s] GC(6) User=0,00s Sys=0,00s Real=0,00s
[2019-08-16T10:19:41.055-0300][2,599s] GC(6) Concurrent Preclean
[2019-08-16T10:19:41.056-0300][2,600s] GC(6) Concurrent Preclean 0,961ms
[2019-08-16T10:19:41.056-0300][2,600s] GC(6) User=0,01s Sys=0,00s Real=0,00s
[2019-08-16T10:19:41.056-0300][2,600s] GC(6) Concurrent Abortable Preclean
[2019-08-16T10:19:41.189-0300][2,734s] GC(6) Concurrent Abortable Preclean 133,455ms
[2019-08-16T10:19:41.189-0300][2,734s] GC(6) User=0,87s Sys=0,02s Real=0,13s
[2019-08-16T10:19:41.192-0300][2,736s] GC(6) Pause Remark
[2019-08-16T10:19:41.192-0300][2,736s] GC(7) Pause Young (CMS Final Remark)
[2019-08-16T10:19:41.192-0300][2,736s] GC(7) Using 4 workers of 4 for evacuation
[2019-08-16T10:19:41.202-0300][2,746s] GC(7) ParNew: 91185K->21824K(109248K)
[2019-08-16T10:19:41.202-0300][2,746s] GC(7) CMS: 0K->0K(393216K)
[2019-08-16T10:19:41.202-0300][2,746s] GC(7) Metaspace: 37891K->37891K(1083392K)
[2019-08-16T10:19:41.202-0300][2,746s] GC(7) Pause Young (CMS Final Remark) 89M->21M(490M) 9,718ms
[2019-08-16T10:19:41.202-0300][2,746s] GC(7) User=0,06s Sys=0,00s Real=0,01s
[2019-08-16T10:19:41.210-0300][2,755s] GC(6) Pause Remark 89M->21M(490M) 18,335ms
[2019-08-16T10:19:41.210-0300][2,755s] GC(6) User=0,09s Sys=0,00s Real=0,01s
[2019-08-16T10:19:41.210-0300][2,755s] GC(6) Concurrent Sweep
[2019-08-16T10:19:41.210-0300][2,755s] GC(6) Concurrent Sweep 0,049ms
[2019-08-16T10:19:41.210-0300][2,755s] GC(6) User=0,00s Sys=0,00s Real=0,00s
[2019-08-16T10:19:41.210-0300][2,755s] GC(6) Concurrent Reset
[2019-08-16T10:19:41.211-0300][2,755s] GC(6) Concurrent Reset 0,325ms
[2019-08-16T10:19:41.211-0300][2,755s] GC(6) User=0,00s Sys=0,00s Real=0,00s
[2019-08-16T10:19:41.211-0300][2,755s] GC(6) Old: 0K->0K(393216K)
[2019-08-16T10:19:41.256-0300][2,800s] GC(8) Pause Young (Allocation Failure)
[2019-08-16T10:19:41.256-0300][2,800s] GC(8) Using 4 workers of 4 for evacuation
[2019-08-16T10:19:41.265-0300][2,809s] GC(8) ParNew: 109248K->21824K(109248K)
[2019-08-16T10:19:41.265-0300][2,809s] GC(8) CMS: 0K->0K(393216K)
[2019-08-16T10:19:41.265-0300][2,809s] GC(8) Metaspace: 37993K->37993K(1083392K)
[2019-08-16T10:19:41.265-0300][2,809s] GC(8) Pause Young (Allocation Failure) 106M->21M(490M) 8,848ms
[2019-08-16T10:19:41.265-0300][2,809s] GC(8) User=0,04s Sys=0,00s Real=0,01s
[2019-08-16T10:19:41.299-0300][2,843s] GC(9) Pause Young (Allocation Failure)
[2019-08-16T10:19:41.299-0300][2,843s] GC(9) Using 4 workers of 4 for evacuation
[2019-08-16T10:19:41.307-0300][2,852s] GC(9) ParNew: 109248K->21824K(109248K)
[2019-08-16T10:19:41.307-0300][2,852s] GC(9) CMS: 0K->365K(393216K)
[2019-08-16T10:19:41.307-0300][2,852s] GC(9) Metaspace: 38045K->38045K(1083392K)
[2019-08-16T10:19:41.307-0300][2,852s] GC(9) Pause Young (Allocation Failure) 106M->21M(490M) 8,596ms
[2019-08-16T10:19:41.307-0300][2,852s] GC(9) User=0,06s Sys=0,00s Real=0,01s
[2019-08-16T10:19:41.354-0300][2,898s] GC(10) Pause Young (Allocation Failure)
[2019-08-16T10:19:41.354-0300][2,898s] GC(10) Using 4 workers of 4 for evacuation
[2019-08-16T10:19:41.366-0300][2,911s] GC(10) ParNew: 109248K->18750K(109248K)
[2019-08-16T10:19:41.367-0300][2,911s] GC(10) CMS: 365K->9678K(393216K)
[2019-08-16T10:19:41.367-0300][2,911s] GC(10) Metaspace: 38243K->38243K(1083392K)
[2019-08-16T10:19:41.367-0300][2,911s] GC(10) Pause Young (Allocation Failure) 107M->27M(490M) 12,618ms
[2019-08-16T10:19:41.367-0300][2,911s] GC(10) User=0,04s Sys=0,01s Real=0,01s
[2019-08-16T10:19:41.697-0300][3,242s] GC(11) Pause Young (Allocation Failure)
[2019-08-16T10:19:41.697-0300][3,242s] GC(11) Using 4 workers of 4 for evacuation
[2019-08-16T10:19:41.706-0300][3,250s] GC(11) ParNew: 106174K->20577K(109248K)
[2019-08-16T10:19:41.706-0300][3,250s] GC(11) CMS: 9678K->9678K(393216K)
[2019-08-16T10:19:41.706-0300][3,250s] GC(11) Metaspace: 40082K->40082K(1085440K)
[2019-08-16T10:19:41.706-0300][3,250s] GC(11) Pause Young (Allocation Failure) 113M->29M(490M) 8,713ms
[2019-08-16T10:19:41.706-0300][3,250s] GC(11) User=0,04s Sys=0,00s Real=0,01s
[2019-08-16T10:19:41.970-0300][3,514s] GC(12) Pause Young (Allocation Failure)
[2019-08-16T10:19:41.970-0300][3,514s] GC(12) Using 4 workers of 4 for evacuation
[2019-08-16T10:19:41.981-0300][3,526s] GC(12) ParNew: 108001K->15309K(109248K)
[2019-08-16T10:19:41.981-0300][3,526s] GC(12) CMS: 9678K->12518K(393216K)
[2019-08-16T10:19:41.981-0300][3,526s] GC(12) Metaspace: 42009K->42009K(1087488K)
[2019-08-16T10:19:41.981-0300][3,526s] GC(12) Pause Young (Allocation Failure) 114M->27M(490M) 11,651ms
[2019-08-16T10:19:41.981-0300][3,526s] GC(12) User=0,06s Sys=0,01s Real=0,02s
[2019-08-16T10:19:42.156-0300][3,700s] GC(13) Pause Young (Allocation Failure)
[2019-08-16T10:19:42.156-0300][3,701s] GC(13) Using 4 workers of 4 for evacuation
[2019-08-16T10:19:42.164-0300][3,709s] GC(13) ParNew: 102733K->12483K(109248K)
[2019-08-16T10:19:42.164-0300][3,709s] GC(13) CMS: 12518K->15709K(393216K)
[2019-08-16T10:19:42.164-0300][3,709s] GC(13) Metaspace: 43705K->43705K(1089536K)
[2019-08-16T10:19:42.164-0300][3,709s] GC(13) Pause Young (Allocation Failure) 112M->27M(490M) 8,194ms
[2019-08-16T10:19:42.164-0300][3,709s] GC(13) User=0,04s Sys=0,00s Real=0,01s
[2019-08-16T10:19:42.455-0300][4,000s] GC(14) Pause Young (Allocation Failure)
[2019-08-16T10:19:42.455-0300][4,000s] GC(14) Using 4 workers of 4 for evacuation
[2019-08-16T10:19:42.481-0300][4,026s] GC(14) ParNew: 99907K->21824K(109248K)
[2019-08-16T10:19:42.481-0300][4,026s] GC(14) CMS: 15709K->27850K(393216K)
[2019-08-16T10:19:42.481-0300][4,026s] GC(14) Metaspace: 47495K->47495K(1091584K)
[2019-08-16T10:19:42.481-0300][4,026s] GC(14) Pause Young (Allocation Failure) 112M->48M(490M) 25,976ms
[2019-08-16T10:19:42.481-0300][4,026s] GC(14) User=0,15s Sys=0,01s Real=0,03s
[2019-08-16T10:19:42.594-0300][4,138s] GC(15) Pause Young (Allocation Failure)
[2019-08-16T10:19:42.594-0300][4,138s] GC(15) Using 4 workers of 4 for evacuation
[2019-08-16T10:19:42.612-0300][4,156s] GC(15) ParNew: 109248K->21824K(109248K)
[2019-08-16T10:19:42.612-0300][4,156s] GC(15) CMS: 27850K->34168K(393216K)
[2019-08-16T10:19:42.612-0300][4,156s] GC(15) Metaspace: 48097K->48097K(1093632K)
[2019-08-16T10:19:42.612-0300][4,156s] GC(15) Pause Young (Allocation Failure) 133M->54M(490M) 18,002ms
[2019-08-16T10:19:42.612-0300][4,156s] GC(15) User=0,09s Sys=0,00s Real=0,02s
[2019-08-16T10:19:42.643-0300][4,187s] GC(16) Pause Young (Allocation Failure)
[2019-08-16T10:19:42.643-0300][4,187s] GC(16) Using 4 workers of 4 for evacuation
[2019-08-16T10:19:42.656-0300][4,201s] GC(16) ParNew: 109248K->21824K(109248K)
[2019-08-16T10:19:42.656-0300][4,201s] GC(16) CMS: 34168K->36049K(393216K)
[2019-08-16T10:19:42.656-0300][4,201s] GC(16) Metaspace: 48116K->48116K(1093632K)
[2019-08-16T10:19:42.656-0300][4,201s] GC(16) Pause Young (Allocation Failure) 140M->56M(490M) 13,254ms
[2019-08-16T10:19:42.656-0300][4,201s] GC(16) User=0,08s Sys=0,00s Real=0,01s
[2019-08-16T10:19:42.691-0300][4,236s] GC(17) Pause Young (Allocation Failure)
[2019-08-16T10:19:42.691-0300][4,236s] GC(17) Using 4 workers of 4 for evacuation
[2019-08-16T10:19:42.712-0300][4,256s] GC(17) ParNew: 109248K->21824K(109248K)
[2019-08-16T10:19:42.712-0300][4,256s] GC(17) CMS: 36049K->53780K(393216K)
[2019-08-16T10:19:42.712-0300][4,256s] GC(17) Metaspace: 48159K->48159K(1093632K)
[2019-08-16T10:19:42.712-0300][4,256s] GC(17) Pause Young (Allocation Failure) 141M->73M(490M) 20,547ms
[2019-08-16T10:19:42.712-0300][4,256s] GC(17) User=0,08s Sys=0,00s Real=0,03s
[2019-08-16T10:19:42.766-0300][4,311s] GC(18) Pause Young (Allocation Failure)
[2019-08-16T10:19:42.766-0300][4,311s] GC(18) Using 4 workers of 4 for evacuation
[2019-08-16T10:19:42.773-0300][4,318s] GC(18) ParNew: 109248K->16178K(109248K)
[2019-08-16T10:19:42.774-0300][4,318s] GC(18) CMS: 53780K->53780K(393216K)
[2019-08-16T10:19:42.774-0300][4,318s] GC(18) Metaspace: 48231K->48231K(1093632K)
[2019-08-16T10:19:42.774-0300][4,318s] GC(18) Pause Young (Allocation Failure) 159M->68M(490M) 7,459ms
[2019-08-16T10:19:42.774-0300][4,318s] GC(18) User=0,04s Sys=0,00s Real=0,01s
[2019-08-16T10:19:42.896-0300][4,441s] GC(19) Pause Young (Allocation Failure)
[2019-08-16T10:19:42.896-0300][4,441s] GC(19) Using 4 workers of 4 for evacuation
[2019-08-16T10:19:42.922-0300][4,467s] GC(19) ParNew: 103602K->21824K(109248K)
[2019-08-16T10:19:42.922-0300][4,467s] GC(19) CMS: 53780K->65905K(393216K)
[2019-08-16T10:19:42.922-0300][4,467s] GC(19) Metaspace: 48411K->48411K(1093632K)
[2019-08-16T10:19:42.922-0300][4,467s] GC(19) Pause Young (Allocation Failure) 153M->85M(490M) 26,362ms
[2019-08-16T10:19:42.922-0300][4,467s] GC(19) User=0,14s Sys=0,01s Real=0,03s
[2019-08-16T10:36:42.236-0300][1023,781s] Heap
[2019-08-16T10:36:42.236-0300][1023,781s]  par new generation   total 109248K, used 76374K [0x00000000e0000000, 0x00000000e8000000, 0x00000000e8000000)
[2019-08-16T10:36:42.236-0300][1023,781s]   eden space 87424K,  62% used [0x00000000e0000000, 0x00000000e3545820, 0x00000000e5560000)
[2019-08-16T10:36:42.236-0300][1023,781s]   from space 21824K, 100% used [0x00000000e5560000, 0x00000000e6ab0000, 0x00000000e6ab0000)
[2019-08-16T10:36:42.236-0300][1023,781s]   to   space 21824K,   0% used [0x00000000e6ab0000, 0x00000000e6ab0000, 0x00000000e8000000)
[2019-08-16T10:36:42.236-0300][1023,781s]  concurrent mark-sweep generation total 393216K, used 65905K [0x00000000e8000000, 0x0000000100000000, 0x0000000100000000)
[2019-08-16T10:36:42.236-0300][1023,781s]  Metaspace       used 52149K, capacity 53644K, committed 53900K, reserved 1097728K
[2019-08-16T10:36:42.236-0300][1023,781s]   class space    used 6029K, capacity 6598K, committed 6604K, reserved 1048576K
