[2019-08-16T10:00:55.671-0300][0.004s] Using Concurrent Mark Sweep
[2019-08-16T10:00:55.671-0300][0.004s] Heap address: 0x00000000e0000000, size: 512 MB, Compressed Oops mode: 32-bit
[2019-08-16T10:00:56.553-0300][0,886s] GC(0) Pause Young (Allocation Failure)
[2019-08-16T10:00:56.553-0300][0,886s] GC(0) Using 4 workers of 4 for evacuation
[2019-08-16T10:00:56.559-0300][0,892s] GC(0) ParNew: 87424K->9457K(109248K)
[2019-08-16T10:00:56.559-0300][0,892s] GC(0) CMS: 0K->0K(393216K)
[2019-08-16T10:00:56.559-0300][0,892s] GC(0) Metaspace: 22233K->22233K(1069056K)
[2019-08-16T10:00:56.559-0300][0,892s] GC(0) Pause Young (Allocation Failure) 85M->9M(490M) 6,093ms
[2019-08-16T10:00:56.559-0300][0,892s] GC(0) User=0,02s Sys=0,01s Real=0,00s
[2019-08-16T10:00:56.559-0300][0,892s] GC(1) Pause Initial Mark
[2019-08-16T10:00:56.560-0300][0,893s] GC(1) Pause Initial Mark 10M->10M(490M) 1,275ms
[2019-08-16T10:00:56.560-0300][0,893s] GC(1) User=0,00s Sys=0,00s Real=0,01s
[2019-08-16T10:00:56.560-0300][0,893s] GC(1) Concurrent Mark
[2019-08-16T10:00:56.561-0300][0,894s] GC(1) Using 4 workers of 4 for marking
[2019-08-16T10:00:56.561-0300][0,894s] GC(1) Concurrent Mark 1,020ms
[2019-08-16T10:00:56.561-0300][0,894s] GC(1) User=0,01s Sys=0,00s Real=0,00s
[2019-08-16T10:00:56.562-0300][0,895s] GC(1) Concurrent Preclean
[2019-08-16T10:00:56.562-0300][0,895s] GC(1) Concurrent Preclean 0,570ms
[2019-08-16T10:00:56.562-0300][0,895s] GC(1) User=0,00s Sys=0,00s Real=0,00s
[2019-08-16T10:00:56.562-0300][0,895s] GC(1) Pause Remark
[2019-08-16T10:00:56.562-0300][0,895s] GC(2) Pause Young (CMS Final Remark)
[2019-08-16T10:00:56.562-0300][0,895s] GC(2) Using 4 workers of 4 for evacuation
[2019-08-16T10:00:56.567-0300][0,900s] GC(2) ParNew: 11167K->12376K(109248K)
[2019-08-16T10:00:56.567-0300][0,900s] GC(2) CMS: 0K->0K(393216K)
[2019-08-16T10:00:56.567-0300][0,900s] GC(2) Metaspace: 22261K->22261K(1069056K)
[2019-08-16T10:00:56.567-0300][0,900s] GC(2) Pause Young (CMS Final Remark) 10M->12M(490M) 4,648ms
[2019-08-16T10:00:56.567-0300][0,900s] GC(2) User=0,01s Sys=0,00s Real=0,00s
[2019-08-16T10:00:56.571-0300][0,904s] GC(1) Pause Remark 10M->12M(490M) 8,411ms
[2019-08-16T10:00:56.571-0300][0,904s] GC(1) User=0,02s Sys=0,00s Real=0,00s
[2019-08-16T10:00:56.571-0300][0,904s] GC(1) Concurrent Sweep
[2019-08-16T10:00:56.571-0300][0,904s] GC(1) Concurrent Sweep 0,223ms
[2019-08-16T10:00:56.571-0300][0,904s] GC(1) User=0,00s Sys=0,00s Real=0,00s
[2019-08-16T10:00:56.571-0300][0,904s] GC(1) Concurrent Reset
[2019-08-16T10:00:56.575-0300][0,907s] GC(1) Concurrent Reset 3,173ms
[2019-08-16T10:00:56.575-0300][0,908s] GC(1) User=0,00s Sys=0,01s Real=0,01s
[2019-08-16T10:00:56.575-0300][0,908s] GC(1) Old: 0K->0K(393216K)
[2019-08-16T10:00:57.320-0300][1,653s] GC(3) Pause Young (Allocation Failure)
[2019-08-16T10:00:57.320-0300][1,653s] GC(3) Using 4 workers of 4 for evacuation
[2019-08-16T10:00:57.326-0300][1,659s] GC(3) ParNew: 99800K->14413K(109248K)
[2019-08-16T10:00:57.326-0300][1,659s] GC(3) CMS: 0K->0K(393216K)
[2019-08-16T10:00:57.326-0300][1,659s] GC(3) Metaspace: 30294K->30294K(1077248K)
[2019-08-16T10:00:57.326-0300][1,659s] GC(3) Pause Young (Allocation Failure) 97M->14M(490M) 6,015ms
[2019-08-16T10:00:57.326-0300][1,659s] GC(3) User=0,03s Sys=0,00s Real=0,00s
[2019-08-16T10:00:57.741-0300][2,074s] GC(4) Pause Young (Allocation Failure)
[2019-08-16T10:00:57.741-0300][2,074s] GC(4) Using 4 workers of 4 for evacuation
[2019-08-16T10:00:57.750-0300][2,083s] GC(4) ParNew: 101829K->20388K(109248K)
[2019-08-16T10:00:57.750-0300][2,083s] GC(4) CMS: 0K->0K(393216K)
[2019-08-16T10:00:57.750-0300][2,083s] GC(4) Metaspace: 36495K->36495K(1083392K)
[2019-08-16T10:00:57.750-0300][2,083s] GC(4) Pause Young (Allocation Failure) 99M->19M(490M) 8,247ms
[2019-08-16T10:00:57.750-0300][2,083s] GC(4) User=0,04s Sys=0,00s Real=0,00s
[2019-08-16T10:00:57.897-0300][2,230s] GC(5) Pause Young (Allocation Failure)
[2019-08-16T10:00:57.897-0300][2,230s] GC(5) Using 4 workers of 4 for evacuation
[2019-08-16T10:00:57.905-0300][2,238s] GC(5) ParNew: 107812K->21239K(109248K)
[2019-08-16T10:00:57.905-0300][2,238s] GC(5) CMS: 0K->0K(393216K)
[2019-08-16T10:00:57.905-0300][2,238s] GC(5) Metaspace: 37146K->37146K(1083392K)
[2019-08-16T10:00:57.905-0300][2,238s] GC(5) Pause Young (Allocation Failure) 105M->20M(490M) 7,947ms
[2019-08-16T10:00:57.905-0300][2,238s] GC(5) User=0,04s Sys=0,00s Real=0,01s
[2019-08-16T10:00:57.905-0300][2,238s] GC(6) Pause Initial Mark
[2019-08-16T10:00:57.907-0300][2,240s] GC(6) Pause Initial Mark 21M->21M(490M) 2,091ms
[2019-08-16T10:00:57.907-0300][2,240s] GC(6) User=0,00s Sys=0,00s Real=0,00s
[2019-08-16T10:00:57.907-0300][2,240s] GC(6) Concurrent Mark
[2019-08-16T10:00:57.907-0300][2,240s] GC(6) Using 4 workers of 4 for marking
[2019-08-16T10:00:57.907-0300][2,240s] GC(6) Concurrent Mark 0,166ms
[2019-08-16T10:00:57.907-0300][2,240s] GC(6) User=0,01s Sys=0,00s Real=0,00s
[2019-08-16T10:00:57.907-0300][2,240s] GC(6) Concurrent Preclean
[2019-08-16T10:00:57.908-0300][2,241s] GC(6) Concurrent Preclean 0,891ms
[2019-08-16T10:00:57.908-0300][2,241s] GC(6) User=0,00s Sys=0,00s Real=0,00s
[2019-08-16T10:00:57.908-0300][2,241s] GC(6) Pause Remark
[2019-08-16T10:00:57.908-0300][2,241s] GC(7) Pause Young (CMS Final Remark)
[2019-08-16T10:00:57.908-0300][2,241s] GC(7) Using 4 workers of 4 for evacuation
[2019-08-16T10:00:57.915-0300][2,248s] GC(7) ParNew: 22410K->17635K(109248K)
[2019-08-16T10:00:57.915-0300][2,248s] GC(7) CMS: 0K->0K(393216K)
[2019-08-16T10:00:57.915-0300][2,248s] GC(7) Metaspace: 37153K->37153K(1083392K)
[2019-08-16T10:00:57.915-0300][2,248s] GC(7) Pause Young (CMS Final Remark) 21M->17M(490M) 6,586ms
[2019-08-16T10:00:57.915-0300][2,248s] GC(7) User=0,03s Sys=0,00s Real=0,01s
[2019-08-16T10:00:57.922-0300][2,255s] GC(6) Pause Remark 21M->17M(490M) 13,613ms
[2019-08-16T10:00:57.922-0300][2,255s] GC(6) User=0,04s Sys=0,00s Real=0,02s
[2019-08-16T10:00:57.922-0300][2,255s] GC(6) Concurrent Sweep
[2019-08-16T10:00:57.922-0300][2,255s] GC(6) Concurrent Sweep 0,018ms
[2019-08-16T10:00:57.922-0300][2,255s] GC(6) User=0,00s Sys=0,00s Real=0,00s
[2019-08-16T10:00:57.922-0300][2,255s] GC(6) Concurrent Reset
[2019-08-16T10:00:57.922-0300][2,255s] GC(6) Concurrent Reset 0,270ms
[2019-08-16T10:00:57.922-0300][2,255s] GC(6) User=0,00s Sys=0,00s Real=0,00s
[2019-08-16T10:00:57.922-0300][2,255s] GC(6) Old: 0K->0K(393216K)
[2019-08-16T10:00:58.051-0300][2,384s] GC(8) Pause Young (Allocation Failure)
[2019-08-16T10:00:58.051-0300][2,384s] GC(8) Using 4 workers of 4 for evacuation
[2019-08-16T10:00:58.060-0300][2,393s] GC(8) ParNew: 105059K->21824K(109248K)
[2019-08-16T10:00:58.060-0300][2,393s] GC(8) CMS: 0K->149K(393216K)
[2019-08-16T10:00:58.060-0300][2,393s] GC(8) Metaspace: 37859K->37859K(1083392K)
[2019-08-16T10:00:58.060-0300][2,393s] GC(8) Pause Young (Allocation Failure) 102M->21M(490M) 9,236ms
[2019-08-16T10:00:58.060-0300][2,393s] GC(8) User=0,05s Sys=0,01s Real=0,02s
[2019-08-16T10:00:58.108-0300][2,441s] GC(9) Pause Young (Allocation Failure)
[2019-08-16T10:00:58.108-0300][2,441s] GC(9) Using 4 workers of 4 for evacuation
[2019-08-16T10:00:58.116-0300][2,449s] GC(9) ParNew: 109248K->21824K(109248K)
[2019-08-16T10:00:58.116-0300][2,449s] GC(9) CMS: 149K->149K(393216K)
[2019-08-16T10:00:58.116-0300][2,449s] GC(9) Metaspace: 37966K->37966K(1083392K)
[2019-08-16T10:00:58.116-0300][2,449s] GC(9) Pause Young (Allocation Failure) 106M->21M(490M) 8,016ms
[2019-08-16T10:00:58.116-0300][2,449s] GC(9) User=0,04s Sys=0,00s Real=0,01s
[2019-08-16T10:00:58.157-0300][2,490s] GC(10) Pause Young (Allocation Failure)
[2019-08-16T10:00:58.157-0300][2,490s] GC(10) Using 4 workers of 4 for evacuation
[2019-08-16T10:00:58.170-0300][2,503s] GC(10) ParNew: 109248K->18155K(109248K)
[2019-08-16T10:00:58.170-0300][2,503s] GC(10) CMS: 149K->9588K(393216K)
[2019-08-16T10:00:58.170-0300][2,503s] GC(10) Metaspace: 38100K->38100K(1083392K)
[2019-08-16T10:00:58.170-0300][2,503s] GC(10) Pause Young (Allocation Failure) 106M->27M(490M) 12,796ms
[2019-08-16T10:00:58.170-0300][2,503s] GC(10) User=0,06s Sys=0,00s Real=0,01s
[2019-08-16T10:00:58.203-0300][2,536s] GC(11) Pause Young (Allocation Failure)
[2019-08-16T10:00:58.203-0300][2,536s] GC(11) Using 4 workers of 4 for evacuation
[2019-08-16T10:00:58.208-0300][2,541s] GC(11) ParNew: 105558K->14495K(109248K)
[2019-08-16T10:00:58.208-0300][2,541s] GC(11) CMS: 9588K->9655K(393216K)
[2019-08-16T10:00:58.208-0300][2,541s] GC(11) Metaspace: 38212K->38212K(1083392K)
[2019-08-16T10:00:58.208-0300][2,541s] GC(11) Pause Young (Allocation Failure) 112M->23M(490M) 4,666ms
[2019-08-16T10:00:58.208-0300][2,541s] GC(11) User=0,02s Sys=0,00s Real=0,00s
[2019-08-16T10:00:58.757-0300][3,090s] GC(12) Pause Young (Allocation Failure)
[2019-08-16T10:00:58.757-0300][3,090s] GC(12) Using 4 workers of 4 for evacuation
[2019-08-16T10:00:58.781-0300][3,114s] GC(12) ParNew: 101919K->16754K(109248K)
[2019-08-16T10:00:58.781-0300][3,114s] GC(12) CMS: 9655K->12555K(393216K)
[2019-08-16T10:00:58.781-0300][3,114s] GC(12) Metaspace: 40023K->40023K(1085440K)
[2019-08-16T10:00:58.782-0300][3,114s] GC(12) Pause Young (Allocation Failure) 108M->28M(490M) 24,544ms
[2019-08-16T10:00:58.782-0300][3,114s] GC(12) User=0,09s Sys=0,00s Real=0,03s
[2019-08-16T10:00:59.208-0300][3,541s] GC(13) Pause Young (Allocation Failure)
[2019-08-16T10:00:59.208-0300][3,541s] GC(13) Using 4 workers of 4 for evacuation
[2019-08-16T10:00:59.228-0300][3,561s] GC(13) ParNew: 104178K->14015K(109248K)
[2019-08-16T10:00:59.228-0300][3,561s] GC(13) CMS: 12555K->15716K(393216K)
[2019-08-16T10:00:59.228-0300][3,561s] GC(13) Metaspace: 43290K->43290K(1089536K)
[2019-08-16T10:00:59.228-0300][3,561s] GC(13) Pause Young (Allocation Failure) 113M->29M(490M) 20,133ms
[2019-08-16T10:00:59.229-0300][3,561s] GC(13) User=0,07s Sys=0,00s Real=0,02s
[2019-08-16T10:00:59.608-0300][3,941s] GC(14) Pause Young (Allocation Failure)
[2019-08-16T10:00:59.608-0300][3,941s] GC(14) Using 4 workers of 4 for evacuation
[2019-08-16T10:00:59.626-0300][3,959s] GC(14) ParNew: 101439K->17853K(109248K)
[2019-08-16T10:00:59.626-0300][3,959s] GC(14) CMS: 15716K->15891K(393216K)
[2019-08-16T10:00:59.626-0300][3,959s] GC(14) Metaspace: 45306K->45306K(1089536K)
[2019-08-16T10:00:59.626-0300][3,959s] GC(14) Pause Young (Allocation Failure) 114M->32M(490M) 18,544ms
[2019-08-16T10:00:59.626-0300][3,959s] GC(14) User=0,08s Sys=0,00s Real=0,02s
[2019-08-16T10:01:00.057-0300][4,389s] GC(15) Pause Young (Allocation Failure)
[2019-08-16T10:01:00.057-0300][4,390s] GC(15) Using 4 workers of 4 for evacuation
[2019-08-16T10:01:00.096-0300][4,429s] GC(15) ParNew: 105277K->21824K(109248K)
[2019-08-16T10:01:00.096-0300][4,429s] GC(15) CMS: 15891K->29528K(393216K)
[2019-08-16T10:01:00.096-0300][4,429s] GC(15) Metaspace: 47939K->47939K(1093632K)
[2019-08-16T10:01:00.096-0300][4,429s] GC(15) Pause Young (Allocation Failure) 118M->50M(490M) 39,804ms
[2019-08-16T10:01:00.096-0300][4,429s] GC(15) User=0,12s Sys=0,00s Real=0,04s
[2019-08-16T10:01:00.154-0300][4,487s] GC(16) Pause Young (Allocation Failure)
[2019-08-16T10:01:00.154-0300][4,487s] GC(16) Using 4 workers of 4 for evacuation
[2019-08-16T10:01:00.184-0300][4,517s] GC(16) ParNew: 109248K->21824K(109248K)
[2019-08-16T10:01:00.184-0300][4,517s] GC(16) CMS: 29528K->36556K(393216K)
[2019-08-16T10:01:00.184-0300][4,517s] GC(16) Metaspace: 47953K->47953K(1093632K)
[2019-08-16T10:01:00.184-0300][4,517s] GC(16) Pause Young (Allocation Failure) 135M->57M(490M) 30,134ms
[2019-08-16T10:01:00.184-0300][4,517s] GC(16) User=0,10s Sys=0,01s Real=0,03s
[2019-08-16T10:01:00.236-0300][4,569s] GC(17) Pause Young (Allocation Failure)
[2019-08-16T10:01:00.237-0300][4,569s] GC(17) Using 4 workers of 4 for evacuation
[2019-08-16T10:01:00.252-0300][4,584s] GC(17) ParNew: 109248K->21824K(109248K)
[2019-08-16T10:01:00.252-0300][4,585s] GC(17) CMS: 36556K->37875K(393216K)
[2019-08-16T10:01:00.252-0300][4,585s] GC(17) Metaspace: 47965K->47965K(1093632K)
[2019-08-16T10:01:00.252-0300][4,585s] GC(17) Pause Young (Allocation Failure) 142M->58M(490M) 15,172ms
[2019-08-16T10:01:00.252-0300][4,585s] GC(17) User=0,06s Sys=0,00s Real=0,02s
[2019-08-16T10:01:00.347-0300][4,680s] GC(18) Pause Young (Allocation Failure)
[2019-08-16T10:01:00.347-0300][4,680s] GC(18) Using 4 workers of 4 for evacuation
[2019-08-16T10:01:00.367-0300][4,700s] GC(18) ParNew: 109248K->21824K(109248K)
[2019-08-16T10:01:00.367-0300][4,700s] GC(18) CMS: 37875K->40612K(393216K)
[2019-08-16T10:01:00.367-0300][4,700s] GC(18) Metaspace: 47989K->47989K(1093632K)
[2019-08-16T10:01:00.367-0300][4,700s] GC(18) Pause Young (Allocation Failure) 143M->60M(490M) 20,616ms
[2019-08-16T10:01:00.367-0300][4,700s] GC(18) User=0,08s Sys=0,00s Real=0,02s
[2019-08-16T10:01:00.554-0300][4,886s] GC(19) Pause Young (Allocation Failure)
[2019-08-16T10:01:00.554-0300][4,886s] GC(19) Using 4 workers of 4 for evacuation
[2019-08-16T10:01:00.595-0300][4,928s] GC(19) ParNew: 109243K->21824K(109248K)
[2019-08-16T10:01:00.595-0300][4,928s] GC(19) CMS: 40612K->49116K(393216K)
[2019-08-16T10:01:00.595-0300][4,928s] GC(19) Metaspace: 48161K->48161K(1093632K)
[2019-08-16T10:01:00.595-0300][4,928s] GC(19) Pause Young (Allocation Failure) 146M->69M(490M) 41,910ms
[2019-08-16T10:01:00.595-0300][4,928s] GC(19) User=0,14s Sys=0,00s Real=0,04s
[2019-08-16T10:01:18.540-0300][22,873s] Heap
[2019-08-16T10:01:18.540-0300][22,873s]  par new generation   total 109248K, used 94207K [0x00000000e0000000, 0x00000000e8000000, 0x00000000e8000000)
[2019-08-16T10:01:18.540-0300][22,873s]   eden space 87424K,  82% used [0x00000000e0000000, 0x00000000e46aff30, 0x00000000e5560000)
[2019-08-16T10:01:18.540-0300][22,873s]   from space 21824K, 100% used [0x00000000e5560000, 0x00000000e6ab0000, 0x00000000e6ab0000)
[2019-08-16T10:01:18.540-0300][22,873s]   to   space 21824K,   0% used [0x00000000e6ab0000, 0x00000000e6ab0000, 0x00000000e8000000)
[2019-08-16T10:01:18.540-0300][22,873s]  concurrent mark-sweep generation total 393216K, used 49116K [0x00000000e8000000, 0x0000000100000000, 0x0000000100000000)
[2019-08-16T10:01:18.540-0300][22,873s]  Metaspace       used 48763K, capacity 50161K, committed 50508K, reserved 1093632K
[2019-08-16T10:01:18.540-0300][22,873s]   class space    used 5559K, capacity 6096K, committed 6220K, reserved 1048576K
