[2019-08-16T10:36:44.462-0300][0.006s] Using Concurrent Mark Sweep
[2019-08-16T10:36:44.462-0300][0.006s] Heap address: 0x00000000e0000000, size: 512 MB, Compressed Oops mode: 32-bit
[2019-08-16T10:36:45.466-0300][1,009s] GC(0) Pause Young (Allocation Failure)
[2019-08-16T10:36:45.466-0300][1,010s] GC(0) Using 4 workers of 4 for evacuation
[2019-08-16T10:36:45.472-0300][1,015s] GC(0) ParNew: 87424K->9462K(109248K)
[2019-08-16T10:36:45.472-0300][1,015s] GC(0) CMS: 0K->0K(393216K)
[2019-08-16T10:36:45.472-0300][1,015s] GC(0) Metaspace: 22231K->22231K(1069056K)
[2019-08-16T10:36:45.472-0300][1,015s] GC(0) Pause Young (Allocation Failure) 85M->9M(490M) 6,056ms
[2019-08-16T10:36:45.472-0300][1,015s] GC(0) User=0,02s Sys=0,00s Real=0,01s
[2019-08-16T10:36:45.472-0300][1,016s] GC(1) Pause Initial Mark
[2019-08-16T10:36:45.473-0300][1,017s] GC(1) Pause Initial Mark 10M->10M(490M) 1,294ms
[2019-08-16T10:36:45.473-0300][1,017s] GC(1) User=0,01s Sys=0,00s Real=0,00s
[2019-08-16T10:36:45.473-0300][1,017s] GC(1) Concurrent Mark
[2019-08-16T10:36:45.474-0300][1,017s] GC(1) Using 4 workers of 4 for marking
[2019-08-16T10:36:45.474-0300][1,018s] GC(1) Concurrent Mark 0,937ms
[2019-08-16T10:36:45.474-0300][1,018s] GC(1) User=0,00s Sys=0,00s Real=0,00s
[2019-08-16T10:36:45.475-0300][1,018s] GC(1) Concurrent Preclean
[2019-08-16T10:36:45.475-0300][1,019s] GC(1) Concurrent Preclean 0,646ms
[2019-08-16T10:36:45.475-0300][1,019s] GC(1) User=0,00s Sys=0,00s Real=0,00s
[2019-08-16T10:36:45.475-0300][1,019s] GC(1) Pause Remark
[2019-08-16T10:36:45.475-0300][1,019s] GC(2) Pause Young (CMS Final Remark)
[2019-08-16T10:36:45.475-0300][1,019s] GC(2) Using 4 workers of 4 for evacuation
[2019-08-16T10:36:45.480-0300][1,024s] GC(2) ParNew: 11154K->12582K(109248K)
[2019-08-16T10:36:45.480-0300][1,024s] GC(2) CMS: 0K->0K(393216K)
[2019-08-16T10:36:45.480-0300][1,024s] GC(2) Metaspace: 22259K->22259K(1069056K)
[2019-08-16T10:36:45.480-0300][1,024s] GC(2) Pause Young (CMS Final Remark) 10M->12M(490M) 4,786ms
[2019-08-16T10:36:45.480-0300][1,024s] GC(2) User=0,02s Sys=0,01s Real=0,01s
[2019-08-16T10:36:45.485-0300][1,028s] GC(1) Pause Remark 10M->12M(490M) 9,601ms
[2019-08-16T10:36:45.485-0300][1,028s] GC(1) User=0,03s Sys=0,01s Real=0,01s
[2019-08-16T10:36:45.485-0300][1,029s] GC(1) Concurrent Sweep
[2019-08-16T10:36:45.485-0300][1,029s] GC(1) Concurrent Sweep 0,028ms
[2019-08-16T10:36:45.485-0300][1,029s] GC(1) User=0,00s Sys=0,00s Real=0,00s
[2019-08-16T10:36:45.485-0300][1,029s] GC(1) Concurrent Reset
[2019-08-16T10:36:45.489-0300][1,032s] GC(1) Concurrent Reset 3,420ms
[2019-08-16T10:36:45.489-0300][1,032s] GC(1) User=0,00s Sys=0,00s Real=0,00s
[2019-08-16T10:36:45.489-0300][1,032s] GC(1) Old: 0K->0K(393216K)
[2019-08-16T10:36:46.350-0300][1,894s] GC(3) Pause Young (Allocation Failure)
[2019-08-16T10:36:46.350-0300][1,894s] GC(3) Using 4 workers of 4 for evacuation
[2019-08-16T10:36:46.356-0300][1,900s] GC(3) ParNew: 100006K->14031K(109248K)
[2019-08-16T10:36:46.356-0300][1,900s] GC(3) CMS: 0K->0K(393216K)
[2019-08-16T10:36:46.356-0300][1,900s] GC(3) Metaspace: 29175K->29175K(1075200K)
[2019-08-16T10:36:46.356-0300][1,900s] GC(3) Pause Young (Allocation Failure) 97M->13M(490M) 6,037ms
[2019-08-16T10:36:46.356-0300][1,900s] GC(3) User=0,04s Sys=0,00s Real=0,01s
[2019-08-16T10:36:46.922-0300][2,465s] GC(4) Pause Young (Allocation Failure)
[2019-08-16T10:36:46.922-0300][2,466s] GC(4) Using 4 workers of 4 for evacuation
[2019-08-16T10:36:46.931-0300][2,475s] GC(4) ParNew: 101455K->21824K(109248K)
[2019-08-16T10:36:46.931-0300][2,475s] GC(4) CMS: 0K->0K(393216K)
[2019-08-16T10:36:46.931-0300][2,475s] GC(4) Metaspace: 36498K->36498K(1083392K)
[2019-08-16T10:36:46.931-0300][2,475s] GC(4) Pause Young (Allocation Failure) 99M->21M(490M) 9,390ms
[2019-08-16T10:36:46.931-0300][2,475s] GC(4) User=0,04s Sys=0,00s Real=0,00s
[2019-08-16T10:36:47.064-0300][2,608s] GC(5) Pause Young (Allocation Failure)
[2019-08-16T10:36:47.064-0300][2,608s] GC(5) Using 4 workers of 4 for evacuation
[2019-08-16T10:36:47.073-0300][2,616s] GC(5) ParNew: 109248K->20713K(109248K)
[2019-08-16T10:36:47.073-0300][2,616s] GC(5) CMS: 0K->0K(393216K)
[2019-08-16T10:36:47.073-0300][2,616s] GC(5) Metaspace: 37160K->37160K(1083392K)
[2019-08-16T10:36:47.073-0300][2,616s] GC(5) Pause Young (Allocation Failure) 106M->20M(490M) 8,409ms
[2019-08-16T10:36:47.073-0300][2,616s] GC(5) User=0,05s Sys=0,00s Real=0,01s
[2019-08-16T10:36:47.078-0300][2,621s] GC(6) Pause Initial Mark
[2019-08-16T10:36:47.080-0300][2,624s] GC(6) Pause Initial Mark 26M->26M(490M) 2,892ms
[2019-08-16T10:36:47.080-0300][2,624s] GC(6) User=0,02s Sys=0,00s Real=0,01s
[2019-08-16T10:36:47.081-0300][2,624s] GC(6) Concurrent Mark
[2019-08-16T10:36:47.081-0300][2,624s] GC(6) Using 4 workers of 4 for marking
[2019-08-16T10:36:47.081-0300][2,624s] GC(6) Concurrent Mark 0,121ms
[2019-08-16T10:36:47.081-0300][2,624s] GC(6) User=0,00s Sys=0,00s Real=0,00s
[2019-08-16T10:36:47.081-0300][2,624s] GC(6) Concurrent Preclean
[2019-08-16T10:36:47.082-0300][2,625s] GC(6) Concurrent Preclean 0,911ms
[2019-08-16T10:36:47.082-0300][2,625s] GC(6) User=0,00s Sys=0,00s Real=0,00s
[2019-08-16T10:36:47.082-0300][2,625s] GC(6) Concurrent Abortable Preclean
[2019-08-16T10:36:47.227-0300][2,771s] GC(6) Concurrent Abortable Preclean 145,506ms
[2019-08-16T10:36:47.227-0300][2,771s] GC(6) User=0,90s Sys=0,01s Real=0,14s
[2019-08-16T10:36:47.228-0300][2,771s] GC(6) Pause Remark
[2019-08-16T10:36:47.228-0300][2,771s] GC(7) Pause Young (CMS Final Remark)
[2019-08-16T10:36:47.228-0300][2,771s] GC(7) Using 4 workers of 4 for evacuation
[2019-08-16T10:36:47.237-0300][2,781s] GC(7) ParNew: 82394K->21824K(109248K)
[2019-08-16T10:36:47.237-0300][2,781s] GC(7) CMS: 0K->71K(393216K)
[2019-08-16T10:36:47.237-0300][2,781s] GC(7) Metaspace: 37848K->37848K(1083392K)
[2019-08-16T10:36:47.237-0300][2,781s] GC(7) Pause Young (CMS Final Remark) 80M->21M(490M) 9,342ms
[2019-08-16T10:36:47.237-0300][2,781s] GC(7) User=0,04s Sys=0,00s Real=0,01s
[2019-08-16T10:36:47.246-0300][2,790s] GC(6) Pause Remark 80M->21M(490M) 18,140ms
[2019-08-16T10:36:47.246-0300][2,790s] GC(6) User=0,07s Sys=0,00s Real=0,02s
[2019-08-16T10:36:47.250-0300][2,793s] GC(6) Concurrent Sweep
[2019-08-16T10:36:47.250-0300][2,794s] GC(6) Concurrent Sweep 0,124ms
[2019-08-16T10:36:47.250-0300][2,794s] GC(6) User=0,00s Sys=0,00s Real=0,00s
[2019-08-16T10:36:47.250-0300][2,794s] GC(6) Concurrent Reset
[2019-08-16T10:36:47.250-0300][2,794s] GC(6) Concurrent Reset 0,304ms
[2019-08-16T10:36:47.250-0300][2,794s] GC(6) User=0,00s Sys=0,00s Real=0,00s
[2019-08-16T10:36:47.250-0300][2,794s] GC(6) Old: 0K->71K(393216K)
[2019-08-16T10:36:47.296-0300][2,839s] GC(8) Pause Young (Allocation Failure)
[2019-08-16T10:36:47.296-0300][2,839s] GC(8) Using 4 workers of 4 for evacuation
[2019-08-16T10:36:47.305-0300][2,848s] GC(8) ParNew: 109248K->21824K(109248K)
[2019-08-16T10:36:47.305-0300][2,848s] GC(8) CMS: 71K->71K(393216K)
[2019-08-16T10:36:47.305-0300][2,848s] GC(8) Metaspace: 37965K->37965K(1083392K)
[2019-08-16T10:36:47.305-0300][2,848s] GC(8) Pause Young (Allocation Failure) 106M->21M(490M) 8,691ms
[2019-08-16T10:36:47.305-0300][2,848s] GC(8) User=0,03s Sys=0,00s Real=0,01s
[2019-08-16T10:36:47.341-0300][2,885s] GC(9) Pause Young (Allocation Failure)
[2019-08-16T10:36:47.341-0300][2,885s] GC(9) Using 4 workers of 4 for evacuation
[2019-08-16T10:36:47.351-0300][2,894s] GC(9) ParNew: 109248K->21824K(109248K)
[2019-08-16T10:36:47.351-0300][2,894s] GC(9) CMS: 71K->71K(393216K)
[2019-08-16T10:36:47.351-0300][2,894s] GC(9) Metaspace: 38019K->38019K(1083392K)
[2019-08-16T10:36:47.351-0300][2,894s] GC(9) Pause Young (Allocation Failure) 106M->21M(490M) 9,338ms
[2019-08-16T10:36:47.351-0300][2,894s] GC(9) User=0,05s Sys=0,01s Real=0,00s
[2019-08-16T10:36:47.408-0300][2,951s] GC(10) Pause Young (Allocation Failure)
[2019-08-16T10:36:47.408-0300][2,951s] GC(10) Using 4 workers of 4 for evacuation
[2019-08-16T10:36:47.428-0300][2,972s] GC(10) ParNew: 109220K->21824K(109248K)
[2019-08-16T10:36:47.428-0300][2,972s] GC(10) CMS: 71K->9597K(393216K)
[2019-08-16T10:36:47.428-0300][2,972s] GC(10) Metaspace: 38214K->38214K(1083392K)
[2019-08-16T10:36:47.428-0300][2,972s] GC(10) Pause Young (Allocation Failure) 106M->30M(490M) 20,637ms
[2019-08-16T10:36:47.428-0300][2,972s] GC(10) User=0,06s Sys=0,01s Real=0,02s
[2019-08-16T10:36:47.686-0300][3,229s] GC(11) Pause Young (Allocation Failure)
[2019-08-16T10:36:47.686-0300][3,229s] GC(11) Using 4 workers of 4 for evacuation
[2019-08-16T10:36:47.693-0300][3,236s] GC(11) ParNew: 109248K->16220K(109248K)
[2019-08-16T10:36:47.693-0300][3,236s] GC(11) CMS: 9597K->9662K(393216K)
[2019-08-16T10:36:47.693-0300][3,236s] GC(11) Metaspace: 39805K->39805K(1085440K)
[2019-08-16T10:36:47.693-0300][3,236s] GC(11) Pause Young (Allocation Failure) 116M->25M(490M) 6,868ms
[2019-08-16T10:36:47.693-0300][3,236s] GC(11) User=0,03s Sys=0,00s Real=0,01s
[2019-08-16T10:36:48.009-0300][3,552s] GC(12) Pause Young (Allocation Failure)
[2019-08-16T10:36:48.009-0300][3,552s] GC(12) Using 4 workers of 4 for evacuation
[2019-08-16T10:36:48.018-0300][3,562s] GC(12) ParNew: 103644K->17181K(109248K)
[2019-08-16T10:36:48.018-0300][3,562s] GC(12) CMS: 9662K->11699K(393216K)
[2019-08-16T10:36:48.018-0300][3,562s] GC(12) Metaspace: 41379K->41379K(1087488K)
[2019-08-16T10:36:48.018-0300][3,562s] GC(12) Pause Young (Allocation Failure) 110M->28M(490M) 9,365ms
[2019-08-16T10:36:48.018-0300][3,562s] GC(12) User=0,04s Sys=0,00s Real=0,01s
[2019-08-16T10:36:48.234-0300][3,778s] GC(13) Pause Young (Allocation Failure)
[2019-08-16T10:36:48.235-0300][3,778s] GC(13) Using 4 workers of 4 for evacuation
[2019-08-16T10:36:48.244-0300][3,787s] GC(13) ParNew: 104605K->11383K(109248K)
[2019-08-16T10:36:48.244-0300][3,787s] GC(13) CMS: 11699K->15783K(393216K)
[2019-08-16T10:36:48.244-0300][3,787s] GC(13) Metaspace: 43647K->43647K(1089536K)
[2019-08-16T10:36:48.244-0300][3,787s] GC(13) Pause Young (Allocation Failure) 113M->26M(490M) 9,317ms
[2019-08-16T10:36:48.244-0300][3,787s] GC(13) User=0,05s Sys=0,00s Real=0,01s
[2019-08-16T10:36:48.590-0300][4,134s] GC(14) Pause Young (Allocation Failure)
[2019-08-16T10:36:48.590-0300][4,134s] GC(14) Using 4 workers of 4 for evacuation
[2019-08-16T10:36:48.613-0300][4,157s] GC(14) ParNew: 98807K->21824K(109248K)
[2019-08-16T10:36:48.613-0300][4,157s] GC(14) CMS: 15783K->27544K(393216K)
[2019-08-16T10:36:48.613-0300][4,157s] GC(14) Metaspace: 47216K->47216K(1091584K)
[2019-08-16T10:36:48.613-0300][4,157s] GC(14) Pause Young (Allocation Failure) 111M->48M(490M) 23,206ms
[2019-08-16T10:36:48.614-0300][4,157s] GC(14) User=0,12s Sys=0,01s Real=0,03s
[2019-08-16T10:36:48.768-0300][4,311s] GC(15) Pause Young (Allocation Failure)
[2019-08-16T10:36:48.768-0300][4,311s] GC(15) Using 4 workers of 4 for evacuation
[2019-08-16T10:36:48.786-0300][4,329s] GC(15) ParNew: 109235K->21824K(109248K)
[2019-08-16T10:36:48.786-0300][4,329s] GC(15) CMS: 27544K->32876K(393216K)
[2019-08-16T10:36:48.786-0300][4,329s] GC(15) Metaspace: 48078K->48078K(1093632K)
[2019-08-16T10:36:48.786-0300][4,329s] GC(15) Pause Young (Allocation Failure) 133M->53M(490M) 18,232ms
[2019-08-16T10:36:48.786-0300][4,329s] GC(15) User=0,08s Sys=0,01s Real=0,02s
[2019-08-16T10:36:48.848-0300][4,391s] GC(16) Pause Young (Allocation Failure)
[2019-08-16T10:36:48.848-0300][4,391s] GC(16) Using 4 workers of 4 for evacuation
[2019-08-16T10:36:48.869-0300][4,413s] GC(16) ParNew: 109248K->21824K(109248K)
[2019-08-16T10:36:48.869-0300][4,413s] GC(16) CMS: 32876K->35625K(393216K)
[2019-08-16T10:36:48.869-0300][4,413s] GC(16) Metaspace: 48088K->48088K(1093632K)
[2019-08-16T10:36:48.870-0300][4,413s] GC(16) Pause Young (Allocation Failure) 138M->56M(490M) 21,859ms
[2019-08-16T10:36:48.870-0300][4,413s] GC(16) User=0,11s Sys=0,00s Real=0,02s
[2019-08-16T10:36:48.927-0300][4,471s] GC(17) Pause Young (Allocation Failure)
[2019-08-16T10:36:48.927-0300][4,471s] GC(17) Using 4 workers of 4 for evacuation
[2019-08-16T10:36:48.949-0300][4,493s] GC(17) ParNew: 109248K->21824K(109248K)
[2019-08-16T10:36:48.949-0300][4,493s] GC(17) CMS: 35625K->41603K(393216K)
[2019-08-16T10:36:48.949-0300][4,493s] GC(17) Metaspace: 48106K->48106K(1093632K)
[2019-08-16T10:36:48.949-0300][4,493s] GC(17) Pause Young (Allocation Failure) 141M->61M(490M) 22,190ms
[2019-08-16T10:36:48.949-0300][4,493s] GC(17) User=0,11s Sys=0,00s Real=0,02s
[2019-08-16T10:36:49.009-0300][4,553s] GC(18) Pause Young (Allocation Failure)
[2019-08-16T10:36:49.009-0300][4,553s] GC(18) Using 4 workers of 4 for evacuation
[2019-08-16T10:36:49.026-0300][4,570s] GC(18) ParNew: 109248K->21824K(109248K)
[2019-08-16T10:36:49.026-0300][4,570s] GC(18) CMS: 41603K->44447K(393216K)
[2019-08-16T10:36:49.026-0300][4,570s] GC(18) Metaspace: 48204K->48204K(1093632K)
[2019-08-16T10:36:49.026-0300][4,570s] GC(18) Pause Young (Allocation Failure) 147M->64M(490M) 16,999ms
[2019-08-16T10:36:49.026-0300][4,570s] GC(18) User=0,10s Sys=0,00s Real=0,02s
[2019-08-16T10:36:49.205-0300][4,749s] GC(19) Pause Young (Allocation Failure)
[2019-08-16T10:36:49.205-0300][4,749s] GC(19) Using 4 workers of 4 for evacuation
[2019-08-16T10:36:49.252-0300][4,796s] GC(19) ParNew: 109248K->21824K(109248K)
[2019-08-16T10:36:49.252-0300][4,796s] GC(19) CMS: 44447K->63547K(393216K)
[2019-08-16T10:36:49.252-0300][4,796s] GC(19) Metaspace: 48339K->48339K(1093632K)
[2019-08-16T10:36:49.252-0300][4,796s] GC(19) Pause Young (Allocation Failure) 150M->83M(490M) 47,186ms
[2019-08-16T10:36:49.252-0300][4,796s] GC(19) User=0,20s Sys=0,00s Real=0,05s
[2019-08-16T10:39:05.421-0300][140,965s] Heap
[2019-08-16T10:39:05.421-0300][140,965s]  par new generation   total 109248K, used 77273K [0x00000000e0000000, 0x00000000e8000000, 0x00000000e8000000)
[2019-08-16T10:39:05.421-0300][140,965s]   eden space 87424K,  63% used [0x00000000e0000000, 0x00000000e3626720, 0x00000000e5560000)
[2019-08-16T10:39:05.421-0300][140,965s]   from space 21824K, 100% used [0x00000000e5560000, 0x00000000e6ab0000, 0x00000000e6ab0000)
[2019-08-16T10:39:05.422-0300][140,965s]   to   space 21824K,   0% used [0x00000000e6ab0000, 0x00000000e6ab0000, 0x00000000e8000000)
[2019-08-16T10:39:05.422-0300][140,965s]  concurrent mark-sweep generation total 393216K, used 63547K [0x00000000e8000000, 0x0000000100000000, 0x0000000100000000)
[2019-08-16T10:39:05.422-0300][140,965s]  Metaspace       used 52137K, capacity 53620K, committed 54028K, reserved 1097728K
[2019-08-16T10:39:05.422-0300][140,965s]   class space    used 6036K, capacity 6612K, committed 6732K, reserved 1048576K
