[2019-08-15T16:59:56.305-0300][0.005s] Using Concurrent Mark Sweep
[2019-08-15T16:59:56.305-0300][0.005s] Heap address: 0x00000000e0000000, size: 512 MB, Compressed Oops mode: 32-bit
[2019-08-15T16:59:57.286-0300][0,985s] GC(0) Pause Young (Allocation Failure)
[2019-08-15T16:59:57.286-0300][0,986s] GC(0) Using 4 workers of 4 for evacuation
[2019-08-15T16:59:57.292-0300][0,991s] GC(0) ParNew: 87424K->9544K(109248K)
[2019-08-15T16:59:57.292-0300][0,991s] GC(0) CMS: 0K->0K(393216K)
[2019-08-15T16:59:57.292-0300][0,991s] GC(0) Metaspace: 22288K->22288K(1069056K)
[2019-08-15T16:59:57.292-0300][0,991s] GC(0) Pause Young (Allocation Failure) 85M->9M(490M) 6,120ms
[2019-08-15T16:59:57.292-0300][0,991s] GC(0) User=0,03s Sys=0,00s Real=0,01s
[2019-08-15T16:59:57.292-0300][0,992s] GC(1) Pause Initial Mark
[2019-08-15T16:59:57.293-0300][0,993s] GC(1) Pause Initial Mark 10M->10M(490M) 1,200ms
[2019-08-15T16:59:57.293-0300][0,993s] GC(1) User=0,00s Sys=0,00s Real=0,00s
[2019-08-15T16:59:57.293-0300][0,993s] GC(1) Concurrent Mark
[2019-08-15T16:59:57.293-0300][0,993s] GC(1) Using 4 workers of 4 for marking
[2019-08-15T16:59:57.293-0300][0,993s] GC(1) Concurrent Mark 0,318ms
[2019-08-15T16:59:57.293-0300][0,993s] GC(1) User=0,00s Sys=0,00s Real=0,00s
[2019-08-15T16:59:57.294-0300][0,993s] GC(1) Concurrent Preclean
[2019-08-15T16:59:57.294-0300][0,994s] GC(1) Concurrent Preclean 0,749ms
[2019-08-15T16:59:57.294-0300][0,994s] GC(1) User=0,00s Sys=0,00s Real=0,01s
[2019-08-15T16:59:57.295-0300][0,994s] GC(1) Pause Remark
[2019-08-15T16:59:57.295-0300][0,994s] GC(2) Pause Young (CMS Final Remark)
[2019-08-15T16:59:57.295-0300][0,994s] GC(2) Using 4 workers of 4 for evacuation
[2019-08-15T16:59:57.299-0300][0,999s] GC(2) ParNew: 11213K->11506K(109248K)
[2019-08-15T16:59:57.299-0300][0,999s] GC(2) CMS: 0K->0K(393216K)
[2019-08-15T16:59:57.299-0300][0,999s] GC(2) Metaspace: 22302K->22302K(1069056K)
[2019-08-15T16:59:57.299-0300][0,999s] GC(2) Pause Young (CMS Final Remark) 10M->11M(490M) 4,881ms
[2019-08-15T16:59:57.299-0300][0,999s] GC(2) User=0,02s Sys=0,01s Real=0,00s
[2019-08-15T16:59:57.303-0300][1,003s] GC(1) Pause Remark 10M->11M(490M) 8,511ms
[2019-08-15T16:59:57.303-0300][1,003s] GC(1) User=0,02s Sys=0,01s Real=0,00s
[2019-08-15T16:59:57.303-0300][1,003s] GC(1) Concurrent Sweep
[2019-08-15T16:59:57.303-0300][1,003s] GC(1) Concurrent Sweep 0,143ms
[2019-08-15T16:59:57.303-0300][1,003s] GC(1) User=0,00s Sys=0,00s Real=0,00s
[2019-08-15T16:59:57.303-0300][1,003s] GC(1) Concurrent Reset
[2019-08-15T16:59:57.307-0300][1,007s] GC(1) Concurrent Reset 3,649ms
[2019-08-15T16:59:57.307-0300][1,007s] GC(1) User=0,01s Sys=0,00s Real=0,01s
[2019-08-15T16:59:57.307-0300][1,007s] GC(1) Old: 0K->0K(393216K)
[2019-08-15T16:59:57.989-0300][1,689s] GC(3) Pause Young (Allocation Failure)
[2019-08-15T16:59:57.989-0300][1,689s] GC(3) Using 4 workers of 4 for evacuation
[2019-08-15T16:59:57.995-0300][1,695s] GC(3) ParNew: 98930K->14829K(109248K)
[2019-08-15T16:59:57.995-0300][1,695s] GC(3) CMS: 0K->0K(393216K)
[2019-08-15T16:59:57.995-0300][1,695s] GC(3) Metaspace: 27744K->27744K(1075200K)
[2019-08-15T16:59:57.995-0300][1,695s] GC(3) Pause Young (Allocation Failure) 96M->14M(490M) 6,048ms
[2019-08-15T16:59:57.995-0300][1,695s] GC(3) User=0,03s Sys=0,00s Real=0,01s
[2019-08-15T16:59:58.533-0300][2,233s] GC(4) Pause Young (Allocation Failure)
[2019-08-15T16:59:58.533-0300][2,233s] GC(4) Using 4 workers of 4 for evacuation
[2019-08-15T16:59:58.541-0300][2,241s] GC(4) ParNew: 102253K->17408K(109248K)
[2019-08-15T16:59:58.541-0300][2,241s] GC(4) CMS: 0K->0K(393216K)
[2019-08-15T16:59:58.541-0300][2,241s] GC(4) Metaspace: 36215K->36215K(1081344K)
[2019-08-15T16:59:58.541-0300][2,241s] GC(4) Pause Young (Allocation Failure) 99M->17M(490M) 8,554ms
[2019-08-15T16:59:58.541-0300][2,241s] GC(4) User=0,03s Sys=0,01s Real=0,01s
[2019-08-15T16:59:58.682-0300][2,381s] GC(5) Pause Young (Allocation Failure)
[2019-08-15T16:59:58.682-0300][2,382s] GC(5) Using 4 workers of 4 for evacuation
[2019-08-15T16:59:58.689-0300][2,389s] GC(5) ParNew: 104832K->18914K(109248K)
[2019-08-15T16:59:58.689-0300][2,389s] GC(5) CMS: 0K->0K(393216K)
[2019-08-15T16:59:58.689-0300][2,389s] GC(5) Metaspace: 37109K->37109K(1083392K)
[2019-08-15T16:59:58.689-0300][2,389s] GC(5) Pause Young (Allocation Failure) 102M->18M(490M) 7,355ms
[2019-08-15T16:59:58.689-0300][2,389s] GC(5) User=0,03s Sys=0,00s Real=0,01s
[2019-08-15T16:59:58.815-0300][2,515s] GC(6) Pause Young (Allocation Failure)
[2019-08-15T16:59:58.815-0300][2,515s] GC(6) Using 4 workers of 4 for evacuation
[2019-08-15T16:59:58.824-0300][2,524s] GC(6) ParNew: 106338K->21824K(109248K)
[2019-08-15T16:59:58.824-0300][2,524s] GC(6) CMS: 0K->61K(393216K)
[2019-08-15T16:59:58.824-0300][2,524s] GC(6) Metaspace: 37892K->37892K(1083392K)
[2019-08-15T16:59:58.824-0300][2,524s] GC(6) Pause Young (Allocation Failure) 103M->21M(490M) 8,985ms
[2019-08-15T16:59:58.824-0300][2,524s] GC(6) User=0,04s Sys=0,00s Real=0,00s
[2019-08-15T16:59:58.824-0300][2,524s] GC(7) Pause Initial Mark
[2019-08-15T16:59:58.827-0300][2,527s] GC(7) Pause Initial Mark 21M->21M(490M) 3,177ms
[2019-08-15T16:59:58.827-0300][2,527s] GC(7) User=0,01s Sys=0,00s Real=0,01s
[2019-08-15T16:59:58.827-0300][2,527s] GC(7) Concurrent Mark
[2019-08-15T16:59:58.827-0300][2,527s] GC(7) Using 4 workers of 4 for marking
[2019-08-15T16:59:58.828-0300][2,527s] GC(7) Concurrent Mark 0,212ms
[2019-08-15T16:59:58.828-0300][2,527s] GC(7) User=0,00s Sys=0,00s Real=0,00s
[2019-08-15T16:59:58.828-0300][2,527s] GC(7) Concurrent Preclean
[2019-08-15T16:59:58.828-0300][2,528s] GC(7) Concurrent Preclean 0,660ms
[2019-08-15T16:59:58.828-0300][2,528s] GC(7) User=0,00s Sys=0,00s Real=0,00s
[2019-08-15T16:59:58.828-0300][2,528s] GC(7) Pause Remark
[2019-08-15T16:59:58.828-0300][2,528s] GC(8) Pause Young (CMS Final Remark)
[2019-08-15T16:59:58.829-0300][2,528s] GC(8) Using 4 workers of 4 for evacuation
[2019-08-15T16:59:58.836-0300][2,536s] GC(8) ParNew: 23104K->21824K(109248K)
[2019-08-15T16:59:58.836-0300][2,536s] GC(8) CMS: 61K->61K(393216K)
[2019-08-15T16:59:58.836-0300][2,536s] GC(8) Metaspace: 37892K->37892K(1083392K)
[2019-08-15T16:59:58.836-0300][2,536s] GC(8) Pause Young (CMS Final Remark) 22M->21M(490M) 7,616ms
[2019-08-15T16:59:58.836-0300][2,536s] GC(8) User=0,03s Sys=0,00s Real=0,01s
[2019-08-15T16:59:58.843-0300][2,543s] GC(7) Pause Remark 22M->21M(490M) 14,648ms
[2019-08-15T16:59:58.843-0300][2,543s] GC(7) User=0,05s Sys=0,00s Real=0,01s
[2019-08-15T16:59:58.843-0300][2,543s] GC(7) Concurrent Sweep
[2019-08-15T16:59:58.843-0300][2,543s] GC(7) Concurrent Sweep 0,148ms
[2019-08-15T16:59:58.843-0300][2,543s] GC(7) User=0,00s Sys=0,00s Real=0,00s
[2019-08-15T16:59:58.843-0300][2,543s] GC(7) Concurrent Reset
[2019-08-15T16:59:58.844-0300][2,543s] GC(7) Concurrent Reset 0,251ms
[2019-08-15T16:59:58.844-0300][2,543s] GC(7) User=0,00s Sys=0,00s Real=0,00s
[2019-08-15T16:59:58.844-0300][2,543s] GC(7) Old: 61K->61K(393216K)
[2019-08-15T16:59:58.885-0300][2,584s] GC(9) Pause Young (Allocation Failure)
[2019-08-15T16:59:58.885-0300][2,584s] GC(9) Using 4 workers of 4 for evacuation
[2019-08-15T16:59:58.896-0300][2,596s] GC(9) ParNew: 109248K->21824K(109248K)
[2019-08-15T16:59:58.896-0300][2,596s] GC(9) CMS: 61K->272K(393216K)
[2019-08-15T16:59:58.896-0300][2,596s] GC(9) Metaspace: 37970K->37970K(1083392K)
[2019-08-15T16:59:58.896-0300][2,596s] GC(9) Pause Young (Allocation Failure) 106M->21M(490M) 11,255ms
[2019-08-15T16:59:58.896-0300][2,596s] GC(9) User=0,08s Sys=0,00s Real=0,02s
[2019-08-15T16:59:58.948-0300][2,648s] GC(10) Pause Young (Allocation Failure)
[2019-08-15T16:59:58.948-0300][2,648s] GC(10) Using 4 workers of 4 for evacuation
[2019-08-15T16:59:58.968-0300][2,668s] GC(10) ParNew: 109248K->18674K(109248K)
[2019-08-15T16:59:58.968-0300][2,668s] GC(10) CMS: 272K->9859K(393216K)
[2019-08-15T16:59:58.968-0300][2,668s] GC(10) Metaspace: 38018K->38018K(1083392K)
[2019-08-15T16:59:58.968-0300][2,668s] GC(10) Pause Young (Allocation Failure) 106M->27M(490M) 19,482ms
[2019-08-15T16:59:58.968-0300][2,668s] GC(10) User=0,07s Sys=0,00s Real=0,02s
[2019-08-15T16:59:59.005-0300][2,705s] GC(11) Pause Young (Allocation Failure)
[2019-08-15T16:59:59.005-0300][2,705s] GC(11) Using 4 workers of 4 for evacuation
[2019-08-15T16:59:59.010-0300][2,710s] GC(11) ParNew: 106098K->14553K(109248K)
[2019-08-15T16:59:59.010-0300][2,710s] GC(11) CMS: 9859K->9860K(393216K)
[2019-08-15T16:59:59.010-0300][2,710s] GC(11) Metaspace: 38211K->38211K(1083392K)
[2019-08-15T16:59:59.010-0300][2,710s] GC(11) Pause Young (Allocation Failure) 113M->23M(490M) 5,028ms
[2019-08-15T16:59:59.010-0300][2,710s] GC(11) User=0,02s Sys=0,00s Real=0,01s
[2019-08-15T16:59:59.397-0300][3,097s] GC(12) Pause Young (Allocation Failure)
[2019-08-15T16:59:59.397-0300][3,097s] GC(12) Using 4 workers of 4 for evacuation
[2019-08-15T16:59:59.406-0300][3,106s] GC(12) ParNew: 101977K->16122K(109248K)
[2019-08-15T16:59:59.406-0300][3,106s] GC(12) CMS: 9860K->11388K(393216K)
[2019-08-15T16:59:59.406-0300][3,106s] GC(12) Metaspace: 40037K->40037K(1085440K)
[2019-08-15T16:59:59.406-0300][3,106s] GC(12) Pause Young (Allocation Failure) 109M->26M(490M) 8,938ms
[2019-08-15T16:59:59.406-0300][3,106s] GC(12) User=0,04s Sys=0,00s Real=0,00s
[2019-08-15T16:59:59.584-0300][3,284s] GC(13) Pause Young (Allocation Failure)
[2019-08-15T16:59:59.584-0300][3,284s] GC(13) Using 4 workers of 4 for evacuation
[2019-08-15T16:59:59.593-0300][3,293s] GC(13) ParNew: 103546K->14345K(109248K)
[2019-08-15T16:59:59.593-0300][3,293s] GC(13) CMS: 11388K->15762K(393216K)
[2019-08-15T16:59:59.593-0300][3,293s] GC(13) Metaspace: 42272K->42272K(1087488K)
[2019-08-15T16:59:59.593-0300][3,293s] GC(13) Pause Young (Allocation Failure) 112M->29M(490M) 9,248ms
[2019-08-15T16:59:59.593-0300][3,293s] GC(13) User=0,06s Sys=0,00s Real=0,01s
[2019-08-15T16:59:59.767-0300][3,467s] GC(14) Pause Young (Allocation Failure)
[2019-08-15T16:59:59.767-0300][3,467s] GC(14) Using 4 workers of 4 for evacuation
[2019-08-15T16:59:59.773-0300][3,472s] GC(14) ParNew: 101769K->11500K(109248K)
[2019-08-15T16:59:59.773-0300][3,472s] GC(14) CMS: 15762K->16095K(393216K)
[2019-08-15T16:59:59.773-0300][3,472s] GC(14) Metaspace: 44181K->44181K(1089536K)
[2019-08-15T16:59:59.773-0300][3,472s] GC(14) Pause Young (Allocation Failure) 114M->26M(490M) 5,783ms
[2019-08-15T16:59:59.773-0300][3,472s] GC(14) User=0,03s Sys=0,00s Real=0,00s
[2019-08-15T17:00:00.114-0300][3,814s] GC(15) Pause Young (Allocation Failure)
[2019-08-15T17:00:00.114-0300][3,814s] GC(15) Using 4 workers of 4 for evacuation
[2019-08-15T17:00:00.140-0300][3,840s] GC(15) ParNew: 98922K->21824K(109248K)
[2019-08-15T17:00:00.140-0300][3,840s] GC(15) CMS: 16095K->29065K(393216K)
[2019-08-15T17:00:00.140-0300][3,840s] GC(15) Metaspace: 47851K->47851K(1093632K)
[2019-08-15T17:00:00.140-0300][3,840s] GC(15) Pause Young (Allocation Failure) 112M->49M(490M) 26,414ms
[2019-08-15T17:00:00.140-0300][3,840s] GC(15) User=0,14s Sys=0,00s Real=0,02s
[2019-08-15T17:00:00.203-0300][3,902s] GC(16) Pause Young (Allocation Failure)
[2019-08-15T17:00:00.203-0300][3,902s] GC(16) Using 4 workers of 4 for evacuation
[2019-08-15T17:00:00.218-0300][3,918s] GC(16) ParNew: 109248K->21824K(109248K)
[2019-08-15T17:00:00.218-0300][3,918s] GC(16) CMS: 29065K->34962K(393216K)
[2019-08-15T17:00:00.218-0300][3,918s] GC(16) Metaspace: 48020K->48020K(1093632K)
[2019-08-15T17:00:00.218-0300][3,918s] GC(16) Pause Young (Allocation Failure) 135M->55M(490M) 15,684ms
[2019-08-15T17:00:00.218-0300][3,918s] GC(16) User=0,08s Sys=0,01s Real=0,02s
[2019-08-15T17:00:00.244-0300][3,944s] GC(17) Pause Young (Allocation Failure)
[2019-08-15T17:00:00.244-0300][3,944s] GC(17) Using 4 workers of 4 for evacuation
[2019-08-15T17:00:00.256-0300][3,955s] GC(17) ParNew: 109248K->21824K(109248K)
[2019-08-15T17:00:00.256-0300][3,955s] GC(17) CMS: 34962K->35223K(393216K)
[2019-08-15T17:00:00.256-0300][3,955s] GC(17) Metaspace: 48046K->48046K(1093632K)
[2019-08-15T17:00:00.256-0300][3,955s] GC(17) Pause Young (Allocation Failure) 140M->55M(490M) 11,792ms
[2019-08-15T17:00:00.256-0300][3,955s] GC(17) User=0,06s Sys=0,00s Real=0,02s
[2019-08-15T17:00:00.293-0300][3,993s] GC(18) Pause Young (Allocation Failure)
[2019-08-15T17:00:00.293-0300][3,993s] GC(18) Using 4 workers of 4 for evacuation
[2019-08-15T17:00:00.306-0300][4,006s] GC(18) ParNew: 109248K->21824K(109248K)
[2019-08-15T17:00:00.306-0300][4,006s] GC(18) CMS: 35223K->37410K(393216K)
[2019-08-15T17:00:00.306-0300][4,006s] GC(18) Metaspace: 48063K->48063K(1093632K)
[2019-08-15T17:00:00.306-0300][4,006s] GC(18) Pause Young (Allocation Failure) 141M->57M(490M) 12,743ms
[2019-08-15T17:00:00.306-0300][4,006s] GC(18) User=0,05s Sys=0,00s Real=0,02s
[2019-08-15T17:00:00.358-0300][4,058s] GC(19) Pause Young (Allocation Failure)
[2019-08-15T17:00:00.358-0300][4,058s] GC(19) Using 4 workers of 4 for evacuation
[2019-08-15T17:00:00.381-0300][4,081s] GC(19) ParNew: 109248K->21824K(109248K)
[2019-08-15T17:00:00.381-0300][4,081s] GC(19) CMS: 37410K->54857K(393216K)
[2019-08-15T17:00:00.381-0300][4,081s] GC(19) Metaspace: 48140K->48140K(1093632K)
[2019-08-15T17:00:00.381-0300][4,081s] GC(19) Pause Young (Allocation Failure) 143M->74M(490M) 23,412ms
[2019-08-15T17:00:00.381-0300][4,081s] GC(19) User=0,13s Sys=0,01s Real=0,02s
[2019-08-15T17:00:00.518-0300][4,218s] GC(20) Pause Young (Allocation Failure)
[2019-08-15T17:00:00.518-0300][4,218s] GC(20) Using 4 workers of 4 for evacuation
[2019-08-15T17:00:00.546-0300][4,246s] GC(20) ParNew: 109248K->21824K(109248K)
[2019-08-15T17:00:00.546-0300][4,246s] GC(20) CMS: 54857K->68604K(393216K)
[2019-08-15T17:00:00.546-0300][4,246s] GC(20) Metaspace: 48360K->48360K(1093632K)
[2019-08-15T17:00:00.546-0300][4,246s] GC(20) Pause Young (Allocation Failure) 160M->88M(490M) 27,575ms
[2019-08-15T17:00:00.546-0300][4,246s] GC(20) User=0,13s Sys=0,02s Real=0,02s
[2019-08-15T18:37:59.071-0300][5882,771s] GC(21) Pause Young (Allocation Failure)
[2019-08-15T18:37:59.071-0300][5882,771s] GC(21) Using 4 workers of 4 for evacuation
[2019-08-15T18:37:59.110-0300][5882,810s] GC(21) ParNew: 109248K->21824K(109248K)
[2019-08-15T18:37:59.110-0300][5882,810s] GC(21) CMS: 68604K->73697K(393216K)
[2019-08-15T18:37:59.110-0300][5882,810s] GC(21) Metaspace: 48971K->48971K(1093632K)
[2019-08-15T18:37:59.110-0300][5882,810s] GC(21) Pause Young (Allocation Failure) 173M->93M(490M) 39,441ms
[2019-08-15T18:37:59.110-0300][5882,810s] GC(21) User=0,15s Sys=0,01s Real=0,04s
[2019-08-15T20:36:59.956-0300][13023,656s] GC(22) Pause Young (Allocation Failure)
[2019-08-15T20:36:59.956-0300][13023,656s] GC(22) Using 4 workers of 4 for evacuation
[2019-08-15T20:36:59.982-0300][13023,682s] GC(22) ParNew: 109248K->21824K(109248K)
[2019-08-15T20:36:59.982-0300][13023,682s] GC(22) CMS: 73697K->75333K(393216K)
[2019-08-15T20:36:59.982-0300][13023,682s] GC(22) Metaspace: 49045K->49045K(1093632K)
[2019-08-15T20:36:59.982-0300][13023,682s] GC(22) Pause Young (Allocation Failure) 178M->94M(490M) 26,056ms
[2019-08-15T20:36:59.982-0300][13023,682s] GC(22) User=0,10s Sys=0,01s Real=0,02s
