[2019-08-16T10:02:51.291-0300][0.004s] Using Concurrent Mark Sweep
[2019-08-16T10:02:51.291-0300][0.004s] Heap address: 0x00000000e0000000, size: 512 MB, Compressed Oops mode: 32-bit
[2019-08-16T10:02:52.328-0300][1,041s] GC(0) Pause Young (Allocation Failure)
[2019-08-16T10:02:52.328-0300][1,042s] GC(0) Using 4 workers of 4 for evacuation
[2019-08-16T10:02:52.335-0300][1,048s] GC(0) ParNew: 87424K->9547K(109248K)
[2019-08-16T10:02:52.335-0300][1,048s] GC(0) CMS: 0K->0K(393216K)
[2019-08-16T10:02:52.335-0300][1,048s] GC(0) Metaspace: 22279K->22279K(1069056K)
[2019-08-16T10:02:52.335-0300][1,048s] GC(0) Pause Young (Allocation Failure) 85M->9M(490M) 6,822ms
[2019-08-16T10:02:52.335-0300][1,048s] GC(0) User=0,02s Sys=0,00s Real=0,01s
[2019-08-16T10:02:52.335-0300][1,048s] GC(1) Pause Initial Mark
[2019-08-16T10:02:52.337-0300][1,050s] GC(1) Pause Initial Mark 10M->10M(490M) 1,378ms
[2019-08-16T10:02:52.337-0300][1,050s] GC(1) User=0,01s Sys=0,00s Real=0,00s
[2019-08-16T10:02:52.337-0300][1,050s] GC(1) Concurrent Mark
[2019-08-16T10:02:52.340-0300][1,053s] GC(1) Using 4 workers of 4 for marking
[2019-08-16T10:02:52.348-0300][1,061s] GC(1) Concurrent Mark 11,506ms
[2019-08-16T10:02:52.348-0300][1,061s] GC(1) User=0,00s Sys=0,00s Real=0,01s
[2019-08-16T10:02:52.349-0300][1,062s] GC(1) Concurrent Preclean
[2019-08-16T10:02:52.350-0300][1,063s] GC(1) Concurrent Preclean 0,831ms
[2019-08-16T10:02:52.350-0300][1,063s] GC(1) User=0,01s Sys=0,00s Real=0,00s
[2019-08-16T10:02:52.350-0300][1,063s] GC(1) Concurrent Abortable Preclean
[2019-08-16T10:02:52.667-0300][1,380s] GC(1) Concurrent Abortable Preclean 317,432ms
[2019-08-16T10:02:52.667-0300][1,381s] GC(1) User=1,03s Sys=0,05s Real=0,32s
[2019-08-16T10:02:52.667-0300][1,381s] GC(1) Pause Remark
[2019-08-16T10:02:52.667-0300][1,381s] GC(2) Pause Young (CMS Final Remark)
[2019-08-16T10:02:52.667-0300][1,381s] GC(2) Using 4 workers of 4 for evacuation
[2019-08-16T10:02:52.683-0300][1,396s] GC(2) ParNew: 53659K->13855K(109248K)
[2019-08-16T10:02:52.683-0300][1,396s] GC(2) CMS: 0K->0K(393216K)
[2019-08-16T10:02:52.683-0300][1,396s] GC(2) Metaspace: 26124K->26124K(1073152K)
[2019-08-16T10:02:52.683-0300][1,396s] GC(2) Pause Young (CMS Final Remark) 52M->13M(490M) 15,281ms
[2019-08-16T10:02:52.683-0300][1,396s] GC(2) User=0,04s Sys=0,00s Real=0,02s
[2019-08-16T10:02:52.689-0300][1,402s] GC(1) Pause Remark 52M->13M(490M) 21,644ms
[2019-08-16T10:02:52.689-0300][1,402s] GC(1) User=0,05s Sys=0,00s Real=0,02s
[2019-08-16T10:02:52.689-0300][1,402s] GC(1) Concurrent Sweep
[2019-08-16T10:02:52.689-0300][1,402s] GC(1) Concurrent Sweep 0,027ms
[2019-08-16T10:02:52.689-0300][1,402s] GC(1) User=0,00s Sys=0,00s Real=0,00s
[2019-08-16T10:02:52.689-0300][1,402s] GC(1) Concurrent Reset
[2019-08-16T10:02:52.693-0300][1,407s] GC(1) Concurrent Reset 4,113ms
[2019-08-16T10:02:52.693-0300][1,407s] GC(1) User=0,01s Sys=0,01s Real=0,01s
[2019-08-16T10:02:52.693-0300][1,407s] GC(1) Old: 0K->0K(393216K)
[2019-08-16T10:02:53.440-0300][2,153s] GC(3) Pause Young (GCLocker Initiated GC)
[2019-08-16T10:02:53.440-0300][2,153s] GC(3) Using 4 workers of 4 for evacuation
[2019-08-16T10:02:53.447-0300][2,160s] GC(3) ParNew: 101280K->18872K(109248K)
[2019-08-16T10:02:53.447-0300][2,160s] GC(3) CMS: 0K->0K(393216K)
[2019-08-16T10:02:53.447-0300][2,160s] GC(3) Metaspace: 33620K->33620K(1079296K)
[2019-08-16T10:02:53.447-0300][2,160s] GC(3) Pause Young (GCLocker Initiated GC) 98M->18M(490M) 7,209ms
[2019-08-16T10:02:53.447-0300][2,160s] GC(3) User=0,02s Sys=0,00s Real=0,00s
[2019-08-16T10:02:53.731-0300][2,444s] GC(4) Pause Young (Allocation Failure)
[2019-08-16T10:02:53.731-0300][2,444s] GC(4) Using 4 workers of 4 for evacuation
[2019-08-16T10:02:53.741-0300][2,455s] GC(4) ParNew: 106284K->17791K(109248K)
[2019-08-16T10:02:53.741-0300][2,455s] GC(4) CMS: 0K->0K(393216K)
[2019-08-16T10:02:53.741-0300][2,455s] GC(4) Metaspace: 36973K->36973K(1083392K)
[2019-08-16T10:02:53.741-0300][2,455s] GC(4) Pause Young (Allocation Failure) 103M->17M(490M) 10,681ms
[2019-08-16T10:02:53.741-0300][2,455s] GC(4) User=0,06s Sys=0,01s Real=0,02s
[2019-08-16T10:02:53.961-0300][2,674s] GC(5) Pause Young (Allocation Failure)
[2019-08-16T10:02:53.961-0300][2,674s] GC(5) Using 4 workers of 4 for evacuation
[2019-08-16T10:02:54.006-0300][2,719s] GC(5) ParNew: 105215K->21824K(109248K)
[2019-08-16T10:02:54.006-0300][2,719s] GC(5) CMS: 0K->618K(393216K)
[2019-08-16T10:02:54.006-0300][2,719s] GC(5) Metaspace: 37761K->37761K(1083392K)
[2019-08-16T10:02:54.006-0300][2,719s] GC(5) Pause Young (Allocation Failure) 102M->21M(490M) 45,225ms
[2019-08-16T10:02:54.006-0300][2,719s] GC(5) User=0,10s Sys=0,00s Real=0,04s
[2019-08-16T10:02:54.112-0300][2,825s] GC(6) Pause Young (Allocation Failure)
[2019-08-16T10:02:54.112-0300][2,825s] GC(6) Using 4 workers of 4 for evacuation
[2019-08-16T10:02:54.140-0300][2,854s] GC(6) ParNew: 109248K->21824K(109248K)
[2019-08-16T10:02:54.140-0300][2,854s] GC(6) CMS: 618K->1198K(393216K)
[2019-08-16T10:02:54.140-0300][2,854s] GC(6) Metaspace: 37907K->37907K(1083392K)
[2019-08-16T10:02:54.140-0300][2,854s] GC(6) Pause Young (Allocation Failure) 107M->22M(490M) 28,536ms
[2019-08-16T10:02:54.140-0300][2,854s] GC(6) User=0,08s Sys=0,01s Real=0,03s
[2019-08-16T10:02:54.210-0300][2,923s] GC(7) Pause Young (Allocation Failure)
[2019-08-16T10:02:54.210-0300][2,923s] GC(7) Using 4 workers of 4 for evacuation
[2019-08-16T10:02:54.220-0300][2,933s] GC(7) ParNew: 109248K->21824K(109248K)
[2019-08-16T10:02:54.220-0300][2,933s] GC(7) CMS: 1198K->1282K(393216K)
[2019-08-16T10:02:54.220-0300][2,933s] GC(7) Metaspace: 37963K->37963K(1083392K)
[2019-08-16T10:02:54.220-0300][2,933s] GC(7) Pause Young (Allocation Failure) 107M->22M(490M) 10,539ms
[2019-08-16T10:02:54.220-0300][2,933s] GC(7) User=0,06s Sys=0,00s Real=0,02s
[2019-08-16T10:02:54.300-0300][3,013s] GC(8) Pause Young (Allocation Failure)
[2019-08-16T10:02:54.300-0300][3,013s] GC(8) Using 4 workers of 4 for evacuation
[2019-08-16T10:02:54.312-0300][3,025s] GC(8) ParNew: 109248K->21824K(109248K)
[2019-08-16T10:02:54.312-0300][3,025s] GC(8) CMS: 1282K->1873K(393216K)
[2019-08-16T10:02:54.312-0300][3,025s] GC(8) Metaspace: 38156K->38156K(1083392K)
[2019-08-16T10:02:54.312-0300][3,025s] GC(8) Pause Young (Allocation Failure) 107M->23M(490M) 12,307ms
[2019-08-16T10:02:54.312-0300][3,025s] GC(8) User=0,03s Sys=0,00s Real=0,01s
[2019-08-16T10:02:54.563-0300][3,277s] GC(9) Pause Young (Allocation Failure)
[2019-08-16T10:02:54.563-0300][3,277s] GC(9) Using 4 workers of 4 for evacuation
[2019-08-16T10:02:54.580-0300][3,293s] GC(9) ParNew: 109248K->21824K(109248K)
[2019-08-16T10:02:54.580-0300][3,293s] GC(9) CMS: 1873K->10613K(393216K)
[2019-08-16T10:02:54.580-0300][3,293s] GC(9) Metaspace: 39543K->39543K(1085440K)
[2019-08-16T10:02:54.580-0300][3,293s] GC(9) Pause Young (Allocation Failure) 108M->31M(490M) 16,575ms
[2019-08-16T10:02:54.580-0300][3,293s] GC(9) User=0,06s Sys=0,01s Real=0,02s
[2019-08-16T10:02:55.016-0300][3,729s] GC(10) Pause Young (Allocation Failure)
[2019-08-16T10:02:55.016-0300][3,729s] GC(10) Using 4 workers of 4 for evacuation
[2019-08-16T10:02:55.037-0300][3,751s] GC(10) ParNew: 109248K->17902K(109248K)
[2019-08-16T10:02:55.037-0300][3,751s] GC(10) CMS: 10613K->11923K(393216K)
[2019-08-16T10:02:55.037-0300][3,751s] GC(10) Metaspace: 40832K->40832K(1087488K)
[2019-08-16T10:02:55.037-0300][3,751s] GC(10) Pause Young (Allocation Failure) 117M->29M(490M) 21,309ms
[2019-08-16T10:02:55.037-0300][3,751s] GC(10) User=0,05s Sys=0,00s Real=0,02s
[2019-08-16T10:02:55.412-0300][4,125s] GC(11) Pause Young (Allocation Failure)
[2019-08-16T10:02:55.412-0300][4,125s] GC(11) Using 4 workers of 4 for evacuation
[2019-08-16T10:02:55.422-0300][4,135s] GC(11) ParNew: 105326K->10635K(109248K)
[2019-08-16T10:02:55.422-0300][4,135s] GC(11) CMS: 11923K->15200K(393216K)
[2019-08-16T10:02:55.422-0300][4,135s] GC(11) Metaspace: 43558K->43558K(1089536K)
[2019-08-16T10:02:55.422-0300][4,135s] GC(11) Pause Young (Allocation Failure) 114M->25M(490M) 9,888ms
[2019-08-16T10:02:55.422-0300][4,135s] GC(11) User=0,04s Sys=0,00s Real=0,01s
[2019-08-16T10:02:55.818-0300][4,532s] GC(12) Pause Young (Allocation Failure)
[2019-08-16T10:02:55.818-0300][4,532s] GC(12) Using 4 workers of 4 for evacuation
[2019-08-16T10:02:55.847-0300][4,560s] GC(12) ParNew: 98059K->21824K(109248K)
[2019-08-16T10:02:55.847-0300][4,560s] GC(12) CMS: 15200K->28699K(393216K)
[2019-08-16T10:02:55.847-0300][4,560s] GC(12) Metaspace: 47192K->47192K(1091584K)
[2019-08-16T10:02:55.847-0300][4,560s] GC(12) Pause Young (Allocation Failure) 110M->49M(490M) 28,502ms
[2019-08-16T10:02:55.847-0300][4,560s] GC(12) User=0,15s Sys=0,00s Real=0,03s
[2019-08-16T10:02:55.847-0300][4,560s] GC(13) Pause Initial Mark
[2019-08-16T10:02:55.852-0300][4,565s] GC(13) Pause Initial Mark 50M->50M(490M) 4,563ms
[2019-08-16T10:02:55.852-0300][4,565s] GC(13) User=0,03s Sys=0,00s Real=0,01s
[2019-08-16T10:02:55.852-0300][4,565s] GC(13) Concurrent Mark
[2019-08-16T10:02:55.852-0300][4,565s] GC(13) Using 4 workers of 4 for marking
[2019-08-16T10:02:55.904-0300][4,617s] GC(13) Concurrent Mark 51,809ms
[2019-08-16T10:02:55.904-0300][4,617s] GC(13) User=0,28s Sys=0,00s Real=0,05s
[2019-08-16T10:02:55.904-0300][4,617s] GC(13) Concurrent Preclean
[2019-08-16T10:02:55.905-0300][4,618s] GC(13) Concurrent Preclean 1,381ms
[2019-08-16T10:02:55.905-0300][4,618s] GC(13) User=0,00s Sys=0,00s Real=0,00s
[2019-08-16T10:02:55.905-0300][4,618s] GC(13) Concurrent Abortable Preclean
[2019-08-16T10:02:56.026-0300][4,739s] GC(14) Pause Young (Allocation Failure)
[2019-08-16T10:02:56.026-0300][4,739s] GC(14) Using 4 workers of 4 for evacuation
[2019-08-16T10:02:56.045-0300][4,758s] GC(14) ParNew: 109248K->21824K(109248K)
[2019-08-16T10:02:56.045-0300][4,758s] GC(14) CMS: 28699K->33482K(393216K)
[2019-08-16T10:02:56.045-0300][4,758s] GC(14) Metaspace: 47914K->47914K(1093632K)
[2019-08-16T10:02:56.045-0300][4,758s] GC(14) Pause Young (Allocation Failure) 134M->54M(490M) 18,959ms
[2019-08-16T10:02:56.045-0300][4,758s] GC(14) User=0,09s Sys=0,00s Real=0,02s
[2019-08-16T10:02:56.073-0300][4,786s] GC(15) Pause Young (Allocation Failure)
[2019-08-16T10:02:56.073-0300][4,786s] GC(15) Using 4 workers of 4 for evacuation
[2019-08-16T10:02:56.088-0300][4,801s] GC(15) ParNew: 109248K->21824K(109248K)
[2019-08-16T10:02:56.088-0300][4,801s] GC(15) CMS: 33482K->37675K(393216K)
[2019-08-16T10:02:56.088-0300][4,801s] GC(15) Metaspace: 47919K->47919K(1093632K)
[2019-08-16T10:02:56.088-0300][4,801s] GC(15) Pause Young (Allocation Failure) 139M->58M(490M) 15,053ms
[2019-08-16T10:02:56.088-0300][4,801s] GC(15) User=0,07s Sys=0,00s Real=0,01s
[2019-08-16T10:02:56.102-0300][4,816s] GC(13) Concurrent Abortable Preclean 197,287ms
[2019-08-16T10:02:56.102-0300][4,816s] GC(13) User=1,07s Sys=0,02s Real=0,20s
[2019-08-16T10:02:56.103-0300][4,816s] GC(13) Pause Remark
[2019-08-16T10:02:56.103-0300][4,816s] GC(16) Pause Young (CMS Final Remark)
[2019-08-16T10:02:56.103-0300][4,816s] GC(16) Using 4 workers of 4 for evacuation
[2019-08-16T10:02:56.115-0300][4,828s] GC(16) ParNew: 52178K->21824K(109248K)
[2019-08-16T10:02:56.115-0300][4,828s] GC(16) CMS: 37675K->37740K(393216K)
[2019-08-16T10:02:56.115-0300][4,828s] GC(16) Metaspace: 47926K->47926K(1093632K)
[2019-08-16T10:02:56.115-0300][4,828s] GC(16) Pause Young (CMS Final Remark) 87M->58M(490M) 12,468ms
[2019-08-16T10:02:56.115-0300][4,828s] GC(16) User=0,07s Sys=0,00s Real=0,01s
[2019-08-16T10:02:56.133-0300][4,847s] GC(13) Pause Remark 87M->58M(490M) 30,844ms
[2019-08-16T10:02:56.133-0300][4,847s] GC(13) User=0,10s Sys=0,00s Real=0,03s
[2019-08-16T10:02:56.134-0300][4,847s] GC(13) Concurrent Sweep
[2019-08-16T10:02:56.150-0300][4,864s] GC(13) Concurrent Sweep 16,671ms
[2019-08-16T10:02:56.150-0300][4,864s] GC(13) User=0,09s Sys=0,01s Real=0,01s
[2019-08-16T10:02:56.150-0300][4,864s] GC(13) Concurrent Reset
[2019-08-16T10:02:56.151-0300][4,864s] GC(13) Concurrent Reset 0,337ms
[2019-08-16T10:02:56.151-0300][4,864s] GC(13) User=0,00s Sys=0,00s Real=0,00s
[2019-08-16T10:02:56.151-0300][4,864s] GC(13) Old: 28699K->37145K(393216K)
[2019-08-16T10:02:56.212-0300][4,925s] GC(17) Pause Young (Allocation Failure)
[2019-08-16T10:02:56.212-0300][4,925s] GC(17) Using 4 workers of 4 for evacuation
[2019-08-16T10:02:56.248-0300][4,962s] GC(17) ParNew: 109248K->21824K(109248K)
[2019-08-16T10:02:56.248-0300][4,962s] GC(17) CMS: 37145K->40022K(393216K)
[2019-08-16T10:02:56.248-0300][4,962s] GC(17) Metaspace: 47945K->47945K(1093632K)
[2019-08-16T10:02:56.249-0300][4,962s] GC(17) Pause Young (Allocation Failure) 142M->60M(490M) 36,398ms
[2019-08-16T10:02:56.249-0300][4,962s] GC(17) User=0,15s Sys=0,00s Real=0,03s
[2019-08-16T10:02:56.419-0300][5,132s] GC(18) Pause Young (Allocation Failure)
[2019-08-16T10:02:56.419-0300][5,132s] GC(18) Using 4 workers of 4 for evacuation
[2019-08-16T10:02:56.456-0300][5,169s] GC(18) ParNew: 109248K->21824K(109248K)
[2019-08-16T10:02:56.456-0300][5,169s] GC(18) CMS: 40022K->43032K(393216K)
[2019-08-16T10:02:56.456-0300][5,169s] GC(18) Metaspace: 48075K->48075K(1093632K)
[2019-08-16T10:02:56.456-0300][5,169s] GC(18) Pause Young (Allocation Failure) 145M->63M(490M) 37,209ms
[2019-08-16T10:02:56.456-0300][5,169s] GC(18) User=0,12s Sys=0,00s Real=0,04s
[2019-08-16T10:03:19.516-0300][28,229s] Heap
[2019-08-16T10:03:19.516-0300][28,229s]  par new generation   total 109248K, used 109174K [0x00000000e0000000, 0x00000000e8000000, 0x00000000e8000000)
[2019-08-16T10:03:19.516-0300][28,229s]   eden space 87424K,  99% used [0x00000000e0000000, 0x00000000e554da70, 0x00000000e5560000)
[2019-08-16T10:03:19.516-0300][28,229s]   from space 21824K, 100% used [0x00000000e6ab0000, 0x00000000e8000000, 0x00000000e8000000)
[2019-08-16T10:03:19.516-0300][28,229s]   to   space 21824K,   0% used [0x00000000e5560000, 0x00000000e5560000, 0x00000000e6ab0000)
[2019-08-16T10:03:19.516-0300][28,229s]  concurrent mark-sweep generation total 393216K, used 43032K [0x00000000e8000000, 0x0000000100000000, 0x0000000100000000)
[2019-08-16T10:03:19.516-0300][28,229s]  Metaspace       used 48710K, capacity 50135K, committed 50196K, reserved 1093632K
[2019-08-16T10:03:19.516-0300][28,229s]   class space    used 5547K, capacity 6072K, committed 6116K, reserved 1048576K
